
> a2sv-ecommerce-backend@1.0.0 test
> jest --coverage --verbose --no-coverage

[0mPOST /api/v1/auth/register [32m201[0m 142.140 ms - 539[0m
[0mPOST /api/v1/auth/register [32m201[0m 168.437 ms - 534[0m
[0mPOST /api/v1/auth/register [32m201[0m 89.518 ms - 541[0m
[0mPOST /api/v1/auth/register [32m201[0m 84.302 ms - 534[0m
[0mPOST /api/v1/auth/login [32m200[0m 140.368 ms - 529[0m
  console.log
    No file found in request for field: productImage

      at saveFileToBody (src/helpers/multer.helper.ts:115:13)

[0mPOST /api/v1/products [32m201[0m 56.288 ms - 372[0m
[0mPOST /api/v1/auth/register [32m201[0m 155.924 ms - 534[0m
[0mPOST /api/v1/auth/register [32m201[0m 79.701 ms - 534[0m
  console.log
    No file found in request for field: productImage

      at saveFileToBody (src/helpers/multer.helper.ts:115:13)

[0mPOST /api/v1/products [32m201[0m 10.947 ms - 345[0m
[0mPOST /api/v1/products [33m401[0m 1.166 ms - 73[0m
[0mPOST /api/v1/products [33m403[0m 1.944 ms - 81[0m
  console.log
    No file found in request for field: productImage

      at saveFileToBody (src/helpers/multer.helper.ts:115:13)

[0mPOST /api/v1/products [33m400[0m 6.831 ms - 85[0m
  console.log
    No file found in request for field: productImage

      at saveFileToBody (src/helpers/multer.helper.ts:115:13)

[0mPOST /api/v1/products [33m400[0m 2.983 ms - 107[0m
  console.log
    No file found in request for field: productImage

      at saveFileToBody (src/helpers/multer.helper.ts:115:13)

[0mPOST /api/v1/products [33m400[0m 3.119 ms - 109[0m
  console.log
    Filtering file: {
      mimetype: 'image/png',
      fieldname: 'productImage',
      originalname: 'test-image.png'
    }

      at fileFilter (src/helpers/multer.helper.ts:66:11)

[0mPOST /api/v1/auth/login [32m200[0m 77.150 ms - 529[0m
  console.log
    req: <ref *2> IncomingMessage {
      _events: {
        close: undefined,
        error: undefined,
        data: [Function: ondata],
        end: [Function: bound onceWrapper] { listener: [Function: onend] },
        readable: undefined
      },
      _readableState: ReadableState {
        highWaterMark: 16384,
        buffer: [],
        bufferIndex: 0,
        length: 0,
        pipes: [ [Multipart] ],
        awaitDrainWriters: null,
        [Symbol(kState)]: 194521356
      },
      _maxListeners: undefined,
      socket: <ref *1> Socket {
        connecting: false,
        _hadError: false,
        _parent: null,
        _host: null,
        _closeAfterHandlingError: false,
        _events: {
          close: [Array],
          error: [Array],
          prefinish: undefined,
          finish: undefined,
          drain: [Function: bound socketOnDrain],
          data: [Function: bound socketOnData],
          end: [Array],
          readable: undefined,
          timeout: [Function: socketOnTimeout],
          resume: [Function: onSocketResume],
          pause: [Function: onSocketPause]
        },
        _readableState: ReadableState {
          highWaterMark: 16384,
          buffer: [],
          bufferIndex: 0,
          length: 0,
          pipes: [],
          awaitDrainWriters: null,
          [Symbol(kState)]: 193997060
        },
        _writableState: WritableState {
          highWaterMark: 16384,
          length: 0,
          corked: 0,
          onwrite: [Function: bound onwrite],
          writelen: 0,
          bufferedIndex: 0,
          pendingcb: 0,
          [Symbol(kState)]: 17564420,
          [Symbol(kBufferedValue)]: null
        },
        allowHalfOpen: true,
        _maxListeners: undefined,
        _eventsCount: 8,
        _sockname: null,
        _pendingData: null,
        _pendingEncoding: '',
        server: Server {
          maxHeaderSize: undefined,
          insecureHTTPParser: undefined,
          requestTimeout: 300000,
          headersTimeout: 60000,
          keepAliveTimeout: 5000,
          connectionsCheckingInterval: 30000,
          requireHostHeader: true,
          joinDuplicateHeaders: undefined,
          rejectNonStandardBodyWrites: false,
          _events: [Object: null prototype],
          _eventsCount: 3,
          _maxListeners: undefined,
          _connections: 1,
          _handle: [TCP],
          _usingWorkers: false,
          _workers: [],
          _unref: false,
          _listeningId: 2,
          allowHalfOpen: true,
          pauseOnConnect: false,
          noDelay: true,
          keepAlive: false,
          keepAliveInitialDelay: 0,
          highWaterMark: 16384,
          httpAllowHalfOpen: false,
          timeout: 0,
          maxHeadersCount: null,
          maxRequestsPerSocket: 0,
          _connectionKey: '6::::0',
          [Symbol(IncomingMessage)]: [Function: IncomingMessage],
          [Symbol(ServerResponse)]: [Function: ServerResponse],
          [Symbol(shapeMode)]: false,
          [Symbol(kCapture)]: false,
          [Symbol(async_id_symbol)]: 852,
          [Symbol(kUniqueHeaders)]: null,
          [Symbol(http.server.connections)]: ConnectionsList {},
          [Symbol(http.server.connectionsCheckingInterval)]: Timeout {
            _idleTimeout: 30000,
            _idlePrev: [TimersList],
            _idleNext: [Timeout],
            _idleStart: 6530,
            _onTimeout: [Function: bound checkConnections],
            _timerArgs: undefined,
            _repeat: 30000,
            _destroyed: false,
            [Symbol(refed)]: false,
            [Symbol(kHasPrimitive)]: false,
            [Symbol(asyncId)]: 861,
            [Symbol(triggerId)]: 853
          }
        },
        _server: Server {
          maxHeaderSize: undefined,
          insecureHTTPParser: undefined,
          requestTimeout: 300000,
          headersTimeout: 60000,
          keepAliveTimeout: 5000,
          connectionsCheckingInterval: 30000,
          requireHostHeader: true,
          joinDuplicateHeaders: undefined,
          rejectNonStandardBodyWrites: false,
          _events: [Object: null prototype],
          _eventsCount: 3,
          _maxListeners: undefined,
          _connections: 1,
          _handle: [TCP],
          _usingWorkers: false,
          _workers: [],
          _unref: false,
          _listeningId: 2,
          allowHalfOpen: true,
          pauseOnConnect: false,
          noDelay: true,
          keepAlive: false,
          keepAliveInitialDelay: 0,
          highWaterMark: 16384,
          httpAllowHalfOpen: false,
          timeout: 0,
          maxHeadersCount: null,
          maxRequestsPerSocket: 0,
          _connectionKey: '6::::0',
          [Symbol(IncomingMessage)]: [Function: IncomingMessage],
          [Symbol(ServerResponse)]: [Function: ServerResponse],
          [Symbol(shapeMode)]: false,
          [Symbol(kCapture)]: false,
          [Symbol(async_id_symbol)]: 852,
          [Symbol(kUniqueHeaders)]: null,
          [Symbol(http.server.connections)]: ConnectionsList {},
          [Symbol(http.server.connectionsCheckingInterval)]: Timeout {
            _idleTimeout: 30000,
            _idlePrev: [TimersList],
            _idleNext: [Timeout],
            _idleStart: 6530,
            _onTimeout: [Function: bound checkConnections],
            _timerArgs: undefined,
            _repeat: 30000,
            _destroyed: false,
            [Symbol(refed)]: false,
            [Symbol(kHasPrimitive)]: false,
            [Symbol(asyncId)]: 861,
            [Symbol(triggerId)]: 853
          }
        },
        parser: HTTPParser {
          '0': null,
          '1': [Function: parserOnHeaders],
          '2': [Function: parserOnHeadersComplete],
          '3': [Function: parserOnBody],
          '4': [Function: parserOnMessageComplete],
          '5': [Function: bound onParserExecute],
          '6': [Function: bound onParserTimeout],
          _headers: [],
          _url: '',
          socket: [Circular *1],
          incoming: [Circular *2],
          outgoing: null,
          maxHeaderPairs: 2000,
          _consumed: true,
          onIncoming: [Function: bound parserOnIncoming],
          joinDuplicateHeaders: null,
          [Symbol(resource_symbol)]: [HTTPServerAsyncResource]
        },
        on: [Function: socketListenerWrap],
        addListener: [Function: socketListenerWrap],
        prependListener: [Function: socketListenerWrap],
        setEncoding: [Function: socketSetEncoding],
        _paused: false,
        _httpMessage: ServerResponse {
          _events: [Object: null prototype],
          _eventsCount: 2,
          _maxListeners: undefined,
          outputData: [],
          outputSize: 0,
          writable: true,
          destroyed: false,
          _last: false,
          chunkedEncoding: false,
          shouldKeepAlive: false,
          maxRequestsOnConnectionReached: false,
          _defaultKeepAlive: true,
          useChunkedEncodingByDefault: true,
          sendDate: true,
          _removedConnection: false,
          _removedContLen: false,
          _removedTE: false,
          strictContentLength: false,
          _contentLength: null,
          _hasBody: true,
          _trailer: '',
          finished: false,
          _headerSent: false,
          _closed: false,
          socket: [Circular *1],
          _header: null,
          _keepAliveTimeout: 5000,
          _onPendingData: [Function: bound updateOutgoingData],
          req: [Circular *2],
          _sent100: false,
          _expect_continue: false,
          _maxRequestsPerSocket: 0,
          locals: [Object: null prototype] {},
          _startAt: undefined,
          _startTime: undefined,
          writeHead: [Function: writeHead],
          __onFinished: [Function],
          flush: [Function: flush],
          write: [Function: write],
          end: [Function: end],
          on: [Function: on],
          [Symbol(shapeMode)]: false,
          [Symbol(kCapture)]: false,
          [Symbol(kBytesWritten)]: 0,
          [Symbol(kNeedDrain)]: false,
          [Symbol(corked)]: 0,
          [Symbol(kOutHeaders)]: [Object: null prototype],
          [Symbol(errored)]: null,
          [Symbol(kHighWaterMark)]: 16384,
          [Symbol(kRejectNonStandardBodyWrites)]: false,
          [Symbol(kUniqueHeaders)]: null
        },
        _peername: { address: '::ffff:127.0.0.1', family: 'IPv6', port: 50644 },
        [Symbol(async_id_symbol)]: 873,
        [Symbol(kHandle)]: TCP {
          reading: true,
          onconnection: null,
          _consumed: true,
          [Symbol(owner_symbol)]: [Circular *1]
        },
        [Symbol(lastWriteQueueSize)]: 0,
        [Symbol(timeout)]: null,
        [Symbol(kBuffer)]: null,
        [Symbol(kBufferCb)]: null,
        [Symbol(kBufferGen)]: null,
        [Symbol(shapeMode)]: true,
        [Symbol(kCapture)]: false,
        [Symbol(kSetNoDelay)]: true,
        [Symbol(kSetKeepAlive)]: false,
        [Symbol(kSetKeepAliveInitialDelay)]: 0,
        [Symbol(kBytesRead)]: 0,
        [Symbol(kBytesWritten)]: 0
      },
      httpVersionMajor: 1,
      httpVersionMinor: 1,
      httpVersion: '1.1',
      complete: false,
      rawHeaders: [
        'Host',
        '127.0.0.1:50643',
        'Accept-Encoding',
        'gzip, deflate',
        'Authorization',
        'Bearer eyJhbGciOiJIUzI1NiIsInR5cCI6IkpXVCJ9.eyJ1c2VySWQiOiI2OTEzM2Y3OWZmMGZjMTQwOTI3Mjg0ZDMiLCJ1c2VybmFtZSI6ImFkbWludXNlciIsImVtYWlsIjoiYWRtaW5AdGVzdC5jb20iLCJyb2xlIjoiYWRtaW4iLCJpYXQiOjE3NjI4NjkxMTQsImV4cCI6MTc2MzQ3MzkxNH0.QoNuCVHxcWWKERqMeqJO-t2RKaOGwh-QWL313057jtQ',
        'content-type',
        'multipart/form-data; boundary=--------------------------ca2d5e52e85e14ce410da5cc',
        'Content-Length',
        '879',
        'Connection',
        'close'
      ],
      rawTrailers: [],
      joinDuplicateHeaders: null,
      aborted: false,
      upgrade: false,
      url: '/',
      method: 'POST',
      statusCode: null,
      statusMessage: null,
      client: <ref *1> Socket {
        connecting: false,
        _hadError: false,
        _parent: null,
        _host: null,
        _closeAfterHandlingError: false,
        _events: {
          close: [Array],
          error: [Array],
          prefinish: undefined,
          finish: undefined,
          drain: [Function: bound socketOnDrain],
          data: [Function: bound socketOnData],
          end: [Array],
          readable: undefined,
          timeout: [Function: socketOnTimeout],
          resume: [Function: onSocketResume],
          pause: [Function: onSocketPause]
        },
        _readableState: ReadableState {
          highWaterMark: 16384,
          buffer: [],
          bufferIndex: 0,
          length: 0,
          pipes: [],
          awaitDrainWriters: null,
          [Symbol(kState)]: 193997060
        },
        _writableState: WritableState {
          highWaterMark: 16384,
          length: 0,
          corked: 0,
          onwrite: [Function: bound onwrite],
          writelen: 0,
          bufferedIndex: 0,
          pendingcb: 0,
          [Symbol(kState)]: 17564420,
          [Symbol(kBufferedValue)]: null
        },
        allowHalfOpen: true,
        _maxListeners: undefined,
        _eventsCount: 8,
        _sockname: null,
        _pendingData: null,
        _pendingEncoding: '',
        server: Server {
          maxHeaderSize: undefined,
          insecureHTTPParser: undefined,
          requestTimeout: 300000,
          headersTimeout: 60000,
          keepAliveTimeout: 5000,
          connectionsCheckingInterval: 30000,
          requireHostHeader: true,
          joinDuplicateHeaders: undefined,
          rejectNonStandardBodyWrites: false,
          _events: [Object: null prototype],
          _eventsCount: 3,
          _maxListeners: undefined,
          _connections: 1,
          _handle: [TCP],
          _usingWorkers: false,
          _workers: [],
          _unref: false,
          _listeningId: 2,
          allowHalfOpen: true,
          pauseOnConnect: false,
          noDelay: true,
          keepAlive: false,
          keepAliveInitialDelay: 0,
          highWaterMark: 16384,
          httpAllowHalfOpen: false,
          timeout: 0,
          maxHeadersCount: null,
          maxRequestsPerSocket: 0,
          _connectionKey: '6::::0',
          [Symbol(IncomingMessage)]: [Function: IncomingMessage],
          [Symbol(ServerResponse)]: [Function: ServerResponse],
          [Symbol(shapeMode)]: false,
          [Symbol(kCapture)]: false,
          [Symbol(async_id_symbol)]: 852,
          [Symbol(kUniqueHeaders)]: null,
          [Symbol(http.server.connections)]: ConnectionsList {},
          [Symbol(http.server.connectionsCheckingInterval)]: Timeout {
            _idleTimeout: 30000,
            _idlePrev: [TimersList],
            _idleNext: [Timeout],
            _idleStart: 6530,
            _onTimeout: [Function: bound checkConnections],
            _timerArgs: undefined,
            _repeat: 30000,
            _destroyed: false,
            [Symbol(refed)]: false,
            [Symbol(kHasPrimitive)]: false,
            [Symbol(asyncId)]: 861,
            [Symbol(triggerId)]: 853
          }
        },
        _server: Server {
          maxHeaderSize: undefined,
          insecureHTTPParser: undefined,
          requestTimeout: 300000,
          headersTimeout: 60000,
          keepAliveTimeout: 5000,
          connectionsCheckingInterval: 30000,
          requireHostHeader: true,
          joinDuplicateHeaders: undefined,
          rejectNonStandardBodyWrites: false,
          _events: [Object: null prototype],
          _eventsCount: 3,
          _maxListeners: undefined,
          _connections: 1,
          _handle: [TCP],
          _usingWorkers: false,
          _workers: [],
          _unref: false,
          _listeningId: 2,
          allowHalfOpen: true,
          pauseOnConnect: false,
          noDelay: true,
          keepAlive: false,
          keepAliveInitialDelay: 0,
          highWaterMark: 16384,
          httpAllowHalfOpen: false,
          timeout: 0,
          maxHeadersCount: null,
          maxRequestsPerSocket: 0,
          _connectionKey: '6::::0',
          [Symbol(IncomingMessage)]: [Function: IncomingMessage],
          [Symbol(ServerResponse)]: [Function: ServerResponse],
          [Symbol(shapeMode)]: false,
          [Symbol(kCapture)]: false,
          [Symbol(async_id_symbol)]: 852,
          [Symbol(kUniqueHeaders)]: null,
          [Symbol(http.server.connections)]: ConnectionsList {},
          [Symbol(http.server.connectionsCheckingInterval)]: Timeout {
            _idleTimeout: 30000,
            _idlePrev: [TimersList],
            _idleNext: [Timeout],
            _idleStart: 6530,
            _onTimeout: [Function: bound checkConnections],
            _timerArgs: undefined,
            _repeat: 30000,
            _destroyed: false,
            [Symbol(refed)]: false,
            [Symbol(kHasPrimitive)]: false,
            [Symbol(asyncId)]: 861,
            [Symbol(triggerId)]: 853
          }
        },
        parser: HTTPParser {
          '0': null,
          '1': [Function: parserOnHeaders],
          '2': [Function: parserOnHeadersComplete],
          '3': [Function: parserOnBody],
          '4': [Function: parserOnMessageComplete],
          '5': [Function: bound onParserExecute],
          '6': [Function: bound onParserTimeout],
          _headers: [],
          _url: '',
          socket: [Circular *1],
          incoming: [Circular *2],
          outgoing: null,
          maxHeaderPairs: 2000,
          _consumed: true,
          onIncoming: [Function: bound parserOnIncoming],
          joinDuplicateHeaders: null,
          [Symbol(resource_symbol)]: [HTTPServerAsyncResource]
        },
        on: [Function: socketListenerWrap],
        addListener: [Function: socketListenerWrap],
        prependListener: [Function: socketListenerWrap],
        setEncoding: [Function: socketSetEncoding],
        _paused: false,
        _httpMessage: ServerResponse {
          _events: [Object: null prototype],
          _eventsCount: 2,
          _maxListeners: undefined,
          outputData: [],
          outputSize: 0,
          writable: true,
          destroyed: false,
          _last: false,
          chunkedEncoding: false,
          shouldKeepAlive: false,
          maxRequestsOnConnectionReached: false,
          _defaultKeepAlive: true,
          useChunkedEncodingByDefault: true,
          sendDate: true,
          _removedConnection: false,
          _removedContLen: false,
          _removedTE: false,
          strictContentLength: false,
          _contentLength: null,
          _hasBody: true,
          _trailer: '',
          finished: false,
          _headerSent: false,
          _closed: false,
          socket: [Circular *1],
          _header: null,
          _keepAliveTimeout: 5000,
          _onPendingData: [Function: bound updateOutgoingData],
          req: [Circular *2],
          _sent100: false,
          _expect_continue: false,
          _maxRequestsPerSocket: 0,
          locals: [Object: null prototype] {},
          _startAt: undefined,
          _startTime: undefined,
          writeHead: [Function: writeHead],
          __onFinished: [Function],
          flush: [Function: flush],
          write: [Function: write],
          end: [Function: end],
          on: [Function: on],
          [Symbol(shapeMode)]: false,
          [Symbol(kCapture)]: false,
          [Symbol(kBytesWritten)]: 0,
          [Symbol(kNeedDrain)]: false,
          [Symbol(corked)]: 0,
          [Symbol(kOutHeaders)]: [Object: null prototype],
          [Symbol(errored)]: null,
          [Symbol(kHighWaterMark)]: 16384,
          [Symbol(kRejectNonStandardBodyWrites)]: false,
          [Symbol(kUniqueHeaders)]: null
        },
        _peername: { address: '::ffff:127.0.0.1', family: 'IPv6', port: 50644 },
        [Symbol(async_id_symbol)]: 873,
        [Symbol(kHandle)]: TCP {
          reading: true,
          onconnection: null,
          _consumed: true,
          [Symbol(owner_symbol)]: [Circular *1]
        },
        [Symbol(lastWriteQueueSize)]: 0,
        [Symbol(timeout)]: null,
        [Symbol(kBuffer)]: null,
        [Symbol(kBufferCb)]: null,
        [Symbol(kBufferGen)]: null,
        [Symbol(shapeMode)]: true,
        [Symbol(kCapture)]: false,
        [Symbol(kSetNoDelay)]: true,
        [Symbol(kSetKeepAlive)]: false,
        [Symbol(kSetKeepAliveInitialDelay)]: 0,
        [Symbol(kBytesRead)]: 0,
        [Symbol(kBytesWritten)]: 0
      },
      _consuming: true,
      _dumped: false,
      next: [Function: next],
      baseUrl: '/api/v1/products',
      originalUrl: '/api/v1/products',
      _parsedUrl: Url {
        protocol: null,
        slashes: null,
        auth: null,
        host: null,
        port: null,
        hostname: null,
        hash: null,
        search: null,
        query: null,
        pathname: '/',
        path: '/',
        href: '/',
        _raw: '/'
      },
      params: {},
      query: {},
      res: <ref *3> ServerResponse {
        _events: [Object: null prototype] {
          finish: [Array],
          end: [Function: onevent]
        },
        _eventsCount: 2,
        _maxListeners: undefined,
        outputData: [],
        outputSize: 0,
        writable: true,
        destroyed: false,
        _last: false,
        chunkedEncoding: false,
        shouldKeepAlive: false,
        maxRequestsOnConnectionReached: false,
        _defaultKeepAlive: true,
        useChunkedEncodingByDefault: true,
        sendDate: true,
        _removedConnection: false,
        _removedContLen: false,
        _removedTE: false,
        strictContentLength: false,
        _contentLength: null,
        _hasBody: true,
        _trailer: '',
        finished: false,
        _headerSent: false,
        _closed: false,
        socket: <ref *1> Socket {
          connecting: false,
          _hadError: false,
          _parent: null,
          _host: null,
          _closeAfterHandlingError: false,
          _events: [Object],
          _readableState: [ReadableState],
          _writableState: [WritableState],
          allowHalfOpen: true,
          _maxListeners: undefined,
          _eventsCount: 8,
          _sockname: null,
          _pendingData: null,
          _pendingEncoding: '',
          server: [Server],
          _server: [Server],
          parser: [HTTPParser],
          on: [Function: socketListenerWrap],
          addListener: [Function: socketListenerWrap],
          prependListener: [Function: socketListenerWrap],
          setEncoding: [Function: socketSetEncoding],
          _paused: false,
          _httpMessage: [Circular *3],
          _peername: [Object],
          [Symbol(async_id_symbol)]: 873,
          [Symbol(kHandle)]: [TCP],
          [Symbol(lastWriteQueueSize)]: 0,
          [Symbol(timeout)]: null,
          [Symbol(kBuffer)]: null,
          [Symbol(kBufferCb)]: null,
          [Symbol(kBufferGen)]: null,
          [Symbol(shapeMode)]: true,
          [Symbol(kCapture)]: false,
          [Symbol(kSetNoDelay)]: true,
          [Symbol(kSetKeepAlive)]: false,
          [Symbol(kSetKeepAliveInitialDelay)]: 0,
          [Symbol(kBytesRead)]: 0,
          [Symbol(kBytesWritten)]: 0
        },
        _header: null,
        _keepAliveTimeout: 5000,
        _onPendingData: [Function: bound updateOutgoingData],
        req: [Circular *2],
        _sent100: false,
        _expect_continue: false,
        _maxRequestsPerSocket: 0,
        locals: [Object: null prototype] {},
        _startAt: undefined,
        _startTime: undefined,
        writeHead: [Function: writeHead],
        __onFinished: [Function: listener] { queue: [Array] },
        flush: [Function: flush],
        write: [Function: write],
        end: [Function: end],
        on: [Function: on],
        [Symbol(shapeMode)]: false,
        [Symbol(kCapture)]: false,
        [Symbol(kBytesWritten)]: 0,
        [Symbol(kNeedDrain)]: false,
        [Symbol(corked)]: 0,
        [Symbol(kOutHeaders)]: [Object: null prototype] {
          'content-security-policy': [Array],
          'cross-origin-opener-policy': [Array],
          'cross-origin-resource-policy': [Array],
          'origin-agent-cluster': [Array],
          'referrer-policy': [Array],
          'strict-transport-security': [Array],
          'x-content-type-options': [Array],
          'x-dns-prefetch-control': [Array],
          'x-download-options': [Array],
          'x-frame-options': [Array],
          'x-permitted-cross-domain-policies': [Array],
          'x-xss-protection': [Array],
          'access-control-allow-origin': [Array],
          'access-control-allow-credentials': [Array]
        },
        [Symbol(errored)]: null,
        [Symbol(kHighWaterMark)]: 16384,
        [Symbol(kRejectNonStandardBodyWrites)]: false,
        [Symbol(kUniqueHeaders)]: null
      },
      _startAt: [ 89025, 857127300 ],
      _startTime: 2025-11-11T13:51:54.315Z,
      _remoteAddress: '::ffff:127.0.0.1',
      body: [Object: null prototype] {
        name: 'Product with Image',
        description: 'This product has an image',
        price: '149.99',
        stock: '25',
        category: 'Electronics'
      },
      route: Route {
        path: '/',
        stack: [ [Layer], [Layer], [Layer], [Layer], [Layer], [Layer] ],
        methods: { post: true }
      },
      user: {
        userId: '69133f79ff0fc140927284d3',
        username: 'adminuser',
        email: 'admin@test.com',
        role: 'admin'
      },
      _eventsCount: 2,
      [Symbol(shapeMode)]: true,
      [Symbol(kCapture)]: false,
      [Symbol(kHeaders)]: {
        host: '127.0.0.1:50643',
        'accept-encoding': 'gzip, deflate',
        authorization: 'Bearer eyJhbGciOiJIUzI1NiIsInR5cCI6IkpXVCJ9.eyJ1c2VySWQiOiI2OTEzM2Y3OWZmMGZjMTQwOTI3Mjg0ZDMiLCJ1c2VybmFtZSI6ImFkbWludXNlciIsImVtYWlsIjoiYWRtaW5AdGVzdC5jb20iLCJyb2xlIjoiYWRtaW4iLCJpYXQiOjE3NjI4NjkxMTQsImV4cCI6MTc2MzQ3MzkxNH0.QoNuCVHxcWWKERqMeqJO-t2RKaOGwh-QWL313057jtQ',
        'content-type': 'multipart/form-data; boundary=--------------------------ca2d5e52e85e14ce410da5cc',
        'content-length': '879',
        connection: 'close'
      },
      [Symbol(kHeadersCount)]: 12,
      [Symbol(kTrailers)]: null,
      [Symbol(kTrailersCount)]: 0
    }

      at fileFilter (src/helpers/multer.helper.ts:71:11)

[0mPOST /api/v1/auth/register [32m201[0m 86.532 ms - 543[0m
[0mPOST /api/v1/auth/register [32m201[0m 93.189 ms - 534[0m
  console.log
    File accepted: test-image.png

      at fileFilter (src/helpers/multer.helper.ts:74:13)

  console.log
    req: <ref *2> IncomingMessage {
      _events: {
        close: undefined,
        error: undefined,
        data: [Function: ondata],
        end: [Function: bound onceWrapper] { listener: [Function: onend] },
        readable: undefined
      },
      _readableState: ReadableState {
        highWaterMark: 16384,
        buffer: [],
        bufferIndex: 0,
        length: 0,
        pipes: [ [Multipart] ],
        awaitDrainWriters: null,
        [Symbol(kState)]: 194521356
      },
      _maxListeners: undefined,
      socket: <ref *1> Socket {
        connecting: false,
        _hadError: false,
        _parent: null,
        _host: null,
        _closeAfterHandlingError: false,
        _events: {
          close: [Array],
          error: [Array],
          prefinish: undefined,
          finish: undefined,
          drain: [Function: bound socketOnDrain],
          data: [Function: bound socketOnData],
          end: [Array],
          readable: undefined,
          timeout: [Function: socketOnTimeout],
          resume: [Function: onSocketResume],
          pause: [Function: onSocketPause]
        },
        _readableState: ReadableState {
          highWaterMark: 16384,
          buffer: [],
          bufferIndex: 0,
          length: 0,
          pipes: [],
          awaitDrainWriters: null,
          [Symbol(kState)]: 193997060
        },
        _writableState: WritableState {
          highWaterMark: 16384,
          length: 0,
          corked: 0,
          onwrite: [Function: bound onwrite],
          writelen: 0,
          bufferedIndex: 0,
          pendingcb: 0,
          [Symbol(kState)]: 17564420,
          [Symbol(kBufferedValue)]: null
        },
        allowHalfOpen: true,
        _maxListeners: undefined,
        _eventsCount: 8,
        _sockname: null,
        _pendingData: null,
        _pendingEncoding: '',
        server: Server {
          maxHeaderSize: undefined,
          insecureHTTPParser: undefined,
          requestTimeout: 300000,
          headersTimeout: 60000,
          keepAliveTimeout: 5000,
          connectionsCheckingInterval: 30000,
          requireHostHeader: true,
          joinDuplicateHeaders: undefined,
          rejectNonStandardBodyWrites: false,
          _events: [Object: null prototype],
          _eventsCount: 3,
          _maxListeners: undefined,
          _connections: 1,
          _handle: [TCP],
          _usingWorkers: false,
          _workers: [],
          _unref: false,
          _listeningId: 2,
          allowHalfOpen: true,
          pauseOnConnect: false,
          noDelay: true,
          keepAlive: false,
          keepAliveInitialDelay: 0,
          highWaterMark: 16384,
          httpAllowHalfOpen: false,
          timeout: 0,
          maxHeadersCount: null,
          maxRequestsPerSocket: 0,
          _connectionKey: '6::::0',
          [Symbol(IncomingMessage)]: [Function: IncomingMessage],
          [Symbol(ServerResponse)]: [Function: ServerResponse],
          [Symbol(shapeMode)]: false,
          [Symbol(kCapture)]: false,
          [Symbol(async_id_symbol)]: 852,
          [Symbol(kUniqueHeaders)]: null,
          [Symbol(http.server.connections)]: ConnectionsList {},
          [Symbol(http.server.connectionsCheckingInterval)]: Timeout {
            _idleTimeout: 30000,
            _idlePrev: [TimersList],
            _idleNext: [Timeout],
            _idleStart: 6530,
            _onTimeout: [Function: bound checkConnections],
            _timerArgs: undefined,
            _repeat: 30000,
            _destroyed: false,
            [Symbol(refed)]: false,
            [Symbol(kHasPrimitive)]: false,
            [Symbol(asyncId)]: 861,
            [Symbol(triggerId)]: 853
          }
        },
        _server: Server {
          maxHeaderSize: undefined,
          insecureHTTPParser: undefined,
          requestTimeout: 300000,
          headersTimeout: 60000,
          keepAliveTimeout: 5000,
          connectionsCheckingInterval: 30000,
          requireHostHeader: true,
          joinDuplicateHeaders: undefined,
          rejectNonStandardBodyWrites: false,
          _events: [Object: null prototype],
          _eventsCount: 3,
          _maxListeners: undefined,
          _connections: 1,
          _handle: [TCP],
          _usingWorkers: false,
          _workers: [],
          _unref: false,
          _listeningId: 2,
          allowHalfOpen: true,
          pauseOnConnect: false,
          noDelay: true,
          keepAlive: false,
          keepAliveInitialDelay: 0,
          highWaterMark: 16384,
          httpAllowHalfOpen: false,
          timeout: 0,
          maxHeadersCount: null,
          maxRequestsPerSocket: 0,
          _connectionKey: '6::::0',
          [Symbol(IncomingMessage)]: [Function: IncomingMessage],
          [Symbol(ServerResponse)]: [Function: ServerResponse],
          [Symbol(shapeMode)]: false,
          [Symbol(kCapture)]: false,
          [Symbol(async_id_symbol)]: 852,
          [Symbol(kUniqueHeaders)]: null,
          [Symbol(http.server.connections)]: ConnectionsList {},
          [Symbol(http.server.connectionsCheckingInterval)]: Timeout {
            _idleTimeout: 30000,
            _idlePrev: [TimersList],
            _idleNext: [Timeout],
            _idleStart: 6530,
            _onTimeout: [Function: bound checkConnections],
            _timerArgs: undefined,
            _repeat: 30000,
            _destroyed: false,
            [Symbol(refed)]: false,
            [Symbol(kHasPrimitive)]: false,
            [Symbol(asyncId)]: 861,
            [Symbol(triggerId)]: 853
          }
        },
        parser: HTTPParser {
          '0': null,
          '1': [Function: parserOnHeaders],
          '2': [Function: parserOnHeadersComplete],
          '3': [Function: parserOnBody],
          '4': [Function: parserOnMessageComplete],
          '5': [Function: bound onParserExecute],
          '6': [Function: bound onParserTimeout],
          _headers: [],
          _url: '',
          socket: [Circular *1],
          incoming: [Circular *2],
          outgoing: null,
          maxHeaderPairs: 2000,
          _consumed: true,
          onIncoming: [Function: bound parserOnIncoming],
          joinDuplicateHeaders: null,
          [Symbol(resource_symbol)]: [HTTPServerAsyncResource]
        },
        on: [Function: socketListenerWrap],
        addListener: [Function: socketListenerWrap],
        prependListener: [Function: socketListenerWrap],
        setEncoding: [Function: socketSetEncoding],
        _paused: false,
        _httpMessage: ServerResponse {
          _events: [Object: null prototype],
          _eventsCount: 2,
          _maxListeners: undefined,
          outputData: [],
          outputSize: 0,
          writable: true,
          destroyed: false,
          _last: false,
          chunkedEncoding: false,
          shouldKeepAlive: false,
          maxRequestsOnConnectionReached: false,
          _defaultKeepAlive: true,
          useChunkedEncodingByDefault: true,
          sendDate: true,
          _removedConnection: false,
          _removedContLen: false,
          _removedTE: false,
          strictContentLength: false,
          _contentLength: null,
          _hasBody: true,
          _trailer: '',
          finished: false,
          _headerSent: false,
          _closed: false,
          socket: [Circular *1],
          _header: null,
          _keepAliveTimeout: 5000,
          _onPendingData: [Function: bound updateOutgoingData],
          req: [Circular *2],
          _sent100: false,
          _expect_continue: false,
          _maxRequestsPerSocket: 0,
          locals: [Object: null prototype] {},
          _startAt: undefined,
          _startTime: undefined,
          writeHead: [Function: writeHead],
          __onFinished: [Function],
          flush: [Function: flush],
          write: [Function: write],
          end: [Function: end],
          on: [Function: on],
          [Symbol(shapeMode)]: false,
          [Symbol(kCapture)]: false,
          [Symbol(kBytesWritten)]: 0,
          [Symbol(kNeedDrain)]: false,
          [Symbol(corked)]: 0,
          [Symbol(kOutHeaders)]: [Object: null prototype],
          [Symbol(errored)]: null,
          [Symbol(kHighWaterMark)]: 16384,
          [Symbol(kRejectNonStandardBodyWrites)]: false,
          [Symbol(kUniqueHeaders)]: null
        },
        _peername: { address: '::ffff:127.0.0.1', family: 'IPv6', port: 50644 },
        [Symbol(async_id_symbol)]: 873,
        [Symbol(kHandle)]: TCP {
          reading: true,
          onconnection: null,
          _consumed: true,
          [Symbol(owner_symbol)]: [Circular *1]
        },
        [Symbol(lastWriteQueueSize)]: 0,
        [Symbol(timeout)]: null,
        [Symbol(kBuffer)]: null,
        [Symbol(kBufferCb)]: null,
        [Symbol(kBufferGen)]: null,
        [Symbol(shapeMode)]: true,
        [Symbol(kCapture)]: false,
        [Symbol(kSetNoDelay)]: true,
        [Symbol(kSetKeepAlive)]: false,
        [Symbol(kSetKeepAliveInitialDelay)]: 0,
        [Symbol(kBytesRead)]: 0,
        [Symbol(kBytesWritten)]: 0
      },
      httpVersionMajor: 1,
      httpVersionMinor: 1,
      httpVersion: '1.1',
      complete: false,
      rawHeaders: [
        'Host',
        '127.0.0.1:50643',
        'Accept-Encoding',
        'gzip, deflate',
        'Authorization',
        'Bearer eyJhbGciOiJIUzI1NiIsInR5cCI6IkpXVCJ9.eyJ1c2VySWQiOiI2OTEzM2Y3OWZmMGZjMTQwOTI3Mjg0ZDMiLCJ1c2VybmFtZSI6ImFkbWludXNlciIsImVtYWlsIjoiYWRtaW5AdGVzdC5jb20iLCJyb2xlIjoiYWRtaW4iLCJpYXQiOjE3NjI4NjkxMTQsImV4cCI6MTc2MzQ3MzkxNH0.QoNuCVHxcWWKERqMeqJO-t2RKaOGwh-QWL313057jtQ',
        'content-type',
        'multipart/form-data; boundary=--------------------------ca2d5e52e85e14ce410da5cc',
        'Content-Length',
        '879',
        'Connection',
        'close'
      ],
      rawTrailers: [],
      joinDuplicateHeaders: null,
      aborted: false,
      upgrade: false,
      url: '/',
      method: 'POST',
      statusCode: null,
      statusMessage: null,
      client: <ref *1> Socket {
        connecting: false,
        _hadError: false,
        _parent: null,
        _host: null,
        _closeAfterHandlingError: false,
        _events: {
          close: [Array],
          error: [Array],
          prefinish: undefined,
          finish: undefined,
          drain: [Function: bound socketOnDrain],
          data: [Function: bound socketOnData],
          end: [Array],
          readable: undefined,
          timeout: [Function: socketOnTimeout],
          resume: [Function: onSocketResume],
          pause: [Function: onSocketPause]
        },
        _readableState: ReadableState {
          highWaterMark: 16384,
          buffer: [],
          bufferIndex: 0,
          length: 0,
          pipes: [],
          awaitDrainWriters: null,
          [Symbol(kState)]: 193997060
        },
        _writableState: WritableState {
          highWaterMark: 16384,
          length: 0,
          corked: 0,
          onwrite: [Function: bound onwrite],
          writelen: 0,
          bufferedIndex: 0,
          pendingcb: 0,
          [Symbol(kState)]: 17564420,
          [Symbol(kBufferedValue)]: null
        },
        allowHalfOpen: true,
        _maxListeners: undefined,
        _eventsCount: 8,
        _sockname: null,
        _pendingData: null,
        _pendingEncoding: '',
        server: Server {
          maxHeaderSize: undefined,
          insecureHTTPParser: undefined,
          requestTimeout: 300000,
          headersTimeout: 60000,
          keepAliveTimeout: 5000,
          connectionsCheckingInterval: 30000,
          requireHostHeader: true,
          joinDuplicateHeaders: undefined,
          rejectNonStandardBodyWrites: false,
          _events: [Object: null prototype],
          _eventsCount: 3,
          _maxListeners: undefined,
          _connections: 1,
          _handle: [TCP],
          _usingWorkers: false,
          _workers: [],
          _unref: false,
          _listeningId: 2,
          allowHalfOpen: true,
          pauseOnConnect: false,
          noDelay: true,
          keepAlive: false,
          keepAliveInitialDelay: 0,
          highWaterMark: 16384,
          httpAllowHalfOpen: false,
          timeout: 0,
          maxHeadersCount: null,
          maxRequestsPerSocket: 0,
          _connectionKey: '6::::0',
          [Symbol(IncomingMessage)]: [Function: IncomingMessage],
          [Symbol(ServerResponse)]: [Function: ServerResponse],
          [Symbol(shapeMode)]: false,
          [Symbol(kCapture)]: false,
          [Symbol(async_id_symbol)]: 852,
          [Symbol(kUniqueHeaders)]: null,
          [Symbol(http.server.connections)]: ConnectionsList {},
          [Symbol(http.server.connectionsCheckingInterval)]: Timeout {
            _idleTimeout: 30000,
            _idlePrev: [TimersList],
            _idleNext: [Timeout],
            _idleStart: 6530,
            _onTimeout: [Function: bound checkConnections],
            _timerArgs: undefined,
            _repeat: 30000,
            _destroyed: false,
            [Symbol(refed)]: false,
            [Symbol(kHasPrimitive)]: false,
            [Symbol(asyncId)]: 861,
            [Symbol(triggerId)]: 853
          }
        },
        _server: Server {
          maxHeaderSize: undefined,
          insecureHTTPParser: undefined,
          requestTimeout: 300000,
          headersTimeout: 60000,
          keepAliveTimeout: 5000,
          connectionsCheckingInterval: 30000,
          requireHostHeader: true,
          joinDuplicateHeaders: undefined,
          rejectNonStandardBodyWrites: false,
          _events: [Object: null prototype],
          _eventsCount: 3,
          _maxListeners: undefined,
          _connections: 1,
          _handle: [TCP],
          _usingWorkers: false,
          _workers: [],
          _unref: false,
          _listeningId: 2,
          allowHalfOpen: true,
          pauseOnConnect: false,
          noDelay: true,
          keepAlive: false,
          keepAliveInitialDelay: 0,
          highWaterMark: 16384,
          httpAllowHalfOpen: false,
          timeout: 0,
          maxHeadersCount: null,
          maxRequestsPerSocket: 0,
          _connectionKey: '6::::0',
          [Symbol(IncomingMessage)]: [Function: IncomingMessage],
          [Symbol(ServerResponse)]: [Function: ServerResponse],
          [Symbol(shapeMode)]: false,
          [Symbol(kCapture)]: false,
          [Symbol(async_id_symbol)]: 852,
          [Symbol(kUniqueHeaders)]: null,
          [Symbol(http.server.connections)]: ConnectionsList {},
          [Symbol(http.server.connectionsCheckingInterval)]: Timeout {
            _idleTimeout: 30000,
            _idlePrev: [TimersList],
            _idleNext: [Timeout],
            _idleStart: 6530,
            _onTimeout: [Function: bound checkConnections],
            _timerArgs: undefined,
            _repeat: 30000,
            _destroyed: false,
            [Symbol(refed)]: false,
            [Symbol(kHasPrimitive)]: false,
            [Symbol(asyncId)]: 861,
            [Symbol(triggerId)]: 853
          }
        },
        parser: HTTPParser {
          '0': null,
          '1': [Function: parserOnHeaders],
          '2': [Function: parserOnHeadersComplete],
          '3': [Function: parserOnBody],
          '4': [Function: parserOnMessageComplete],
          '5': [Function: bound onParserExecute],
          '6': [Function: bound onParserTimeout],
          _headers: [],
          _url: '',
          socket: [Circular *1],
          incoming: [Circular *2],
          outgoing: null,
          maxHeaderPairs: 2000,
          _consumed: true,
          onIncoming: [Function: bound parserOnIncoming],
          joinDuplicateHeaders: null,
          [Symbol(resource_symbol)]: [HTTPServerAsyncResource]
        },
        on: [Function: socketListenerWrap],
        addListener: [Function: socketListenerWrap],
        prependListener: [Function: socketListenerWrap],
        setEncoding: [Function: socketSetEncoding],
        _paused: false,
        _httpMessage: ServerResponse {
          _events: [Object: null prototype],
          _eventsCount: 2,
          _maxListeners: undefined,
          outputData: [],
          outputSize: 0,
          writable: true,
          destroyed: false,
          _last: false,
          chunkedEncoding: false,
          shouldKeepAlive: false,
          maxRequestsOnConnectionReached: false,
          _defaultKeepAlive: true,
          useChunkedEncodingByDefault: true,
          sendDate: true,
          _removedConnection: false,
          _removedContLen: false,
          _removedTE: false,
          strictContentLength: false,
          _contentLength: null,
          _hasBody: true,
          _trailer: '',
          finished: false,
          _headerSent: false,
          _closed: false,
          socket: [Circular *1],
          _header: null,
          _keepAliveTimeout: 5000,
          _onPendingData: [Function: bound updateOutgoingData],
          req: [Circular *2],
          _sent100: false,
          _expect_continue: false,
          _maxRequestsPerSocket: 0,
          locals: [Object: null prototype] {},
          _startAt: undefined,
          _startTime: undefined,
          writeHead: [Function: writeHead],
          __onFinished: [Function],
          flush: [Function: flush],
          write: [Function: write],
          end: [Function: end],
          on: [Function: on],
          [Symbol(shapeMode)]: false,
          [Symbol(kCapture)]: false,
          [Symbol(kBytesWritten)]: 0,
          [Symbol(kNeedDrain)]: false,
          [Symbol(corked)]: 0,
          [Symbol(kOutHeaders)]: [Object: null prototype],
          [Symbol(errored)]: null,
          [Symbol(kHighWaterMark)]: 16384,
          [Symbol(kRejectNonStandardBodyWrites)]: false,
          [Symbol(kUniqueHeaders)]: null
        },
        _peername: { address: '::ffff:127.0.0.1', family: 'IPv6', port: 50644 },
        [Symbol(async_id_symbol)]: 873,
        [Symbol(kHandle)]: TCP {
          reading: true,
          onconnection: null,
          _consumed: true,
          [Symbol(owner_symbol)]: [Circular *1]
        },
        [Symbol(lastWriteQueueSize)]: 0,
        [Symbol(timeout)]: null,
        [Symbol(kBuffer)]: null,
        [Symbol(kBufferCb)]: null,
        [Symbol(kBufferGen)]: null,
        [Symbol(shapeMode)]: true,
        [Symbol(kCapture)]: false,
        [Symbol(kSetNoDelay)]: true,
        [Symbol(kSetKeepAlive)]: false,
        [Symbol(kSetKeepAliveInitialDelay)]: 0,
        [Symbol(kBytesRead)]: 0,
        [Symbol(kBytesWritten)]: 0
      },
      _consuming: true,
      _dumped: false,
      next: [Function: next],
      baseUrl: '/api/v1/products',
      originalUrl: '/api/v1/products',
      _parsedUrl: Url {
        protocol: null,
        slashes: null,
        auth: null,
        host: null,
        port: null,
        hostname: null,
        hash: null,
        search: null,
        query: null,
        pathname: '/',
        path: '/',
        href: '/',
        _raw: '/'
      },
      params: {},
      query: {},
      res: <ref *3> ServerResponse {
        _events: [Object: null prototype] {
          finish: [Array],
          end: [Function: onevent]
        },
        _eventsCount: 2,
        _maxListeners: undefined,
        outputData: [],
        outputSize: 0,
        writable: true,
        destroyed: false,
        _last: false,
        chunkedEncoding: false,
        shouldKeepAlive: false,
        maxRequestsOnConnectionReached: false,
        _defaultKeepAlive: true,
        useChunkedEncodingByDefault: true,
        sendDate: true,
        _removedConnection: false,
        _removedContLen: false,
        _removedTE: false,
        strictContentLength: false,
        _contentLength: null,
        _hasBody: true,
        _trailer: '',
        finished: false,
        _headerSent: false,
        _closed: false,
        socket: <ref *1> Socket {
          connecting: false,
          _hadError: false,
          _parent: null,
          _host: null,
          _closeAfterHandlingError: false,
          _events: [Object],
          _readableState: [ReadableState],
          _writableState: [WritableState],
          allowHalfOpen: true,
          _maxListeners: undefined,
          _eventsCount: 8,
          _sockname: null,
          _pendingData: null,
          _pendingEncoding: '',
          server: [Server],
          _server: [Server],
          parser: [HTTPParser],
          on: [Function: socketListenerWrap],
          addListener: [Function: socketListenerWrap],
          prependListener: [Function: socketListenerWrap],
          setEncoding: [Function: socketSetEncoding],
          _paused: false,
          _httpMessage: [Circular *3],
          _peername: [Object],
          [Symbol(async_id_symbol)]: 873,
          [Symbol(kHandle)]: [TCP],
          [Symbol(lastWriteQueueSize)]: 0,
          [Symbol(timeout)]: null,
          [Symbol(kBuffer)]: null,
          [Symbol(kBufferCb)]: null,
          [Symbol(kBufferGen)]: null,
          [Symbol(shapeMode)]: true,
          [Symbol(kCapture)]: false,
          [Symbol(kSetNoDelay)]: true,
          [Symbol(kSetKeepAlive)]: false,
          [Symbol(kSetKeepAliveInitialDelay)]: 0,
          [Symbol(kBytesRead)]: 0,
          [Symbol(kBytesWritten)]: 0
        },
        _header: null,
        _keepAliveTimeout: 5000,
        _onPendingData: [Function: bound updateOutgoingData],
        req: [Circular *2],
        _sent100: false,
        _expect_continue: false,
        _maxRequestsPerSocket: 0,
        locals: [Object: null prototype] {},
        _startAt: undefined,
        _startTime: undefined,
        writeHead: [Function: writeHead],
        __onFinished: [Function: listener] { queue: [Array] },
        flush: [Function: flush],
        write: [Function: write],
        end: [Function: end],
        on: [Function: on],
        [Symbol(shapeMode)]: false,
        [Symbol(kCapture)]: false,
        [Symbol(kBytesWritten)]: 0,
        [Symbol(kNeedDrain)]: false,
        [Symbol(corked)]: 0,
        [Symbol(kOutHeaders)]: [Object: null prototype] {
          'content-security-policy': [Array],
          'cross-origin-opener-policy': [Array],
          'cross-origin-resource-policy': [Array],
          'origin-agent-cluster': [Array],
          'referrer-policy': [Array],
          'strict-transport-security': [Array],
          'x-content-type-options': [Array],
          'x-dns-prefetch-control': [Array],
          'x-download-options': [Array],
          'x-frame-options': [Array],
          'x-permitted-cross-domain-policies': [Array],
          'x-xss-protection': [Array],
          'access-control-allow-origin': [Array],
          'access-control-allow-credentials': [Array]
        },
        [Symbol(errored)]: null,
        [Symbol(kHighWaterMark)]: 16384,
        [Symbol(kRejectNonStandardBodyWrites)]: false,
        [Symbol(kUniqueHeaders)]: null
      },
      _startAt: [ 89025, 857127300 ],
      _startTime: 2025-11-11T13:51:54.315Z,
      _remoteAddress: '::ffff:127.0.0.1',
      body: [Object: null prototype] {
        name: 'Product with Image',
        description: 'This product has an image',
        price: '149.99',
        stock: '25',
        category: 'Electronics'
      },
      route: Route {
        path: '/',
        stack: [ [Layer], [Layer], [Layer], [Layer], [Layer], [Layer] ],
        methods: { post: true }
      },
      user: {
        userId: '69133f79ff0fc140927284d3',
        username: 'adminuser',
        email: 'admin@test.com',
        role: 'admin'
      },
      _eventsCount: 2,
      [Symbol(shapeMode)]: true,
      [Symbol(kCapture)]: false,
      [Symbol(kHeaders)]: {
        host: '127.0.0.1:50643',
        'accept-encoding': 'gzip, deflate',
        authorization: 'Bearer eyJhbGciOiJIUzI1NiIsInR5cCI6IkpXVCJ9.eyJ1c2VySWQiOiI2OTEzM2Y3OWZmMGZjMTQwOTI3Mjg0ZDMiLCJ1c2VybmFtZSI6ImFkbWludXNlciIsImVtYWlsIjoiYWRtaW5AdGVzdC5jb20iLCJyb2xlIjoiYWRtaW4iLCJpYXQiOjE3NjI4NjkxMTQsImV4cCI6MTc2MzQ3MzkxNH0.QoNuCVHxcWWKERqMeqJO-t2RKaOGwh-QWL313057jtQ',
        'content-type': 'multipart/form-data; boundary=--------------------------ca2d5e52e85e14ce410da5cc',
        'content-length': '879',
        connection: 'close'
      },
      [Symbol(kHeadersCount)]: 12,
      [Symbol(kTrailers)]: null,
      [Symbol(kTrailersCount)]: 0
    }

      at DiskStorage.destination [as getDestination] (src/helpers/multer.helper.ts:30:17)

  console.log
    Directory ensured: ./uploads/products/productImage

      at DiskStorage.destination [as getDestination] (src/helpers/multer.helper.ts:31:17)

  console.log
    Processing file: {
      originalname: 'test-image.png',
      mimetype: 'image/png',
      fieldname: 'productImage'
    }

      at DiskStorage.filename [as getFilename] (src/helpers/multer.helper.ts:48:15)

  console.log
    req: <ref *2> IncomingMessage {
      _events: {
        close: undefined,
        error: undefined,
        data: [Function: ondata],
        end: [Function: bound onceWrapper] { listener: [Function: onend] },
        readable: undefined
      },
      _readableState: ReadableState {
        highWaterMark: 16384,
        buffer: [],
        bufferIndex: 0,
        length: 0,
        pipes: [ [Multipart] ],
        awaitDrainWriters: null,
        [Symbol(kState)]: 194521356
      },
      _maxListeners: undefined,
      socket: <ref *1> Socket {
        connecting: false,
        _hadError: false,
        _parent: null,
        _host: null,
        _closeAfterHandlingError: false,
        _events: {
          close: [Array],
          error: [Array],
          prefinish: undefined,
          finish: undefined,
          drain: [Function: bound socketOnDrain],
          data: [Function: bound socketOnData],
          end: [Array],
          readable: undefined,
          timeout: [Function: socketOnTimeout],
          resume: [Function: onSocketResume],
          pause: [Function: onSocketPause]
        },
        _readableState: ReadableState {
          highWaterMark: 16384,
          buffer: [],
          bufferIndex: 0,
          length: 0,
          pipes: [],
          awaitDrainWriters: null,
          [Symbol(kState)]: 193997060
        },
        _writableState: WritableState {
          highWaterMark: 16384,
          length: 0,
          corked: 0,
          onwrite: [Function: bound onwrite],
          writelen: 0,
          bufferedIndex: 0,
          pendingcb: 0,
          [Symbol(kState)]: 17564420,
          [Symbol(kBufferedValue)]: null
        },
        allowHalfOpen: true,
        _maxListeners: undefined,
        _eventsCount: 8,
        _sockname: null,
        _pendingData: null,
        _pendingEncoding: '',
        server: Server {
          maxHeaderSize: undefined,
          insecureHTTPParser: undefined,
          requestTimeout: 300000,
          headersTimeout: 60000,
          keepAliveTimeout: 5000,
          connectionsCheckingInterval: 30000,
          requireHostHeader: true,
          joinDuplicateHeaders: undefined,
          rejectNonStandardBodyWrites: false,
          _events: [Object: null prototype],
          _eventsCount: 3,
          _maxListeners: undefined,
          _connections: 1,
          _handle: [TCP],
          _usingWorkers: false,
          _workers: [],
          _unref: false,
          _listeningId: 2,
          allowHalfOpen: true,
          pauseOnConnect: false,
          noDelay: true,
          keepAlive: false,
          keepAliveInitialDelay: 0,
          highWaterMark: 16384,
          httpAllowHalfOpen: false,
          timeout: 0,
          maxHeadersCount: null,
          maxRequestsPerSocket: 0,
          _connectionKey: '6::::0',
          [Symbol(IncomingMessage)]: [Function: IncomingMessage],
          [Symbol(ServerResponse)]: [Function: ServerResponse],
          [Symbol(shapeMode)]: false,
          [Symbol(kCapture)]: false,
          [Symbol(async_id_symbol)]: 852,
          [Symbol(kUniqueHeaders)]: null,
          [Symbol(http.server.connections)]: ConnectionsList {},
          [Symbol(http.server.connectionsCheckingInterval)]: Timeout {
            _idleTimeout: 30000,
            _idlePrev: [TimersList],
            _idleNext: [Timeout],
            _idleStart: 6530,
            _onTimeout: [Function: bound checkConnections],
            _timerArgs: undefined,
            _repeat: 30000,
            _destroyed: false,
            [Symbol(refed)]: false,
            [Symbol(kHasPrimitive)]: false,
            [Symbol(asyncId)]: 861,
            [Symbol(triggerId)]: 853
          }
        },
        _server: Server {
          maxHeaderSize: undefined,
          insecureHTTPParser: undefined,
          requestTimeout: 300000,
          headersTimeout: 60000,
          keepAliveTimeout: 5000,
          connectionsCheckingInterval: 30000,
          requireHostHeader: true,
          joinDuplicateHeaders: undefined,
          rejectNonStandardBodyWrites: false,
          _events: [Object: null prototype],
          _eventsCount: 3,
          _maxListeners: undefined,
          _connections: 1,
          _handle: [TCP],
          _usingWorkers: false,
          _workers: [],
          _unref: false,
          _listeningId: 2,
          allowHalfOpen: true,
          pauseOnConnect: false,
          noDelay: true,
          keepAlive: false,
          keepAliveInitialDelay: 0,
          highWaterMark: 16384,
          httpAllowHalfOpen: false,
          timeout: 0,
          maxHeadersCount: null,
          maxRequestsPerSocket: 0,
          _connectionKey: '6::::0',
          [Symbol(IncomingMessage)]: [Function: IncomingMessage],
          [Symbol(ServerResponse)]: [Function: ServerResponse],
          [Symbol(shapeMode)]: false,
          [Symbol(kCapture)]: false,
          [Symbol(async_id_symbol)]: 852,
          [Symbol(kUniqueHeaders)]: null,
          [Symbol(http.server.connections)]: ConnectionsList {},
          [Symbol(http.server.connectionsCheckingInterval)]: Timeout {
            _idleTimeout: 30000,
            _idlePrev: [TimersList],
            _idleNext: [Timeout],
            _idleStart: 6530,
            _onTimeout: [Function: bound checkConnections],
            _timerArgs: undefined,
            _repeat: 30000,
            _destroyed: false,
            [Symbol(refed)]: false,
            [Symbol(kHasPrimitive)]: false,
            [Symbol(asyncId)]: 861,
            [Symbol(triggerId)]: 853
          }
        },
        parser: HTTPParser {
          '0': null,
          '1': [Function: parserOnHeaders],
          '2': [Function: parserOnHeadersComplete],
          '3': [Function: parserOnBody],
          '4': [Function: parserOnMessageComplete],
          '5': [Function: bound onParserExecute],
          '6': [Function: bound onParserTimeout],
          _headers: [],
          _url: '',
          socket: [Circular *1],
          incoming: [Circular *2],
          outgoing: null,
          maxHeaderPairs: 2000,
          _consumed: true,
          onIncoming: [Function: bound parserOnIncoming],
          joinDuplicateHeaders: null,
          [Symbol(resource_symbol)]: [HTTPServerAsyncResource]
        },
        on: [Function: socketListenerWrap],
        addListener: [Function: socketListenerWrap],
        prependListener: [Function: socketListenerWrap],
        setEncoding: [Function: socketSetEncoding],
        _paused: false,
        _httpMessage: ServerResponse {
          _events: [Object: null prototype],
          _eventsCount: 2,
          _maxListeners: undefined,
          outputData: [],
          outputSize: 0,
          writable: true,
          destroyed: false,
          _last: false,
          chunkedEncoding: false,
          shouldKeepAlive: false,
          maxRequestsOnConnectionReached: false,
          _defaultKeepAlive: true,
          useChunkedEncodingByDefault: true,
          sendDate: true,
          _removedConnection: false,
          _removedContLen: false,
          _removedTE: false,
          strictContentLength: false,
          _contentLength: null,
          _hasBody: true,
          _trailer: '',
          finished: false,
          _headerSent: false,
          _closed: false,
          socket: [Circular *1],
          _header: null,
          _keepAliveTimeout: 5000,
          _onPendingData: [Function: bound updateOutgoingData],
          req: [Circular *2],
          _sent100: false,
          _expect_continue: false,
          _maxRequestsPerSocket: 0,
          locals: [Object: null prototype] {},
          _startAt: undefined,
          _startTime: undefined,
          writeHead: [Function: writeHead],
          __onFinished: [Function],
          flush: [Function: flush],
          write: [Function: write],
          end: [Function: end],
          on: [Function: on],
          [Symbol(shapeMode)]: false,
          [Symbol(kCapture)]: false,
          [Symbol(kBytesWritten)]: 0,
          [Symbol(kNeedDrain)]: false,
          [Symbol(corked)]: 0,
          [Symbol(kOutHeaders)]: [Object: null prototype],
          [Symbol(errored)]: null,
          [Symbol(kHighWaterMark)]: 16384,
          [Symbol(kRejectNonStandardBodyWrites)]: false,
          [Symbol(kUniqueHeaders)]: null
        },
        _peername: { address: '::ffff:127.0.0.1', family: 'IPv6', port: 50644 },
        [Symbol(async_id_symbol)]: 873,
        [Symbol(kHandle)]: TCP {
          reading: true,
          onconnection: null,
          _consumed: true,
          [Symbol(owner_symbol)]: [Circular *1]
        },
        [Symbol(lastWriteQueueSize)]: 0,
        [Symbol(timeout)]: null,
        [Symbol(kBuffer)]: null,
        [Symbol(kBufferCb)]: null,
        [Symbol(kBufferGen)]: null,
        [Symbol(shapeMode)]: true,
        [Symbol(kCapture)]: false,
        [Symbol(kSetNoDelay)]: true,
        [Symbol(kSetKeepAlive)]: false,
        [Symbol(kSetKeepAliveInitialDelay)]: 0,
        [Symbol(kBytesRead)]: 0,
        [Symbol(kBytesWritten)]: 0
      },
      httpVersionMajor: 1,
      httpVersionMinor: 1,
      httpVersion: '1.1',
      complete: false,
      rawHeaders: [
        'Host',
        '127.0.0.1:50643',
        'Accept-Encoding',
        'gzip, deflate',
        'Authorization',
        'Bearer eyJhbGciOiJIUzI1NiIsInR5cCI6IkpXVCJ9.eyJ1c2VySWQiOiI2OTEzM2Y3OWZmMGZjMTQwOTI3Mjg0ZDMiLCJ1c2VybmFtZSI6ImFkbWludXNlciIsImVtYWlsIjoiYWRtaW5AdGVzdC5jb20iLCJyb2xlIjoiYWRtaW4iLCJpYXQiOjE3NjI4NjkxMTQsImV4cCI6MTc2MzQ3MzkxNH0.QoNuCVHxcWWKERqMeqJO-t2RKaOGwh-QWL313057jtQ',
        'content-type',
        'multipart/form-data; boundary=--------------------------ca2d5e52e85e14ce410da5cc',
        'Content-Length',
        '879',
        'Connection',
        'close'
      ],
      rawTrailers: [],
      joinDuplicateHeaders: null,
      aborted: false,
      upgrade: false,
      url: '/',
      method: 'POST',
      statusCode: null,
      statusMessage: null,
      client: <ref *1> Socket {
        connecting: false,
        _hadError: false,
        _parent: null,
        _host: null,
        _closeAfterHandlingError: false,
        _events: {
          close: [Array],
          error: [Array],
          prefinish: undefined,
          finish: undefined,
          drain: [Function: bound socketOnDrain],
          data: [Function: bound socketOnData],
          end: [Array],
          readable: undefined,
          timeout: [Function: socketOnTimeout],
          resume: [Function: onSocketResume],
          pause: [Function: onSocketPause]
        },
        _readableState: ReadableState {
          highWaterMark: 16384,
          buffer: [],
          bufferIndex: 0,
          length: 0,
          pipes: [],
          awaitDrainWriters: null,
          [Symbol(kState)]: 193997060
        },
        _writableState: WritableState {
          highWaterMark: 16384,
          length: 0,
          corked: 0,
          onwrite: [Function: bound onwrite],
          writelen: 0,
          bufferedIndex: 0,
          pendingcb: 0,
          [Symbol(kState)]: 17564420,
          [Symbol(kBufferedValue)]: null
        },
        allowHalfOpen: true,
        _maxListeners: undefined,
        _eventsCount: 8,
        _sockname: null,
        _pendingData: null,
        _pendingEncoding: '',
        server: Server {
          maxHeaderSize: undefined,
          insecureHTTPParser: undefined,
          requestTimeout: 300000,
          headersTimeout: 60000,
          keepAliveTimeout: 5000,
          connectionsCheckingInterval: 30000,
          requireHostHeader: true,
          joinDuplicateHeaders: undefined,
          rejectNonStandardBodyWrites: false,
          _events: [Object: null prototype],
          _eventsCount: 3,
          _maxListeners: undefined,
          _connections: 1,
          _handle: [TCP],
          _usingWorkers: false,
          _workers: [],
          _unref: false,
          _listeningId: 2,
          allowHalfOpen: true,
          pauseOnConnect: false,
          noDelay: true,
          keepAlive: false,
          keepAliveInitialDelay: 0,
          highWaterMark: 16384,
          httpAllowHalfOpen: false,
          timeout: 0,
          maxHeadersCount: null,
          maxRequestsPerSocket: 0,
          _connectionKey: '6::::0',
          [Symbol(IncomingMessage)]: [Function: IncomingMessage],
          [Symbol(ServerResponse)]: [Function: ServerResponse],
          [Symbol(shapeMode)]: false,
          [Symbol(kCapture)]: false,
          [Symbol(async_id_symbol)]: 852,
          [Symbol(kUniqueHeaders)]: null,
          [Symbol(http.server.connections)]: ConnectionsList {},
          [Symbol(http.server.connectionsCheckingInterval)]: Timeout {
            _idleTimeout: 30000,
            _idlePrev: [TimersList],
            _idleNext: [Timeout],
            _idleStart: 6530,
            _onTimeout: [Function: bound checkConnections],
            _timerArgs: undefined,
            _repeat: 30000,
            _destroyed: false,
            [Symbol(refed)]: false,
            [Symbol(kHasPrimitive)]: false,
            [Symbol(asyncId)]: 861,
            [Symbol(triggerId)]: 853
          }
        },
        _server: Server {
          maxHeaderSize: undefined,
          insecureHTTPParser: undefined,
          requestTimeout: 300000,
          headersTimeout: 60000,
          keepAliveTimeout: 5000,
          connectionsCheckingInterval: 30000,
          requireHostHeader: true,
          joinDuplicateHeaders: undefined,
          rejectNonStandardBodyWrites: false,
          _events: [Object: null prototype],
          _eventsCount: 3,
          _maxListeners: undefined,
          _connections: 1,
          _handle: [TCP],
          _usingWorkers: false,
          _workers: [],
          _unref: false,
          _listeningId: 2,
          allowHalfOpen: true,
          pauseOnConnect: false,
          noDelay: true,
          keepAlive: false,
          keepAliveInitialDelay: 0,
          highWaterMark: 16384,
          httpAllowHalfOpen: false,
          timeout: 0,
          maxHeadersCount: null,
          maxRequestsPerSocket: 0,
          _connectionKey: '6::::0',
          [Symbol(IncomingMessage)]: [Function: IncomingMessage],
          [Symbol(ServerResponse)]: [Function: ServerResponse],
          [Symbol(shapeMode)]: false,
          [Symbol(kCapture)]: false,
          [Symbol(async_id_symbol)]: 852,
          [Symbol(kUniqueHeaders)]: null,
          [Symbol(http.server.connections)]: ConnectionsList {},
          [Symbol(http.server.connectionsCheckingInterval)]: Timeout {
            _idleTimeout: 30000,
            _idlePrev: [TimersList],
            _idleNext: [Timeout],
            _idleStart: 6530,
            _onTimeout: [Function: bound checkConnections],
            _timerArgs: undefined,
            _repeat: 30000,
            _destroyed: false,
            [Symbol(refed)]: false,
            [Symbol(kHasPrimitive)]: false,
            [Symbol(asyncId)]: 861,
            [Symbol(triggerId)]: 853
          }
        },
        parser: HTTPParser {
          '0': null,
          '1': [Function: parserOnHeaders],
          '2': [Function: parserOnHeadersComplete],
          '3': [Function: parserOnBody],
          '4': [Function: parserOnMessageComplete],
          '5': [Function: bound onParserExecute],
          '6': [Function: bound onParserTimeout],
          _headers: [],
          _url: '',
          socket: [Circular *1],
          incoming: [Circular *2],
          outgoing: null,
          maxHeaderPairs: 2000,
          _consumed: true,
          onIncoming: [Function: bound parserOnIncoming],
          joinDuplicateHeaders: null,
          [Symbol(resource_symbol)]: [HTTPServerAsyncResource]
        },
        on: [Function: socketListenerWrap],
        addListener: [Function: socketListenerWrap],
        prependListener: [Function: socketListenerWrap],
        setEncoding: [Function: socketSetEncoding],
        _paused: false,
        _httpMessage: ServerResponse {
          _events: [Object: null prototype],
          _eventsCount: 2,
          _maxListeners: undefined,
          outputData: [],
          outputSize: 0,
          writable: true,
          destroyed: false,
          _last: false,
          chunkedEncoding: false,
          shouldKeepAlive: false,
          maxRequestsOnConnectionReached: false,
          _defaultKeepAlive: true,
          useChunkedEncodingByDefault: true,
          sendDate: true,
          _removedConnection: false,
          _removedContLen: false,
          _removedTE: false,
          strictContentLength: false,
          _contentLength: null,
          _hasBody: true,
          _trailer: '',
          finished: false,
          _headerSent: false,
          _closed: false,
          socket: [Circular *1],
          _header: null,
          _keepAliveTimeout: 5000,
          _onPendingData: [Function: bound updateOutgoingData],
          req: [Circular *2],
          _sent100: false,
          _expect_continue: false,
          _maxRequestsPerSocket: 0,
          locals: [Object: null prototype] {},
          _startAt: undefined,
          _startTime: undefined,
          writeHead: [Function: writeHead],
          __onFinished: [Function],
          flush: [Function: flush],
          write: [Function: write],
          end: [Function: end],
          on: [Function: on],
          [Symbol(shapeMode)]: false,
          [Symbol(kCapture)]: false,
          [Symbol(kBytesWritten)]: 0,
          [Symbol(kNeedDrain)]: false,
          [Symbol(corked)]: 0,
          [Symbol(kOutHeaders)]: [Object: null prototype],
          [Symbol(errored)]: null,
          [Symbol(kHighWaterMark)]: 16384,
          [Symbol(kRejectNonStandardBodyWrites)]: false,
          [Symbol(kUniqueHeaders)]: null
        },
        _peername: { address: '::ffff:127.0.0.1', family: 'IPv6', port: 50644 },
        [Symbol(async_id_symbol)]: 873,
        [Symbol(kHandle)]: TCP {
          reading: true,
          onconnection: null,
          _consumed: true,
          [Symbol(owner_symbol)]: [Circular *1]
        },
        [Symbol(lastWriteQueueSize)]: 0,
        [Symbol(timeout)]: null,
        [Symbol(kBuffer)]: null,
        [Symbol(kBufferCb)]: null,
        [Symbol(kBufferGen)]: null,
        [Symbol(shapeMode)]: true,
        [Symbol(kCapture)]: false,
        [Symbol(kSetNoDelay)]: true,
        [Symbol(kSetKeepAlive)]: false,
        [Symbol(kSetKeepAliveInitialDelay)]: 0,
        [Symbol(kBytesRead)]: 0,
        [Symbol(kBytesWritten)]: 0
      },
      _consuming: true,
      _dumped: false,
      next: [Function: next],
      baseUrl: '/api/v1/products',
      originalUrl: '/api/v1/products',
      _parsedUrl: Url {
        protocol: null,
        slashes: null,
        auth: null,
        host: null,
        port: null,
        hostname: null,
        hash: null,
        search: null,
        query: null,
        pathname: '/',
        path: '/',
        href: '/',
        _raw: '/'
      },
      params: {},
      query: {},
      res: <ref *3> ServerResponse {
        _events: [Object: null prototype] {
          finish: [Array],
          end: [Function: onevent]
        },
        _eventsCount: 2,
        _maxListeners: undefined,
        outputData: [],
        outputSize: 0,
        writable: true,
        destroyed: false,
        _last: false,
        chunkedEncoding: false,
        shouldKeepAlive: false,
        maxRequestsOnConnectionReached: false,
        _defaultKeepAlive: true,
        useChunkedEncodingByDefault: true,
        sendDate: true,
        _removedConnection: false,
        _removedContLen: false,
        _removedTE: false,
        strictContentLength: false,
        _contentLength: null,
        _hasBody: true,
        _trailer: '',
        finished: false,
        _headerSent: false,
        _closed: false,
        socket: <ref *1> Socket {
          connecting: false,
          _hadError: false,
          _parent: null,
          _host: null,
          _closeAfterHandlingError: false,
          _events: [Object],
          _readableState: [ReadableState],
          _writableState: [WritableState],
          allowHalfOpen: true,
          _maxListeners: undefined,
          _eventsCount: 8,
          _sockname: null,
          _pendingData: null,
          _pendingEncoding: '',
          server: [Server],
          _server: [Server],
          parser: [HTTPParser],
          on: [Function: socketListenerWrap],
          addListener: [Function: socketListenerWrap],
          prependListener: [Function: socketListenerWrap],
          setEncoding: [Function: socketSetEncoding],
          _paused: false,
          _httpMessage: [Circular *3],
          _peername: [Object],
          [Symbol(async_id_symbol)]: 873,
          [Symbol(kHandle)]: [TCP],
          [Symbol(lastWriteQueueSize)]: 0,
          [Symbol(timeout)]: null,
          [Symbol(kBuffer)]: null,
          [Symbol(kBufferCb)]: null,
          [Symbol(kBufferGen)]: null,
          [Symbol(shapeMode)]: true,
          [Symbol(kCapture)]: false,
          [Symbol(kSetNoDelay)]: true,
          [Symbol(kSetKeepAlive)]: false,
          [Symbol(kSetKeepAliveInitialDelay)]: 0,
          [Symbol(kBytesRead)]: 0,
          [Symbol(kBytesWritten)]: 0
        },
        _header: null,
        _keepAliveTimeout: 5000,
        _onPendingData: [Function: bound updateOutgoingData],
        req: [Circular *2],
        _sent100: false,
        _expect_continue: false,
        _maxRequestsPerSocket: 0,
        locals: [Object: null prototype] {},
        _startAt: undefined,
        _startTime: undefined,
        writeHead: [Function: writeHead],
        __onFinished: [Function: listener] { queue: [Array] },
        flush: [Function: flush],
        write: [Function: write],
        end: [Function: end],
        on: [Function: on],
        [Symbol(shapeMode)]: false,
        [Symbol(kCapture)]: false,
        [Symbol(kBytesWritten)]: 0,
        [Symbol(kNeedDrain)]: false,
        [Symbol(corked)]: 0,
        [Symbol(kOutHeaders)]: [Object: null prototype] {
          'content-security-policy': [Array],
          'cross-origin-opener-policy': [Array],
          'cross-origin-resource-policy': [Array],
          'origin-agent-cluster': [Array],
          'referrer-policy': [Array],
          'strict-transport-security': [Array],
          'x-content-type-options': [Array],
          'x-dns-prefetch-control': [Array],
          'x-download-options': [Array],
          'x-frame-options': [Array],
          'x-permitted-cross-domain-policies': [Array],
          'x-xss-protection': [Array],
          'access-control-allow-origin': [Array],
          'access-control-allow-credentials': [Array]
        },
        [Symbol(errored)]: null,
        [Symbol(kHighWaterMark)]: 16384,
        [Symbol(kRejectNonStandardBodyWrites)]: false,
        [Symbol(kUniqueHeaders)]: null
      },
      _startAt: [ 89025, 857127300 ],
      _startTime: 2025-11-11T13:51:54.315Z,
      _remoteAddress: '::ffff:127.0.0.1',
      body: [Object: null prototype] {
        name: 'Product with Image',
        description: 'This product has an image',
        price: '149.99',
        stock: '25',
        category: 'Electronics'
      },
      route: Route {
        path: '/',
        stack: [ [Layer], [Layer], [Layer], [Layer], [Layer], [Layer] ],
        methods: { post: true }
      },
      user: {
        userId: '69133f79ff0fc140927284d3',
        username: 'adminuser',
        email: 'admin@test.com',
        role: 'admin'
      },
      _eventsCount: 2,
      [Symbol(shapeMode)]: true,
      [Symbol(kCapture)]: false,
      [Symbol(kHeaders)]: {
        host: '127.0.0.1:50643',
        'accept-encoding': 'gzip, deflate',
        authorization: 'Bearer eyJhbGciOiJIUzI1NiIsInR5cCI6IkpXVCJ9.eyJ1c2VySWQiOiI2OTEzM2Y3OWZmMGZjMTQwOTI3Mjg0ZDMiLCJ1c2VybmFtZSI6ImFkbWludXNlciIsImVtYWlsIjoiYWRtaW5AdGVzdC5jb20iLCJyb2xlIjoiYWRtaW4iLCJpYXQiOjE3NjI4NjkxMTQsImV4cCI6MTc2MzQ3MzkxNH0.QoNuCVHxcWWKERqMeqJO-t2RKaOGwh-QWL313057jtQ',
        'content-type': 'multipart/form-data; boundary=--------------------------ca2d5e52e85e14ce410da5cc',
        'content-length': '879',
        connection: 'close'
      },
      [Symbol(kHeadersCount)]: 12,
      [Symbol(kTrailers)]: null,
      [Symbol(kTrailersCount)]: 0
    }

      at DiskStorage.filename [as getFilename] (src/helpers/multer.helper.ts:49:15)

  console.log
    Generated filename: ee630bc4-5dd3-44e4-b3fd-80cfbb648899.png

      at DiskStorage.filename [as getFilename] (src/helpers/multer.helper.ts:52:15)

  console.log
    File saved to body: {
      fieldname: 'productImage',
      path: '/api/uploads/products/ee630bc4-5dd3-44e4-b3fd-80cfbb648899.png',
      file: {
        fieldname: 'productImage',
        originalname: 'test-image.png',
        encoding: '7bit',
        mimetype: 'image/png',
        destination: './uploads/products/productImage',
        filename: 'ee630bc4-5dd3-44e4-b3fd-80cfbb648899.png',
        path: 'uploads\\products\\productImage\\ee630bc4-5dd3-44e4-b3fd-80cfbb648899.png',
        size: 70
      }
    }

      at saveFileToBody (src/helpers/multer.helper.ts:109:13)

[0mPOST /api/v1/products [32m201[0m 38.620 ms - 450[0m
[0mPOST /api/v1/auth/register [33m400[0m 4.109 ms - 128[0m
[0mPOST /api/v1/auth/register [33m400[0m 1.133 ms - 128[0m
[0mPOST /api/v1/auth/register [33m400[0m 0.953 ms - 78[0m
  console.log
    No file found in request for field: productImage

      at saveFileToBody (src/helpers/multer.helper.ts:115:13)

  console.log
    No file found in request for field: productImage

      at saveFileToBody (src/helpers/multer.helper.ts:115:13)

[0mPOST /api/v1/products [32m201[0m 7.410 ms - 366[0m
  console.log
    Filtering file: {
      mimetype: 'image/png',
      fieldname: 'productImage',
      originalname: 'large-file.png'
    }

      at fileFilter (src/helpers/multer.helper.ts:66:11)

  console.log
    req: <ref *2> IncomingMessage {
      _events: {
        close: undefined,
        error: undefined,
        data: [Function: ondata],
        end: [Function: bound onceWrapper] { listener: [Function: onend] },
        readable: undefined
      },
      _readableState: ReadableState {
        highWaterMark: 16384,
        buffer: [],
        bufferIndex: 0,
        length: 0,
        pipes: [ [Multipart] ],
        awaitDrainWriters: null,
        [Symbol(kState)]: 194521356
      },
      _maxListeners: undefined,
      socket: <ref *1> Socket {
        connecting: false,
        _hadError: false,
        _parent: null,
        _host: null,
        _closeAfterHandlingError: false,
        _events: {
          close: [Array],
          error: [Array],
          prefinish: undefined,
          finish: undefined,
          drain: [Function: bound socketOnDrain],
          data: [Function: bound socketOnData],
          end: [Array],
          readable: undefined,
          timeout: [Function: socketOnTimeout],
          resume: [Function: onSocketResume],
          pause: [Function: onSocketPause]
        },
        _readableState: ReadableState {
          highWaterMark: 16384,
          buffer: [],
          bufferIndex: 0,
          length: 0,
          pipes: [],
          awaitDrainWriters: null,
          [Symbol(kState)]: 194062596
        },
        _writableState: WritableState {
          highWaterMark: 16384,
          length: 0,
          corked: 0,
          onwrite: [Function: bound onwrite],
          writelen: 0,
          bufferedIndex: 0,
          pendingcb: 0,
          [Symbol(kState)]: 17564420,
          [Symbol(kBufferedValue)]: null
        },
        allowHalfOpen: true,
        _maxListeners: undefined,
        _eventsCount: 8,
        _sockname: null,
        _pendingData: null,
        _pendingEncoding: '',
        server: Server {
          maxHeaderSize: undefined,
          insecureHTTPParser: undefined,
          requestTimeout: 300000,
          headersTimeout: 60000,
          keepAliveTimeout: 5000,
          connectionsCheckingInterval: 30000,
          requireHostHeader: true,
          joinDuplicateHeaders: undefined,
          rejectNonStandardBodyWrites: false,
          _events: [Object: null prototype],
          _eventsCount: 3,
          _maxListeners: undefined,
          _connections: 1,
          _handle: [TCP],
          _usingWorkers: false,
          _workers: [],
          _unref: false,
          _listeningId: 2,
          allowHalfOpen: true,
          pauseOnConnect: false,
          noDelay: true,
          keepAlive: false,
          keepAliveInitialDelay: 0,
          highWaterMark: 16384,
          httpAllowHalfOpen: false,
          timeout: 0,
          maxHeadersCount: null,
          maxRequestsPerSocket: 0,
          _connectionKey: '6::::0',
          [Symbol(IncomingMessage)]: [Function: IncomingMessage],
          [Symbol(ServerResponse)]: [Function: ServerResponse],
          [Symbol(shapeMode)]: false,
          [Symbol(kCapture)]: false,
          [Symbol(async_id_symbol)]: 1054,
          [Symbol(kUniqueHeaders)]: null,
          [Symbol(http.server.connections)]: ConnectionsList {},
          [Symbol(http.server.connectionsCheckingInterval)]: Timeout {
            _idleTimeout: 30000,
            _idlePrev: [TimersList],
            _idleNext: [Timeout],
            _idleStart: 6604,
            _onTimeout: [Function: bound checkConnections],
            _timerArgs: undefined,
            _repeat: 30000,
            _destroyed: false,
            [Symbol(refed)]: false,
            [Symbol(kHasPrimitive)]: false,
            [Symbol(asyncId)]: 1063,
            [Symbol(triggerId)]: 1055
          }
        },
        _server: Server {
          maxHeaderSize: undefined,
          insecureHTTPParser: undefined,
          requestTimeout: 300000,
          headersTimeout: 60000,
          keepAliveTimeout: 5000,
          connectionsCheckingInterval: 30000,
          requireHostHeader: true,
          joinDuplicateHeaders: undefined,
          rejectNonStandardBodyWrites: false,
          _events: [Object: null prototype],
          _eventsCount: 3,
          _maxListeners: undefined,
          _connections: 1,
          _handle: [TCP],
          _usingWorkers: false,
          _workers: [],
          _unref: false,
          _listeningId: 2,
          allowHalfOpen: true,
          pauseOnConnect: false,
          noDelay: true,
          keepAlive: false,
          keepAliveInitialDelay: 0,
          highWaterMark: 16384,
          httpAllowHalfOpen: false,
          timeout: 0,
          maxHeadersCount: null,
          maxRequestsPerSocket: 0,
          _connectionKey: '6::::0',
          [Symbol(IncomingMessage)]: [Function: IncomingMessage],
          [Symbol(ServerResponse)]: [Function: ServerResponse],
          [Symbol(shapeMode)]: false,
          [Symbol(kCapture)]: false,
          [Symbol(async_id_symbol)]: 1054,
          [Symbol(kUniqueHeaders)]: null,
          [Symbol(http.server.connections)]: ConnectionsList {},
          [Symbol(http.server.connectionsCheckingInterval)]: Timeout {
            _idleTimeout: 30000,
            _idlePrev: [TimersList],
            _idleNext: [Timeout],
            _idleStart: 6604,
            _onTimeout: [Function: bound checkConnections],
            _timerArgs: undefined,
            _repeat: 30000,
            _destroyed: false,
            [Symbol(refed)]: false,
            [Symbol(kHasPrimitive)]: false,
            [Symbol(asyncId)]: 1063,
            [Symbol(triggerId)]: 1055
          }
        },
        parser: HTTPParser {
          '0': null,
          '1': [Function: parserOnHeaders],
          '2': [Function: parserOnHeadersComplete],
          '3': [Function: parserOnBody],
          '4': [Function: parserOnMessageComplete],
          '5': [Function: bound onParserExecute],
          '6': [Function: bound onParserTimeout],
          _headers: [],
          _url: '',
          socket: [Circular *1],
          incoming: [Circular *2],
          outgoing: null,
          maxHeaderPairs: 2000,
          _consumed: true,
          onIncoming: [Function: bound parserOnIncoming],
          joinDuplicateHeaders: null,
          [Symbol(resource_symbol)]: [HTTPServerAsyncResource]
        },
        on: [Function: socketListenerWrap],
        addListener: [Function: socketListenerWrap],
        prependListener: [Function: socketListenerWrap],
        setEncoding: [Function: socketSetEncoding],
        _paused: false,
        _httpMessage: ServerResponse {
          _events: [Object: null prototype],
          _eventsCount: 2,
          _maxListeners: undefined,
          outputData: [],
          outputSize: 0,
          writable: true,
          destroyed: false,
          _last: false,
          chunkedEncoding: false,
          shouldKeepAlive: false,
          maxRequestsOnConnectionReached: false,
          _defaultKeepAlive: true,
          useChunkedEncodingByDefault: true,
          sendDate: true,
          _removedConnection: false,
          _removedContLen: false,
          _removedTE: false,
          strictContentLength: false,
          _contentLength: null,
          _hasBody: true,
          _trailer: '',
          finished: false,
          _headerSent: false,
          _closed: false,
          socket: [Circular *1],
          _header: null,
          _keepAliveTimeout: 5000,
          _onPendingData: [Function: bound updateOutgoingData],
          req: [Circular *2],
          _sent100: false,
          _expect_continue: false,
          _maxRequestsPerSocket: 0,
          locals: [Object: null prototype] {},
          _startAt: undefined,
          _startTime: undefined,
          writeHead: [Function: writeHead],
          __onFinished: [Function],
          flush: [Function: flush],
          write: [Function: write],
          end: [Function: end],
          on: [Function: on],
          [Symbol(shapeMode)]: false,
          [Symbol(kCapture)]: false,
          [Symbol(kBytesWritten)]: 0,
          [Symbol(kNeedDrain)]: false,
          [Symbol(corked)]: 0,
          [Symbol(kOutHeaders)]: [Object: null prototype],
          [Symbol(errored)]: null,
          [Symbol(kHighWaterMark)]: 16384,
          [Symbol(kRejectNonStandardBodyWrites)]: false,
          [Symbol(kUniqueHeaders)]: null
        },
        _peername: { address: '::ffff:127.0.0.1', family: 'IPv6', port: 50657 },
        [Symbol(async_id_symbol)]: 1074,
        [Symbol(kHandle)]: TCP {
          reading: false,
          onconnection: null,
          _consumed: true,
          [Symbol(owner_symbol)]: [Circular *1]
        },
        [Symbol(lastWriteQueueSize)]: 0,
        [Symbol(timeout)]: null,
        [Symbol(kBuffer)]: null,
        [Symbol(kBufferCb)]: null,
        [Symbol(kBufferGen)]: null,
        [Symbol(shapeMode)]: true,
        [Symbol(kCapture)]: false,
        [Symbol(kSetNoDelay)]: true,
        [Symbol(kSetKeepAlive)]: false,
        [Symbol(kSetKeepAliveInitialDelay)]: 0,
        [Symbol(kBytesRead)]: 0,
        [Symbol(kBytesWritten)]: 0
      },
      httpVersionMajor: 1,
      httpVersionMinor: 1,
      httpVersion: '1.1',
      complete: false,
      rawHeaders: [
        'Host',
        '127.0.0.1:50656',
        'Accept-Encoding',
        'gzip, deflate',
        'Authorization',
        'Bearer eyJhbGciOiJIUzI1NiIsInR5cCI6IkpXVCJ9.eyJ1c2VySWQiOiI2OTEzM2Y3OWZmMGZjMTQwOTI3Mjg0ZDMiLCJ1c2VybmFtZSI6ImFkbWludXNlciIsImVtYWlsIjoiYWRtaW5AdGVzdC5jb20iLCJyb2xlIjoiYWRtaW4iLCJpYXQiOjE3NjI4NjkxMTQsImV4cCI6MTc2MzQ3MzkxNH0.QoNuCVHxcWWKERqMeqJO-t2RKaOGwh-QWL313057jtQ',
        'content-type',
        'multipart/form-data; boundary=--------------------------dbc4c39afaf4991df970fd50',
        'Content-Length',
        '6292261',
        'Connection',
        'close'
      ],
      rawTrailers: [],
      joinDuplicateHeaders: null,
      aborted: false,
      upgrade: false,
      url: '/',
      method: 'POST',
      statusCode: null,
      statusMessage: null,
      client: <ref *1> Socket {
        connecting: false,
        _hadError: false,
        _parent: null,
        _host: null,
        _closeAfterHandlingError: false,
        _events: {
          close: [Array],
          error: [Array],
          prefinish: undefined,
          finish: undefined,
          drain: [Function: bound socketOnDrain],
          data: [Function: bound socketOnData],
          end: [Array],
          readable: undefined,
          timeout: [Function: socketOnTimeout],
          resume: [Function: onSocketResume],
          pause: [Function: onSocketPause]
        },
        _readableState: ReadableState {
          highWaterMark: 16384,
          buffer: [],
          bufferIndex: 0,
          length: 0,
          pipes: [],
          awaitDrainWriters: null,
          [Symbol(kState)]: 194062596
        },
        _writableState: WritableState {
          highWaterMark: 16384,
          length: 0,
          corked: 0,
          onwrite: [Function: bound onwrite],
          writelen: 0,
          bufferedIndex: 0,
          pendingcb: 0,
          [Symbol(kState)]: 17564420,
          [Symbol(kBufferedValue)]: null
        },
        allowHalfOpen: true,
        _maxListeners: undefined,
        _eventsCount: 8,
        _sockname: null,
        _pendingData: null,
        _pendingEncoding: '',
        server: Server {
          maxHeaderSize: undefined,
          insecureHTTPParser: undefined,
          requestTimeout: 300000,
          headersTimeout: 60000,
          keepAliveTimeout: 5000,
          connectionsCheckingInterval: 30000,
          requireHostHeader: true,
          joinDuplicateHeaders: undefined,
          rejectNonStandardBodyWrites: false,
          _events: [Object: null prototype],
          _eventsCount: 3,
          _maxListeners: undefined,
          _connections: 1,
          _handle: [TCP],
          _usingWorkers: false,
          _workers: [],
          _unref: false,
          _listeningId: 2,
          allowHalfOpen: true,
          pauseOnConnect: false,
          noDelay: true,
          keepAlive: false,
          keepAliveInitialDelay: 0,
          highWaterMark: 16384,
          httpAllowHalfOpen: false,
          timeout: 0,
          maxHeadersCount: null,
          maxRequestsPerSocket: 0,
          _connectionKey: '6::::0',
          [Symbol(IncomingMessage)]: [Function: IncomingMessage],
          [Symbol(ServerResponse)]: [Function: ServerResponse],
          [Symbol(shapeMode)]: false,
          [Symbol(kCapture)]: false,
          [Symbol(async_id_symbol)]: 1054,
          [Symbol(kUniqueHeaders)]: null,
          [Symbol(http.server.connections)]: ConnectionsList {},
          [Symbol(http.server.connectionsCheckingInterval)]: Timeout {
            _idleTimeout: 30000,
            _idlePrev: [TimersList],
            _idleNext: [Timeout],
            _idleStart: 6604,
            _onTimeout: [Function: bound checkConnections],
            _timerArgs: undefined,
            _repeat: 30000,
            _destroyed: false,
            [Symbol(refed)]: false,
            [Symbol(kHasPrimitive)]: false,
            [Symbol(asyncId)]: 1063,
            [Symbol(triggerId)]: 1055
          }
        },
        _server: Server {
          maxHeaderSize: undefined,
          insecureHTTPParser: undefined,
          requestTimeout: 300000,
          headersTimeout: 60000,
          keepAliveTimeout: 5000,
          connectionsCheckingInterval: 30000,
          requireHostHeader: true,
          joinDuplicateHeaders: undefined,
          rejectNonStandardBodyWrites: false,
          _events: [Object: null prototype],
          _eventsCount: 3,
          _maxListeners: undefined,
          _connections: 1,
          _handle: [TCP],
          _usingWorkers: false,
          _workers: [],
          _unref: false,
          _listeningId: 2,
          allowHalfOpen: true,
          pauseOnConnect: false,
          noDelay: true,
          keepAlive: false,
          keepAliveInitialDelay: 0,
          highWaterMark: 16384,
          httpAllowHalfOpen: false,
          timeout: 0,
          maxHeadersCount: null,
          maxRequestsPerSocket: 0,
          _connectionKey: '6::::0',
          [Symbol(IncomingMessage)]: [Function: IncomingMessage],
          [Symbol(ServerResponse)]: [Function: ServerResponse],
          [Symbol(shapeMode)]: false,
          [Symbol(kCapture)]: false,
          [Symbol(async_id_symbol)]: 1054,
          [Symbol(kUniqueHeaders)]: null,
          [Symbol(http.server.connections)]: ConnectionsList {},
          [Symbol(http.server.connectionsCheckingInterval)]: Timeout {
            _idleTimeout: 30000,
            _idlePrev: [TimersList],
            _idleNext: [Timeout],
            _idleStart: 6604,
            _onTimeout: [Function: bound checkConnections],
            _timerArgs: undefined,
            _repeat: 30000,
            _destroyed: false,
            [Symbol(refed)]: false,
            [Symbol(kHasPrimitive)]: false,
            [Symbol(asyncId)]: 1063,
            [Symbol(triggerId)]: 1055
          }
        },
        parser: HTTPParser {
          '0': null,
          '1': [Function: parserOnHeaders],
          '2': [Function: parserOnHeadersComplete],
          '3': [Function: parserOnBody],
          '4': [Function: parserOnMessageComplete],
          '5': [Function: bound onParserExecute],
          '6': [Function: bound onParserTimeout],
          _headers: [],
          _url: '',
          socket: [Circular *1],
          incoming: [Circular *2],
          outgoing: null,
          maxHeaderPairs: 2000,
          _consumed: true,
          onIncoming: [Function: bound parserOnIncoming],
          joinDuplicateHeaders: null,
          [Symbol(resource_symbol)]: [HTTPServerAsyncResource]
        },
        on: [Function: socketListenerWrap],
        addListener: [Function: socketListenerWrap],
        prependListener: [Function: socketListenerWrap],
        setEncoding: [Function: socketSetEncoding],
        _paused: false,
        _httpMessage: ServerResponse {
          _events: [Object: null prototype],
          _eventsCount: 2,
          _maxListeners: undefined,
          outputData: [],
          outputSize: 0,
          writable: true,
          destroyed: false,
          _last: false,
          chunkedEncoding: false,
          shouldKeepAlive: false,
          maxRequestsOnConnectionReached: false,
          _defaultKeepAlive: true,
          useChunkedEncodingByDefault: true,
          sendDate: true,
          _removedConnection: false,
          _removedContLen: false,
          _removedTE: false,
          strictContentLength: false,
          _contentLength: null,
          _hasBody: true,
          _trailer: '',
          finished: false,
          _headerSent: false,
          _closed: false,
          socket: [Circular *1],
          _header: null,
          _keepAliveTimeout: 5000,
          _onPendingData: [Function: bound updateOutgoingData],
          req: [Circular *2],
          _sent100: false,
          _expect_continue: false,
          _maxRequestsPerSocket: 0,
          locals: [Object: null prototype] {},
          _startAt: undefined,
          _startTime: undefined,
          writeHead: [Function: writeHead],
          __onFinished: [Function],
          flush: [Function: flush],
          write: [Function: write],
          end: [Function: end],
          on: [Function: on],
          [Symbol(shapeMode)]: false,
          [Symbol(kCapture)]: false,
          [Symbol(kBytesWritten)]: 0,
          [Symbol(kNeedDrain)]: false,
          [Symbol(corked)]: 0,
          [Symbol(kOutHeaders)]: [Object: null prototype],
          [Symbol(errored)]: null,
          [Symbol(kHighWaterMark)]: 16384,
          [Symbol(kRejectNonStandardBodyWrites)]: false,
          [Symbol(kUniqueHeaders)]: null
        },
        _peername: { address: '::ffff:127.0.0.1', family: 'IPv6', port: 50657 },
        [Symbol(async_id_symbol)]: 1074,
        [Symbol(kHandle)]: TCP {
          reading: false,
          onconnection: null,
          _consumed: true,
          [Symbol(owner_symbol)]: [Circular *1]
        },
        [Symbol(lastWriteQueueSize)]: 0,
        [Symbol(timeout)]: null,
        [Symbol(kBuffer)]: null,
        [Symbol(kBufferCb)]: null,
        [Symbol(kBufferGen)]: null,
        [Symbol(shapeMode)]: true,
        [Symbol(kCapture)]: false,
        [Symbol(kSetNoDelay)]: true,
        [Symbol(kSetKeepAlive)]: false,
        [Symbol(kSetKeepAliveInitialDelay)]: 0,
        [Symbol(kBytesRead)]: 0,
        [Symbol(kBytesWritten)]: 0
      },
      _consuming: true,
      _dumped: false,
      next: [Function: next],
      baseUrl: '/api/v1/products',
      originalUrl: '/api/v1/products',
      _parsedUrl: Url {
        protocol: null,
        slashes: null,
        auth: null,
        host: null,
        port: null,
        hostname: null,
        hash: null,
        search: null,
        query: null,
        pathname: '/',
        path: '/',
        href: '/',
        _raw: '/'
      },
      params: {},
      query: {},
      res: <ref *3> ServerResponse {
        _events: [Object: null prototype] {
          finish: [Array],
          end: [Function: onevent]
        },
        _eventsCount: 2,
        _maxListeners: undefined,
        outputData: [],
        outputSize: 0,
        writable: true,
        destroyed: false,
        _last: false,
        chunkedEncoding: false,
        shouldKeepAlive: false,
        maxRequestsOnConnectionReached: false,
        _defaultKeepAlive: true,
        useChunkedEncodingByDefault: true,
        sendDate: true,
        _removedConnection: false,
        _removedContLen: false,
        _removedTE: false,
        strictContentLength: false,
        _contentLength: null,
        _hasBody: true,
        _trailer: '',
        finished: false,
        _headerSent: false,
        _closed: false,
        socket: <ref *1> Socket {
          connecting: false,
          _hadError: false,
          _parent: null,
          _host: null,
          _closeAfterHandlingError: false,
          _events: [Object],
          _readableState: [ReadableState],
          _writableState: [WritableState],
          allowHalfOpen: true,
          _maxListeners: undefined,
          _eventsCount: 8,
          _sockname: null,
          _pendingData: null,
          _pendingEncoding: '',
          server: [Server],
          _server: [Server],
          parser: [HTTPParser],
          on: [Function: socketListenerWrap],
          addListener: [Function: socketListenerWrap],
          prependListener: [Function: socketListenerWrap],
          setEncoding: [Function: socketSetEncoding],
          _paused: false,
          _httpMessage: [Circular *3],
          _peername: [Object],
          [Symbol(async_id_symbol)]: 1074,
          [Symbol(kHandle)]: [TCP],
          [Symbol(lastWriteQueueSize)]: 0,
          [Symbol(timeout)]: null,
          [Symbol(kBuffer)]: null,
          [Symbol(kBufferCb)]: null,
          [Symbol(kBufferGen)]: null,
          [Symbol(shapeMode)]: true,
          [Symbol(kCapture)]: false,
          [Symbol(kSetNoDelay)]: true,
          [Symbol(kSetKeepAlive)]: false,
          [Symbol(kSetKeepAliveInitialDelay)]: 0,
          [Symbol(kBytesRead)]: 0,
          [Symbol(kBytesWritten)]: 0
        },
        _header: null,
        _keepAliveTimeout: 5000,
        _onPendingData: [Function: bound updateOutgoingData],
        req: [Circular *2],
        _sent100: false,
        _expect_continue: false,
        _maxRequestsPerSocket: 0,
        locals: [Object: null prototype] {},
        _startAt: undefined,
        _startTime: undefined,
        writeHead: [Function: writeHead],
        __onFinished: [Function: listener] { queue: [Array] },
        flush: [Function: flush],
        write: [Function: write],
        end: [Function: end],
        on: [Function: on],
        [Symbol(shapeMode)]: false,
        [Symbol(kCapture)]: false,
        [Symbol(kBytesWritten)]: 0,
        [Symbol(kNeedDrain)]: false,
        [Symbol(corked)]: 0,
        [Symbol(kOutHeaders)]: [Object: null prototype] {
          'content-security-policy': [Array],
          'cross-origin-opener-policy': [Array],
          'cross-origin-resource-policy': [Array],
          'origin-agent-cluster': [Array],
          'referrer-policy': [Array],
          'strict-transport-security': [Array],
          'x-content-type-options': [Array],
          'x-dns-prefetch-control': [Array],
          'x-download-options': [Array],
          'x-frame-options': [Array],
          'x-permitted-cross-domain-policies': [Array],
          'x-xss-protection': [Array],
          'access-control-allow-origin': [Array],
          'access-control-allow-credentials': [Array]
        },
        [Symbol(errored)]: null,
        [Symbol(kHighWaterMark)]: 16384,
        [Symbol(kRejectNonStandardBodyWrites)]: false,
        [Symbol(kUniqueHeaders)]: null
      },
      _startAt: [ 89025, 929869600 ],
      _startTime: 2025-11-11T13:51:54.388Z,
      _remoteAddress: '::ffff:127.0.0.1',
      body: [Object: null prototype] {
        name: 'Product with Large Image',
        description: 'This should fail',
        price: '99.99',
        stock: '10',
        category: 'Electronics'
      },
      route: Route {
        path: '/',
        stack: [ [Layer], [Layer], [Layer], [Layer], [Layer], [Layer] ],
        methods: { post: true }
      },
      user: {
        userId: '69133f79ff0fc140927284d3',
        username: 'adminuser',
        email: 'admin@test.com',
        role: 'admin'
      },
      _eventsCount: 2,
      [Symbol(shapeMode)]: true,
      [Symbol(kCapture)]: false,
      [Symbol(kHeaders)]: {
        host: '127.0.0.1:50656',
        'accept-encoding': 'gzip, deflate',
        authorization: 'Bearer eyJhbGciOiJIUzI1NiIsInR5cCI6IkpXVCJ9.eyJ1c2VySWQiOiI2OTEzM2Y3OWZmMGZjMTQwOTI3Mjg0ZDMiLCJ1c2VybmFtZSI6ImFkbWludXNlciIsImVtYWlsIjoiYWRtaW5AdGVzdC5jb20iLCJyb2xlIjoiYWRtaW4iLCJpYXQiOjE3NjI4NjkxMTQsImV4cCI6MTc2MzQ3MzkxNH0.QoNuCVHxcWWKERqMeqJO-t2RKaOGwh-QWL313057jtQ',
        'content-type': 'multipart/form-data; boundary=--------------------------dbc4c39afaf4991df970fd50',
        'content-length': '6292261',
        connection: 'close'
      },
      [Symbol(kHeadersCount)]: 12,
      [Symbol(kTrailers)]: null,
      [Symbol(kTrailersCount)]: 0
    }

      at fileFilter (src/helpers/multer.helper.ts:71:11)

  console.log
    File accepted: large-file.png

      at fileFilter (src/helpers/multer.helper.ts:74:13)

  console.log
    req: <ref *2> IncomingMessage {
      _events: {
        close: undefined,
        error: undefined,
        data: [Function: ondata],
        end: [Function: bound onceWrapper] { listener: [Function: onend] },
        readable: undefined
      },
      _readableState: ReadableState {
        highWaterMark: 16384,
        buffer: [],
        bufferIndex: 0,
        length: 0,
        pipes: [ [Multipart] ],
        awaitDrainWriters: null,
        [Symbol(kState)]: 194521356
      },
      _maxListeners: undefined,
      socket: <ref *1> Socket {
        connecting: false,
        _hadError: false,
        _parent: null,
        _host: null,
        _closeAfterHandlingError: false,
        _events: {
          close: [Array],
          error: [Array],
          prefinish: undefined,
          finish: undefined,
          drain: [Function: bound socketOnDrain],
          data: [Function: bound socketOnData],
          end: [Array],
          readable: undefined,
          timeout: [Function: socketOnTimeout],
          resume: [Function: onSocketResume],
          pause: [Function: onSocketPause]
        },
        _readableState: ReadableState {
          highWaterMark: 16384,
          buffer: [],
          bufferIndex: 0,
          length: 0,
          pipes: [],
          awaitDrainWriters: null,
          [Symbol(kState)]: 194062596
        },
        _writableState: WritableState {
          highWaterMark: 16384,
          length: 0,
          corked: 0,
          onwrite: [Function: bound onwrite],
          writelen: 0,
          bufferedIndex: 0,
          pendingcb: 0,
          [Symbol(kState)]: 17564420,
          [Symbol(kBufferedValue)]: null
        },
        allowHalfOpen: true,
        _maxListeners: undefined,
        _eventsCount: 8,
        _sockname: null,
        _pendingData: null,
        _pendingEncoding: '',
        server: Server {
          maxHeaderSize: undefined,
          insecureHTTPParser: undefined,
          requestTimeout: 300000,
          headersTimeout: 60000,
          keepAliveTimeout: 5000,
          connectionsCheckingInterval: 30000,
          requireHostHeader: true,
          joinDuplicateHeaders: undefined,
          rejectNonStandardBodyWrites: false,
          _events: [Object: null prototype],
          _eventsCount: 3,
          _maxListeners: undefined,
          _connections: 1,
          _handle: [TCP],
          _usingWorkers: false,
          _workers: [],
          _unref: false,
          _listeningId: 2,
          allowHalfOpen: true,
          pauseOnConnect: false,
          noDelay: true,
          keepAlive: false,
          keepAliveInitialDelay: 0,
          highWaterMark: 16384,
          httpAllowHalfOpen: false,
          timeout: 0,
          maxHeadersCount: null,
          maxRequestsPerSocket: 0,
          _connectionKey: '6::::0',
          [Symbol(IncomingMessage)]: [Function: IncomingMessage],
          [Symbol(ServerResponse)]: [Function: ServerResponse],
          [Symbol(shapeMode)]: false,
          [Symbol(kCapture)]: false,
          [Symbol(async_id_symbol)]: 1054,
          [Symbol(kUniqueHeaders)]: null,
          [Symbol(http.server.connections)]: ConnectionsList {},
          [Symbol(http.server.connectionsCheckingInterval)]: Timeout {
            _idleTimeout: 30000,
            _idlePrev: [TimersList],
            _idleNext: [Timeout],
            _idleStart: 6604,
            _onTimeout: [Function: bound checkConnections],
            _timerArgs: undefined,
            _repeat: 30000,
            _destroyed: false,
            [Symbol(refed)]: false,
            [Symbol(kHasPrimitive)]: false,
            [Symbol(asyncId)]: 1063,
            [Symbol(triggerId)]: 1055
          }
        },
        _server: Server {
          maxHeaderSize: undefined,
          insecureHTTPParser: undefined,
          requestTimeout: 300000,
          headersTimeout: 60000,
          keepAliveTimeout: 5000,
          connectionsCheckingInterval: 30000,
          requireHostHeader: true,
          joinDuplicateHeaders: undefined,
          rejectNonStandardBodyWrites: false,
          _events: [Object: null prototype],
          _eventsCount: 3,
          _maxListeners: undefined,
          _connections: 1,
          _handle: [TCP],
          _usingWorkers: false,
          _workers: [],
          _unref: false,
          _listeningId: 2,
          allowHalfOpen: true,
          pauseOnConnect: false,
          noDelay: true,
          keepAlive: false,
          keepAliveInitialDelay: 0,
          highWaterMark: 16384,
          httpAllowHalfOpen: false,
          timeout: 0,
          maxHeadersCount: null,
          maxRequestsPerSocket: 0,
          _connectionKey: '6::::0',
          [Symbol(IncomingMessage)]: [Function: IncomingMessage],
          [Symbol(ServerResponse)]: [Function: ServerResponse],
          [Symbol(shapeMode)]: false,
          [Symbol(kCapture)]: false,
          [Symbol(async_id_symbol)]: 1054,
          [Symbol(kUniqueHeaders)]: null,
          [Symbol(http.server.connections)]: ConnectionsList {},
          [Symbol(http.server.connectionsCheckingInterval)]: Timeout {
            _idleTimeout: 30000,
            _idlePrev: [TimersList],
            _idleNext: [Timeout],
            _idleStart: 6604,
            _onTimeout: [Function: bound checkConnections],
            _timerArgs: undefined,
            _repeat: 30000,
            _destroyed: false,
            [Symbol(refed)]: false,
            [Symbol(kHasPrimitive)]: false,
            [Symbol(asyncId)]: 1063,
            [Symbol(triggerId)]: 1055
          }
        },
        parser: HTTPParser {
          '0': null,
          '1': [Function: parserOnHeaders],
          '2': [Function: parserOnHeadersComplete],
          '3': [Function: parserOnBody],
          '4': [Function: parserOnMessageComplete],
          '5': [Function: bound onParserExecute],
          '6': [Function: bound onParserTimeout],
          _headers: [],
          _url: '',
          socket: [Circular *1],
          incoming: [Circular *2],
          outgoing: null,
          maxHeaderPairs: 2000,
          _consumed: true,
          onIncoming: [Function: bound parserOnIncoming],
          joinDuplicateHeaders: null,
          [Symbol(resource_symbol)]: [HTTPServerAsyncResource]
        },
        on: [Function: socketListenerWrap],
        addListener: [Function: socketListenerWrap],
        prependListener: [Function: socketListenerWrap],
        setEncoding: [Function: socketSetEncoding],
        _paused: false,
        _httpMessage: ServerResponse {
          _events: [Object: null prototype],
          _eventsCount: 2,
          _maxListeners: undefined,
          outputData: [],
          outputSize: 0,
          writable: true,
          destroyed: false,
          _last: false,
          chunkedEncoding: false,
          shouldKeepAlive: false,
          maxRequestsOnConnectionReached: false,
          _defaultKeepAlive: true,
          useChunkedEncodingByDefault: true,
          sendDate: true,
          _removedConnection: false,
          _removedContLen: false,
          _removedTE: false,
          strictContentLength: false,
          _contentLength: null,
          _hasBody: true,
          _trailer: '',
          finished: false,
          _headerSent: false,
          _closed: false,
          socket: [Circular *1],
          _header: null,
          _keepAliveTimeout: 5000,
          _onPendingData: [Function: bound updateOutgoingData],
          req: [Circular *2],
          _sent100: false,
          _expect_continue: false,
          _maxRequestsPerSocket: 0,
          locals: [Object: null prototype] {},
          _startAt: undefined,
          _startTime: undefined,
          writeHead: [Function: writeHead],
          __onFinished: [Function],
          flush: [Function: flush],
          write: [Function: write],
          end: [Function: end],
          on: [Function: on],
          [Symbol(shapeMode)]: false,
          [Symbol(kCapture)]: false,
          [Symbol(kBytesWritten)]: 0,
          [Symbol(kNeedDrain)]: false,
          [Symbol(corked)]: 0,
          [Symbol(kOutHeaders)]: [Object: null prototype],
          [Symbol(errored)]: null,
          [Symbol(kHighWaterMark)]: 16384,
          [Symbol(kRejectNonStandardBodyWrites)]: false,
          [Symbol(kUniqueHeaders)]: null
        },
        _peername: { address: '::ffff:127.0.0.1', family: 'IPv6', port: 50657 },
        [Symbol(async_id_symbol)]: 1074,
        [Symbol(kHandle)]: TCP {
          reading: false,
          onconnection: null,
          _consumed: true,
          [Symbol(owner_symbol)]: [Circular *1]
        },
        [Symbol(lastWriteQueueSize)]: 0,
        [Symbol(timeout)]: null,
        [Symbol(kBuffer)]: null,
        [Symbol(kBufferCb)]: null,
        [Symbol(kBufferGen)]: null,
        [Symbol(shapeMode)]: true,
        [Symbol(kCapture)]: false,
        [Symbol(kSetNoDelay)]: true,
        [Symbol(kSetKeepAlive)]: false,
        [Symbol(kSetKeepAliveInitialDelay)]: 0,
        [Symbol(kBytesRead)]: 0,
        [Symbol(kBytesWritten)]: 0
      },
      httpVersionMajor: 1,
      httpVersionMinor: 1,
      httpVersion: '1.1',
      complete: false,
      rawHeaders: [
        'Host',
        '127.0.0.1:50656',
        'Accept-Encoding',
        'gzip, deflate',
        'Authorization',
        'Bearer eyJhbGciOiJIUzI1NiIsInR5cCI6IkpXVCJ9.eyJ1c2VySWQiOiI2OTEzM2Y3OWZmMGZjMTQwOTI3Mjg0ZDMiLCJ1c2VybmFtZSI6ImFkbWludXNlciIsImVtYWlsIjoiYWRtaW5AdGVzdC5jb20iLCJyb2xlIjoiYWRtaW4iLCJpYXQiOjE3NjI4NjkxMTQsImV4cCI6MTc2MzQ3MzkxNH0.QoNuCVHxcWWKERqMeqJO-t2RKaOGwh-QWL313057jtQ',
        'content-type',
        'multipart/form-data; boundary=--------------------------dbc4c39afaf4991df970fd50',
        'Content-Length',
        '6292261',
        'Connection',
        'close'
      ],
      rawTrailers: [],
      joinDuplicateHeaders: null,
      aborted: false,
      upgrade: false,
      url: '/',
      method: 'POST',
      statusCode: null,
      statusMessage: null,
      client: <ref *1> Socket {
        connecting: false,
        _hadError: false,
        _parent: null,
        _host: null,
        _closeAfterHandlingError: false,
        _events: {
          close: [Array],
          error: [Array],
          prefinish: undefined,
          finish: undefined,
          drain: [Function: bound socketOnDrain],
          data: [Function: bound socketOnData],
          end: [Array],
          readable: undefined,
          timeout: [Function: socketOnTimeout],
          resume: [Function: onSocketResume],
          pause: [Function: onSocketPause]
        },
        _readableState: ReadableState {
          highWaterMark: 16384,
          buffer: [],
          bufferIndex: 0,
          length: 0,
          pipes: [],
          awaitDrainWriters: null,
          [Symbol(kState)]: 194062596
        },
        _writableState: WritableState {
          highWaterMark: 16384,
          length: 0,
          corked: 0,
          onwrite: [Function: bound onwrite],
          writelen: 0,
          bufferedIndex: 0,
          pendingcb: 0,
          [Symbol(kState)]: 17564420,
          [Symbol(kBufferedValue)]: null
        },
        allowHalfOpen: true,
        _maxListeners: undefined,
        _eventsCount: 8,
        _sockname: null,
        _pendingData: null,
        _pendingEncoding: '',
        server: Server {
          maxHeaderSize: undefined,
          insecureHTTPParser: undefined,
          requestTimeout: 300000,
          headersTimeout: 60000,
          keepAliveTimeout: 5000,
          connectionsCheckingInterval: 30000,
          requireHostHeader: true,
          joinDuplicateHeaders: undefined,
          rejectNonStandardBodyWrites: false,
          _events: [Object: null prototype],
          _eventsCount: 3,
          _maxListeners: undefined,
          _connections: 1,
          _handle: [TCP],
          _usingWorkers: false,
          _workers: [],
          _unref: false,
          _listeningId: 2,
          allowHalfOpen: true,
          pauseOnConnect: false,
          noDelay: true,
          keepAlive: false,
          keepAliveInitialDelay: 0,
          highWaterMark: 16384,
          httpAllowHalfOpen: false,
          timeout: 0,
          maxHeadersCount: null,
          maxRequestsPerSocket: 0,
          _connectionKey: '6::::0',
          [Symbol(IncomingMessage)]: [Function: IncomingMessage],
          [Symbol(ServerResponse)]: [Function: ServerResponse],
          [Symbol(shapeMode)]: false,
          [Symbol(kCapture)]: false,
          [Symbol(async_id_symbol)]: 1054,
          [Symbol(kUniqueHeaders)]: null,
          [Symbol(http.server.connections)]: ConnectionsList {},
          [Symbol(http.server.connectionsCheckingInterval)]: Timeout {
            _idleTimeout: 30000,
            _idlePrev: [TimersList],
            _idleNext: [Timeout],
            _idleStart: 6604,
            _onTimeout: [Function: bound checkConnections],
            _timerArgs: undefined,
            _repeat: 30000,
            _destroyed: false,
            [Symbol(refed)]: false,
            [Symbol(kHasPrimitive)]: false,
            [Symbol(asyncId)]: 1063,
            [Symbol(triggerId)]: 1055
          }
        },
        _server: Server {
          maxHeaderSize: undefined,
          insecureHTTPParser: undefined,
          requestTimeout: 300000,
          headersTimeout: 60000,
          keepAliveTimeout: 5000,
          connectionsCheckingInterval: 30000,
          requireHostHeader: true,
          joinDuplicateHeaders: undefined,
          rejectNonStandardBodyWrites: false,
          _events: [Object: null prototype],
          _eventsCount: 3,
          _maxListeners: undefined,
          _connections: 1,
          _handle: [TCP],
          _usingWorkers: false,
          _workers: [],
          _unref: false,
          _listeningId: 2,
          allowHalfOpen: true,
          pauseOnConnect: false,
          noDelay: true,
          keepAlive: false,
          keepAliveInitialDelay: 0,
          highWaterMark: 16384,
          httpAllowHalfOpen: false,
          timeout: 0,
          maxHeadersCount: null,
          maxRequestsPerSocket: 0,
          _connectionKey: '6::::0',
          [Symbol(IncomingMessage)]: [Function: IncomingMessage],
          [Symbol(ServerResponse)]: [Function: ServerResponse],
          [Symbol(shapeMode)]: false,
          [Symbol(kCapture)]: false,
          [Symbol(async_id_symbol)]: 1054,
          [Symbol(kUniqueHeaders)]: null,
          [Symbol(http.server.connections)]: ConnectionsList {},
          [Symbol(http.server.connectionsCheckingInterval)]: Timeout {
            _idleTimeout: 30000,
            _idlePrev: [TimersList],
            _idleNext: [Timeout],
            _idleStart: 6604,
            _onTimeout: [Function: bound checkConnections],
            _timerArgs: undefined,
            _repeat: 30000,
            _destroyed: false,
            [Symbol(refed)]: false,
            [Symbol(kHasPrimitive)]: false,
            [Symbol(asyncId)]: 1063,
            [Symbol(triggerId)]: 1055
          }
        },
        parser: HTTPParser {
          '0': null,
          '1': [Function: parserOnHeaders],
          '2': [Function: parserOnHeadersComplete],
          '3': [Function: parserOnBody],
          '4': [Function: parserOnMessageComplete],
          '5': [Function: bound onParserExecute],
          '6': [Function: bound onParserTimeout],
          _headers: [],
          _url: '',
          socket: [Circular *1],
          incoming: [Circular *2],
          outgoing: null,
          maxHeaderPairs: 2000,
          _consumed: true,
          onIncoming: [Function: bound parserOnIncoming],
          joinDuplicateHeaders: null,
          [Symbol(resource_symbol)]: [HTTPServerAsyncResource]
        },
        on: [Function: socketListenerWrap],
        addListener: [Function: socketListenerWrap],
        prependListener: [Function: socketListenerWrap],
        setEncoding: [Function: socketSetEncoding],
        _paused: false,
        _httpMessage: ServerResponse {
          _events: [Object: null prototype],
          _eventsCount: 2,
          _maxListeners: undefined,
          outputData: [],
          outputSize: 0,
          writable: true,
          destroyed: false,
          _last: false,
          chunkedEncoding: false,
          shouldKeepAlive: false,
          maxRequestsOnConnectionReached: false,
          _defaultKeepAlive: true,
          useChunkedEncodingByDefault: true,
          sendDate: true,
          _removedConnection: false,
          _removedContLen: false,
          _removedTE: false,
          strictContentLength: false,
          _contentLength: null,
          _hasBody: true,
          _trailer: '',
          finished: false,
          _headerSent: false,
          _closed: false,
          socket: [Circular *1],
          _header: null,
          _keepAliveTimeout: 5000,
          _onPendingData: [Function: bound updateOutgoingData],
          req: [Circular *2],
          _sent100: false,
          _expect_continue: false,
          _maxRequestsPerSocket: 0,
          locals: [Object: null prototype] {},
          _startAt: undefined,
          _startTime: undefined,
          writeHead: [Function: writeHead],
          __onFinished: [Function],
          flush: [Function: flush],
          write: [Function: write],
          end: [Function: end],
          on: [Function: on],
          [Symbol(shapeMode)]: false,
          [Symbol(kCapture)]: false,
          [Symbol(kBytesWritten)]: 0,
          [Symbol(kNeedDrain)]: false,
          [Symbol(corked)]: 0,
          [Symbol(kOutHeaders)]: [Object: null prototype],
          [Symbol(errored)]: null,
          [Symbol(kHighWaterMark)]: 16384,
          [Symbol(kRejectNonStandardBodyWrites)]: false,
          [Symbol(kUniqueHeaders)]: null
        },
        _peername: { address: '::ffff:127.0.0.1', family: 'IPv6', port: 50657 },
        [Symbol(async_id_symbol)]: 1074,
        [Symbol(kHandle)]: TCP {
          reading: false,
          onconnection: null,
          _consumed: true,
          [Symbol(owner_symbol)]: [Circular *1]
        },
        [Symbol(lastWriteQueueSize)]: 0,
        [Symbol(timeout)]: null,
        [Symbol(kBuffer)]: null,
        [Symbol(kBufferCb)]: null,
        [Symbol(kBufferGen)]: null,
        [Symbol(shapeMode)]: true,
        [Symbol(kCapture)]: false,
        [Symbol(kSetNoDelay)]: true,
        [Symbol(kSetKeepAlive)]: false,
        [Symbol(kSetKeepAliveInitialDelay)]: 0,
        [Symbol(kBytesRead)]: 0,
        [Symbol(kBytesWritten)]: 0
      },
      _consuming: true,
      _dumped: false,
      next: [Function: next],
      baseUrl: '/api/v1/products',
      originalUrl: '/api/v1/products',
      _parsedUrl: Url {
        protocol: null,
        slashes: null,
        auth: null,
        host: null,
        port: null,
        hostname: null,
        hash: null,
        search: null,
        query: null,
        pathname: '/',
        path: '/',
        href: '/',
        _raw: '/'
      },
      params: {},
      query: {},
      res: <ref *3> ServerResponse {
        _events: [Object: null prototype] {
          finish: [Array],
          end: [Function: onevent]
        },
        _eventsCount: 2,
        _maxListeners: undefined,
        outputData: [],
        outputSize: 0,
        writable: true,
        destroyed: false,
        _last: false,
        chunkedEncoding: false,
        shouldKeepAlive: false,
        maxRequestsOnConnectionReached: false,
        _defaultKeepAlive: true,
        useChunkedEncodingByDefault: true,
        sendDate: true,
        _removedConnection: false,
        _removedContLen: false,
        _removedTE: false,
        strictContentLength: false,
        _contentLength: null,
        _hasBody: true,
        _trailer: '',
        finished: false,
        _headerSent: false,
        _closed: false,
        socket: <ref *1> Socket {
          connecting: false,
          _hadError: false,
          _parent: null,
          _host: null,
          _closeAfterHandlingError: false,
          _events: [Object],
          _readableState: [ReadableState],
          _writableState: [WritableState],
          allowHalfOpen: true,
          _maxListeners: undefined,
          _eventsCount: 8,
          _sockname: null,
          _pendingData: null,
          _pendingEncoding: '',
          server: [Server],
          _server: [Server],
          parser: [HTTPParser],
          on: [Function: socketListenerWrap],
          addListener: [Function: socketListenerWrap],
          prependListener: [Function: socketListenerWrap],
          setEncoding: [Function: socketSetEncoding],
          _paused: false,
          _httpMessage: [Circular *3],
          _peername: [Object],
          [Symbol(async_id_symbol)]: 1074,
          [Symbol(kHandle)]: [TCP],
          [Symbol(lastWriteQueueSize)]: 0,
          [Symbol(timeout)]: null,
          [Symbol(kBuffer)]: null,
          [Symbol(kBufferCb)]: null,
          [Symbol(kBufferGen)]: null,
          [Symbol(shapeMode)]: true,
          [Symbol(kCapture)]: false,
          [Symbol(kSetNoDelay)]: true,
          [Symbol(kSetKeepAlive)]: false,
          [Symbol(kSetKeepAliveInitialDelay)]: 0,
          [Symbol(kBytesRead)]: 0,
          [Symbol(kBytesWritten)]: 0
        },
        _header: null,
        _keepAliveTimeout: 5000,
        _onPendingData: [Function: bound updateOutgoingData],
        req: [Circular *2],
        _sent100: false,
        _expect_continue: false,
        _maxRequestsPerSocket: 0,
        locals: [Object: null prototype] {},
        _startAt: undefined,
        _startTime: undefined,
        writeHead: [Function: writeHead],
        __onFinished: [Function: listener] { queue: [Array] },
        flush: [Function: flush],
        write: [Function: write],
        end: [Function: end],
        on: [Function: on],
        [Symbol(shapeMode)]: false,
        [Symbol(kCapture)]: false,
        [Symbol(kBytesWritten)]: 0,
        [Symbol(kNeedDrain)]: false,
        [Symbol(corked)]: 0,
        [Symbol(kOutHeaders)]: [Object: null prototype] {
          'content-security-policy': [Array],
          'cross-origin-opener-policy': [Array],
          'cross-origin-resource-policy': [Array],
          'origin-agent-cluster': [Array],
          'referrer-policy': [Array],
          'strict-transport-security': [Array],
          'x-content-type-options': [Array],
          'x-dns-prefetch-control': [Array],
          'x-download-options': [Array],
          'x-frame-options': [Array],
          'x-permitted-cross-domain-policies': [Array],
          'x-xss-protection': [Array],
          'access-control-allow-origin': [Array],
          'access-control-allow-credentials': [Array]
        },
        [Symbol(errored)]: null,
        [Symbol(kHighWaterMark)]: 16384,
        [Symbol(kRejectNonStandardBodyWrites)]: false,
        [Symbol(kUniqueHeaders)]: null
      },
      _startAt: [ 89025, 929869600 ],
      _startTime: 2025-11-11T13:51:54.388Z,
      _remoteAddress: '::ffff:127.0.0.1',
      body: [Object: null prototype] {
        name: 'Product with Large Image',
        description: 'This should fail',
        price: '99.99',
        stock: '10',
        category: 'Electronics'
      },
      route: Route {
        path: '/',
        stack: [ [Layer], [Layer], [Layer], [Layer], [Layer], [Layer] ],
        methods: { post: true }
      },
      user: {
        userId: '69133f79ff0fc140927284d3',
        username: 'adminuser',
        email: 'admin@test.com',
        role: 'admin'
      },
      _eventsCount: 2,
      [Symbol(shapeMode)]: true,
      [Symbol(kCapture)]: false,
      [Symbol(kHeaders)]: {
        host: '127.0.0.1:50656',
        'accept-encoding': 'gzip, deflate',
        authorization: 'Bearer eyJhbGciOiJIUzI1NiIsInR5cCI6IkpXVCJ9.eyJ1c2VySWQiOiI2OTEzM2Y3OWZmMGZjMTQwOTI3Mjg0ZDMiLCJ1c2VybmFtZSI6ImFkbWludXNlciIsImVtYWlsIjoiYWRtaW5AdGVzdC5jb20iLCJyb2xlIjoiYWRtaW4iLCJpYXQiOjE3NjI4NjkxMTQsImV4cCI6MTc2MzQ3MzkxNH0.QoNuCVHxcWWKERqMeqJO-t2RKaOGwh-QWL313057jtQ',
        'content-type': 'multipart/form-data; boundary=--------------------------dbc4c39afaf4991df970fd50',
        'content-length': '6292261',
        connection: 'close'
      },
      [Symbol(kHeadersCount)]: 12,
      [Symbol(kTrailers)]: null,
      [Symbol(kTrailersCount)]: 0
    }

      at DiskStorage.destination [as getDestination] (src/helpers/multer.helper.ts:30:17)

  console.log
    Directory ensured: ./uploads/products/productImage

      at DiskStorage.destination [as getDestination] (src/helpers/multer.helper.ts:31:17)

  console.log
    Processing file: {
      originalname: 'large-file.png',
      mimetype: 'image/png',
      fieldname: 'productImage'
    }

      at DiskStorage.filename [as getFilename] (src/helpers/multer.helper.ts:48:15)

  console.log
    req: <ref *2> IncomingMessage {
      _events: {
        close: undefined,
        error: undefined,
        data: [Function: ondata],
        end: [Function: bound onceWrapper] { listener: [Function: onend] },
        readable: undefined
      },
      _readableState: ReadableState {
        highWaterMark: 16384,
        buffer: [],
        bufferIndex: 0,
        length: 0,
        pipes: [ [Multipart] ],
        awaitDrainWriters: null,
        [Symbol(kState)]: 194521356
      },
      _maxListeners: undefined,
      socket: <ref *1> Socket {
        connecting: false,
        _hadError: false,
        _parent: null,
        _host: null,
        _closeAfterHandlingError: false,
        _events: {
          close: [Array],
          error: [Array],
          prefinish: undefined,
          finish: undefined,
          drain: [Function: bound socketOnDrain],
          data: [Function: bound socketOnData],
          end: [Array],
          readable: undefined,
          timeout: [Function: socketOnTimeout],
          resume: [Function: onSocketResume],
          pause: [Function: onSocketPause]
        },
        _readableState: ReadableState {
          highWaterMark: 16384,
          buffer: [],
          bufferIndex: 0,
          length: 0,
          pipes: [],
          awaitDrainWriters: null,
          [Symbol(kState)]: 194062596
        },
        _writableState: WritableState {
          highWaterMark: 16384,
          length: 0,
          corked: 0,
          onwrite: [Function: bound onwrite],
          writelen: 0,
          bufferedIndex: 0,
          pendingcb: 0,
          [Symbol(kState)]: 17564420,
          [Symbol(kBufferedValue)]: null
        },
        allowHalfOpen: true,
        _maxListeners: undefined,
        _eventsCount: 8,
        _sockname: null,
        _pendingData: null,
        _pendingEncoding: '',
        server: Server {
          maxHeaderSize: undefined,
          insecureHTTPParser: undefined,
          requestTimeout: 300000,
          headersTimeout: 60000,
          keepAliveTimeout: 5000,
          connectionsCheckingInterval: 30000,
          requireHostHeader: true,
          joinDuplicateHeaders: undefined,
          rejectNonStandardBodyWrites: false,
          _events: [Object: null prototype],
          _eventsCount: 3,
          _maxListeners: undefined,
          _connections: 1,
          _handle: [TCP],
          _usingWorkers: false,
          _workers: [],
          _unref: false,
          _listeningId: 2,
          allowHalfOpen: true,
          pauseOnConnect: false,
          noDelay: true,
          keepAlive: false,
          keepAliveInitialDelay: 0,
          highWaterMark: 16384,
          httpAllowHalfOpen: false,
          timeout: 0,
          maxHeadersCount: null,
          maxRequestsPerSocket: 0,
          _connectionKey: '6::::0',
          [Symbol(IncomingMessage)]: [Function: IncomingMessage],
          [Symbol(ServerResponse)]: [Function: ServerResponse],
          [Symbol(shapeMode)]: false,
          [Symbol(kCapture)]: false,
          [Symbol(async_id_symbol)]: 1054,
          [Symbol(kUniqueHeaders)]: null,
          [Symbol(http.server.connections)]: ConnectionsList {},
          [Symbol(http.server.connectionsCheckingInterval)]: Timeout {
            _idleTimeout: 30000,
            _idlePrev: [TimersList],
            _idleNext: [Timeout],
            _idleStart: 6604,
            _onTimeout: [Function: bound checkConnections],
            _timerArgs: undefined,
            _repeat: 30000,
            _destroyed: false,
            [Symbol(refed)]: false,
            [Symbol(kHasPrimitive)]: false,
            [Symbol(asyncId)]: 1063,
            [Symbol(triggerId)]: 1055
          }
        },
        _server: Server {
          maxHeaderSize: undefined,
          insecureHTTPParser: undefined,
          requestTimeout: 300000,
          headersTimeout: 60000,
          keepAliveTimeout: 5000,
          connectionsCheckingInterval: 30000,
          requireHostHeader: true,
          joinDuplicateHeaders: undefined,
          rejectNonStandardBodyWrites: false,
          _events: [Object: null prototype],
          _eventsCount: 3,
          _maxListeners: undefined,
          _connections: 1,
          _handle: [TCP],
          _usingWorkers: false,
          _workers: [],
          _unref: false,
          _listeningId: 2,
          allowHalfOpen: true,
          pauseOnConnect: false,
          noDelay: true,
          keepAlive: false,
          keepAliveInitialDelay: 0,
          highWaterMark: 16384,
          httpAllowHalfOpen: false,
          timeout: 0,
          maxHeadersCount: null,
          maxRequestsPerSocket: 0,
          _connectionKey: '6::::0',
          [Symbol(IncomingMessage)]: [Function: IncomingMessage],
          [Symbol(ServerResponse)]: [Function: ServerResponse],
          [Symbol(shapeMode)]: false,
          [Symbol(kCapture)]: false,
          [Symbol(async_id_symbol)]: 1054,
          [Symbol(kUniqueHeaders)]: null,
          [Symbol(http.server.connections)]: ConnectionsList {},
          [Symbol(http.server.connectionsCheckingInterval)]: Timeout {
            _idleTimeout: 30000,
            _idlePrev: [TimersList],
            _idleNext: [Timeout],
            _idleStart: 6604,
            _onTimeout: [Function: bound checkConnections],
            _timerArgs: undefined,
            _repeat: 30000,
            _destroyed: false,
            [Symbol(refed)]: false,
            [Symbol(kHasPrimitive)]: false,
            [Symbol(asyncId)]: 1063,
            [Symbol(triggerId)]: 1055
          }
        },
        parser: HTTPParser {
          '0': null,
          '1': [Function: parserOnHeaders],
          '2': [Function: parserOnHeadersComplete],
          '3': [Function: parserOnBody],
          '4': [Function: parserOnMessageComplete],
          '5': [Function: bound onParserExecute],
          '6': [Function: bound onParserTimeout],
          _headers: [],
          _url: '',
          socket: [Circular *1],
          incoming: [Circular *2],
          outgoing: null,
          maxHeaderPairs: 2000,
          _consumed: true,
          onIncoming: [Function: bound parserOnIncoming],
          joinDuplicateHeaders: null,
          [Symbol(resource_symbol)]: [HTTPServerAsyncResource]
        },
        on: [Function: socketListenerWrap],
        addListener: [Function: socketListenerWrap],
        prependListener: [Function: socketListenerWrap],
        setEncoding: [Function: socketSetEncoding],
        _paused: false,
        _httpMessage: ServerResponse {
          _events: [Object: null prototype],
          _eventsCount: 2,
          _maxListeners: undefined,
          outputData: [],
          outputSize: 0,
          writable: true,
          destroyed: false,
          _last: false,
          chunkedEncoding: false,
          shouldKeepAlive: false,
          maxRequestsOnConnectionReached: false,
          _defaultKeepAlive: true,
          useChunkedEncodingByDefault: true,
          sendDate: true,
          _removedConnection: false,
          _removedContLen: false,
          _removedTE: false,
          strictContentLength: false,
          _contentLength: null,
          _hasBody: true,
          _trailer: '',
          finished: false,
          _headerSent: false,
          _closed: false,
          socket: [Circular *1],
          _header: null,
          _keepAliveTimeout: 5000,
          _onPendingData: [Function: bound updateOutgoingData],
          req: [Circular *2],
          _sent100: false,
          _expect_continue: false,
          _maxRequestsPerSocket: 0,
          locals: [Object: null prototype] {},
          _startAt: undefined,
          _startTime: undefined,
          writeHead: [Function: writeHead],
          __onFinished: [Function],
          flush: [Function: flush],
          write: [Function: write],
          end: [Function: end],
          on: [Function: on],
          [Symbol(shapeMode)]: false,
          [Symbol(kCapture)]: false,
          [Symbol(kBytesWritten)]: 0,
          [Symbol(kNeedDrain)]: false,
          [Symbol(corked)]: 0,
          [Symbol(kOutHeaders)]: [Object: null prototype],
          [Symbol(errored)]: null,
          [Symbol(kHighWaterMark)]: 16384,
          [Symbol(kRejectNonStandardBodyWrites)]: false,
          [Symbol(kUniqueHeaders)]: null
        },
        _peername: { address: '::ffff:127.0.0.1', family: 'IPv6', port: 50657 },
        [Symbol(async_id_symbol)]: 1074,
        [Symbol(kHandle)]: TCP {
          reading: false,
          onconnection: null,
          _consumed: true,
          [Symbol(owner_symbol)]: [Circular *1]
        },
        [Symbol(lastWriteQueueSize)]: 0,
        [Symbol(timeout)]: null,
        [Symbol(kBuffer)]: null,
        [Symbol(kBufferCb)]: null,
        [Symbol(kBufferGen)]: null,
        [Symbol(shapeMode)]: true,
        [Symbol(kCapture)]: false,
        [Symbol(kSetNoDelay)]: true,
        [Symbol(kSetKeepAlive)]: false,
        [Symbol(kSetKeepAliveInitialDelay)]: 0,
        [Symbol(kBytesRead)]: 0,
        [Symbol(kBytesWritten)]: 0
      },
      httpVersionMajor: 1,
      httpVersionMinor: 1,
      httpVersion: '1.1',
      complete: false,
      rawHeaders: [
        'Host',
        '127.0.0.1:50656',
        'Accept-Encoding',
        'gzip, deflate',
        'Authorization',
        'Bearer eyJhbGciOiJIUzI1NiIsInR5cCI6IkpXVCJ9.eyJ1c2VySWQiOiI2OTEzM2Y3OWZmMGZjMTQwOTI3Mjg0ZDMiLCJ1c2VybmFtZSI6ImFkbWludXNlciIsImVtYWlsIjoiYWRtaW5AdGVzdC5jb20iLCJyb2xlIjoiYWRtaW4iLCJpYXQiOjE3NjI4NjkxMTQsImV4cCI6MTc2MzQ3MzkxNH0.QoNuCVHxcWWKERqMeqJO-t2RKaOGwh-QWL313057jtQ',
        'content-type',
        'multipart/form-data; boundary=--------------------------dbc4c39afaf4991df970fd50',
        'Content-Length',
        '6292261',
        'Connection',
        'close'
      ],
      rawTrailers: [],
      joinDuplicateHeaders: null,
      aborted: false,
      upgrade: false,
      url: '/',
      method: 'POST',
      statusCode: null,
      statusMessage: null,
      client: <ref *1> Socket {
        connecting: false,
        _hadError: false,
        _parent: null,
        _host: null,
        _closeAfterHandlingError: false,
        _events: {
          close: [Array],
          error: [Array],
          prefinish: undefined,
          finish: undefined,
          drain: [Function: bound socketOnDrain],
          data: [Function: bound socketOnData],
          end: [Array],
          readable: undefined,
          timeout: [Function: socketOnTimeout],
          resume: [Function: onSocketResume],
          pause: [Function: onSocketPause]
        },
        _readableState: ReadableState {
          highWaterMark: 16384,
          buffer: [],
          bufferIndex: 0,
          length: 0,
          pipes: [],
          awaitDrainWriters: null,
          [Symbol(kState)]: 194062596
        },
        _writableState: WritableState {
          highWaterMark: 16384,
          length: 0,
          corked: 0,
          onwrite: [Function: bound onwrite],
          writelen: 0,
          bufferedIndex: 0,
          pendingcb: 0,
          [Symbol(kState)]: 17564420,
          [Symbol(kBufferedValue)]: null
        },
        allowHalfOpen: true,
        _maxListeners: undefined,
        _eventsCount: 8,
        _sockname: null,
        _pendingData: null,
        _pendingEncoding: '',
        server: Server {
          maxHeaderSize: undefined,
          insecureHTTPParser: undefined,
          requestTimeout: 300000,
          headersTimeout: 60000,
          keepAliveTimeout: 5000,
          connectionsCheckingInterval: 30000,
          requireHostHeader: true,
          joinDuplicateHeaders: undefined,
          rejectNonStandardBodyWrites: false,
          _events: [Object: null prototype],
          _eventsCount: 3,
          _maxListeners: undefined,
          _connections: 1,
          _handle: [TCP],
          _usingWorkers: false,
          _workers: [],
          _unref: false,
          _listeningId: 2,
          allowHalfOpen: true,
          pauseOnConnect: false,
          noDelay: true,
          keepAlive: false,
          keepAliveInitialDelay: 0,
          highWaterMark: 16384,
          httpAllowHalfOpen: false,
          timeout: 0,
          maxHeadersCount: null,
          maxRequestsPerSocket: 0,
          _connectionKey: '6::::0',
          [Symbol(IncomingMessage)]: [Function: IncomingMessage],
          [Symbol(ServerResponse)]: [Function: ServerResponse],
          [Symbol(shapeMode)]: false,
          [Symbol(kCapture)]: false,
          [Symbol(async_id_symbol)]: 1054,
          [Symbol(kUniqueHeaders)]: null,
          [Symbol(http.server.connections)]: ConnectionsList {},
          [Symbol(http.server.connectionsCheckingInterval)]: Timeout {
            _idleTimeout: 30000,
            _idlePrev: [TimersList],
            _idleNext: [Timeout],
            _idleStart: 6604,
            _onTimeout: [Function: bound checkConnections],
            _timerArgs: undefined,
            _repeat: 30000,
            _destroyed: false,
            [Symbol(refed)]: false,
            [Symbol(kHasPrimitive)]: false,
            [Symbol(asyncId)]: 1063,
            [Symbol(triggerId)]: 1055
          }
        },
        _server: Server {
          maxHeaderSize: undefined,
          insecureHTTPParser: undefined,
          requestTimeout: 300000,
          headersTimeout: 60000,
          keepAliveTimeout: 5000,
          connectionsCheckingInterval: 30000,
          requireHostHeader: true,
          joinDuplicateHeaders: undefined,
          rejectNonStandardBodyWrites: false,
          _events: [Object: null prototype],
          _eventsCount: 3,
          _maxListeners: undefined,
          _connections: 1,
          _handle: [TCP],
          _usingWorkers: false,
          _workers: [],
          _unref: false,
          _listeningId: 2,
          allowHalfOpen: true,
          pauseOnConnect: false,
          noDelay: true,
          keepAlive: false,
          keepAliveInitialDelay: 0,
          highWaterMark: 16384,
          httpAllowHalfOpen: false,
          timeout: 0,
          maxHeadersCount: null,
          maxRequestsPerSocket: 0,
          _connectionKey: '6::::0',
          [Symbol(IncomingMessage)]: [Function: IncomingMessage],
          [Symbol(ServerResponse)]: [Function: ServerResponse],
          [Symbol(shapeMode)]: false,
          [Symbol(kCapture)]: false,
          [Symbol(async_id_symbol)]: 1054,
          [Symbol(kUniqueHeaders)]: null,
          [Symbol(http.server.connections)]: ConnectionsList {},
          [Symbol(http.server.connectionsCheckingInterval)]: Timeout {
            _idleTimeout: 30000,
            _idlePrev: [TimersList],
            _idleNext: [Timeout],
            _idleStart: 6604,
            _onTimeout: [Function: bound checkConnections],
            _timerArgs: undefined,
            _repeat: 30000,
            _destroyed: false,
            [Symbol(refed)]: false,
            [Symbol(kHasPrimitive)]: false,
            [Symbol(asyncId)]: 1063,
            [Symbol(triggerId)]: 1055
          }
        },
        parser: HTTPParser {
          '0': null,
          '1': [Function: parserOnHeaders],
          '2': [Function: parserOnHeadersComplete],
          '3': [Function: parserOnBody],
          '4': [Function: parserOnMessageComplete],
          '5': [Function: bound onParserExecute],
          '6': [Function: bound onParserTimeout],
          _headers: [],
          _url: '',
          socket: [Circular *1],
          incoming: [Circular *2],
          outgoing: null,
          maxHeaderPairs: 2000,
          _consumed: true,
          onIncoming: [Function: bound parserOnIncoming],
          joinDuplicateHeaders: null,
          [Symbol(resource_symbol)]: [HTTPServerAsyncResource]
        },
        on: [Function: socketListenerWrap],
        addListener: [Function: socketListenerWrap],
        prependListener: [Function: socketListenerWrap],
        setEncoding: [Function: socketSetEncoding],
        _paused: false,
        _httpMessage: ServerResponse {
          _events: [Object: null prototype],
          _eventsCount: 2,
          _maxListeners: undefined,
          outputData: [],
          outputSize: 0,
          writable: true,
          destroyed: false,
          _last: false,
          chunkedEncoding: false,
          shouldKeepAlive: false,
          maxRequestsOnConnectionReached: false,
          _defaultKeepAlive: true,
          useChunkedEncodingByDefault: true,
          sendDate: true,
          _removedConnection: false,
          _removedContLen: false,
          _removedTE: false,
          strictContentLength: false,
          _contentLength: null,
          _hasBody: true,
          _trailer: '',
          finished: false,
          _headerSent: false,
          _closed: false,
          socket: [Circular *1],
          _header: null,
          _keepAliveTimeout: 5000,
          _onPendingData: [Function: bound updateOutgoingData],
          req: [Circular *2],
          _sent100: false,
          _expect_continue: false,
          _maxRequestsPerSocket: 0,
          locals: [Object: null prototype] {},
          _startAt: undefined,
          _startTime: undefined,
          writeHead: [Function: writeHead],
          __onFinished: [Function],
          flush: [Function: flush],
          write: [Function: write],
          end: [Function: end],
          on: [Function: on],
          [Symbol(shapeMode)]: false,
          [Symbol(kCapture)]: false,
          [Symbol(kBytesWritten)]: 0,
          [Symbol(kNeedDrain)]: false,
          [Symbol(corked)]: 0,
          [Symbol(kOutHeaders)]: [Object: null prototype],
          [Symbol(errored)]: null,
          [Symbol(kHighWaterMark)]: 16384,
          [Symbol(kRejectNonStandardBodyWrites)]: false,
          [Symbol(kUniqueHeaders)]: null
        },
        _peername: { address: '::ffff:127.0.0.1', family: 'IPv6', port: 50657 },
        [Symbol(async_id_symbol)]: 1074,
        [Symbol(kHandle)]: TCP {
          reading: false,
          onconnection: null,
          _consumed: true,
          [Symbol(owner_symbol)]: [Circular *1]
        },
        [Symbol(lastWriteQueueSize)]: 0,
        [Symbol(timeout)]: null,
        [Symbol(kBuffer)]: null,
        [Symbol(kBufferCb)]: null,
        [Symbol(kBufferGen)]: null,
        [Symbol(shapeMode)]: true,
        [Symbol(kCapture)]: false,
        [Symbol(kSetNoDelay)]: true,
        [Symbol(kSetKeepAlive)]: false,
        [Symbol(kSetKeepAliveInitialDelay)]: 0,
        [Symbol(kBytesRead)]: 0,
        [Symbol(kBytesWritten)]: 0
      },
      _consuming: true,
      _dumped: false,
      next: [Function: next],
      baseUrl: '/api/v1/products',
      originalUrl: '/api/v1/products',
      _parsedUrl: Url {
        protocol: null,
        slashes: null,
        auth: null,
        host: null,
        port: null,
        hostname: null,
        hash: null,
        search: null,
        query: null,
        pathname: '/',
        path: '/',
        href: '/',
        _raw: '/'
      },
      params: {},
      query: {},
      res: <ref *3> ServerResponse {
        _events: [Object: null prototype] {
          finish: [Array],
          end: [Function: onevent]
        },
        _eventsCount: 2,
        _maxListeners: undefined,
        outputData: [],
        outputSize: 0,
        writable: true,
        destroyed: false,
        _last: false,
        chunkedEncoding: false,
        shouldKeepAlive: false,
        maxRequestsOnConnectionReached: false,
        _defaultKeepAlive: true,
        useChunkedEncodingByDefault: true,
        sendDate: true,
        _removedConnection: false,
        _removedContLen: false,
        _removedTE: false,
        strictContentLength: false,
        _contentLength: null,
        _hasBody: true,
        _trailer: '',
        finished: false,
        _headerSent: false,
        _closed: false,
        socket: <ref *1> Socket {
          connecting: false,
          _hadError: false,
          _parent: null,
          _host: null,
          _closeAfterHandlingError: false,
          _events: [Object],
          _readableState: [ReadableState],
          _writableState: [WritableState],
          allowHalfOpen: true,
          _maxListeners: undefined,
          _eventsCount: 8,
          _sockname: null,
          _pendingData: null,
          _pendingEncoding: '',
          server: [Server],
          _server: [Server],
          parser: [HTTPParser],
          on: [Function: socketListenerWrap],
          addListener: [Function: socketListenerWrap],
          prependListener: [Function: socketListenerWrap],
          setEncoding: [Function: socketSetEncoding],
          _paused: false,
          _httpMessage: [Circular *3],
          _peername: [Object],
          [Symbol(async_id_symbol)]: 1074,
          [Symbol(kHandle)]: [TCP],
          [Symbol(lastWriteQueueSize)]: 0,
          [Symbol(timeout)]: null,
          [Symbol(kBuffer)]: null,
          [Symbol(kBufferCb)]: null,
          [Symbol(kBufferGen)]: null,
          [Symbol(shapeMode)]: true,
          [Symbol(kCapture)]: false,
          [Symbol(kSetNoDelay)]: true,
          [Symbol(kSetKeepAlive)]: false,
          [Symbol(kSetKeepAliveInitialDelay)]: 0,
          [Symbol(kBytesRead)]: 0,
          [Symbol(kBytesWritten)]: 0
        },
        _header: null,
        _keepAliveTimeout: 5000,
        _onPendingData: [Function: bound updateOutgoingData],
        req: [Circular *2],
        _sent100: false,
        _expect_continue: false,
        _maxRequestsPerSocket: 0,
        locals: [Object: null prototype] {},
        _startAt: undefined,
        _startTime: undefined,
        writeHead: [Function: writeHead],
        __onFinished: [Function: listener] { queue: [Array] },
        flush: [Function: flush],
        write: [Function: write],
        end: [Function: end],
        on: [Function: on],
        [Symbol(shapeMode)]: false,
        [Symbol(kCapture)]: false,
        [Symbol(kBytesWritten)]: 0,
        [Symbol(kNeedDrain)]: false,
        [Symbol(corked)]: 0,
        [Symbol(kOutHeaders)]: [Object: null prototype] {
          'content-security-policy': [Array],
          'cross-origin-opener-policy': [Array],
          'cross-origin-resource-policy': [Array],
          'origin-agent-cluster': [Array],
          'referrer-policy': [Array],
          'strict-transport-security': [Array],
          'x-content-type-options': [Array],
          'x-dns-prefetch-control': [Array],
          'x-download-options': [Array],
          'x-frame-options': [Array],
          'x-permitted-cross-domain-policies': [Array],
          'x-xss-protection': [Array],
          'access-control-allow-origin': [Array],
          'access-control-allow-credentials': [Array]
        },
        [Symbol(errored)]: null,
        [Symbol(kHighWaterMark)]: 16384,
        [Symbol(kRejectNonStandardBodyWrites)]: false,
        [Symbol(kUniqueHeaders)]: null
      },
      _startAt: [ 89025, 929869600 ],
      _startTime: 2025-11-11T13:51:54.388Z,
      _remoteAddress: '::ffff:127.0.0.1',
      body: [Object: null prototype] {
        name: 'Product with Large Image',
        description: 'This should fail',
        price: '99.99',
        stock: '10',
        category: 'Electronics'
      },
      route: Route {
        path: '/',
        stack: [ [Layer], [Layer], [Layer], [Layer], [Layer], [Layer] ],
        methods: { post: true }
      },
      user: {
        userId: '69133f79ff0fc140927284d3',
        username: 'adminuser',
        email: 'admin@test.com',
        role: 'admin'
      },
      _eventsCount: 2,
      [Symbol(shapeMode)]: true,
      [Symbol(kCapture)]: false,
      [Symbol(kHeaders)]: {
        host: '127.0.0.1:50656',
        'accept-encoding': 'gzip, deflate',
        authorization: 'Bearer eyJhbGciOiJIUzI1NiIsInR5cCI6IkpXVCJ9.eyJ1c2VySWQiOiI2OTEzM2Y3OWZmMGZjMTQwOTI3Mjg0ZDMiLCJ1c2VybmFtZSI6ImFkbWludXNlciIsImVtYWlsIjoiYWRtaW5AdGVzdC5jb20iLCJyb2xlIjoiYWRtaW4iLCJpYXQiOjE3NjI4NjkxMTQsImV4cCI6MTc2MzQ3MzkxNH0.QoNuCVHxcWWKERqMeqJO-t2RKaOGwh-QWL313057jtQ',
        'content-type': 'multipart/form-data; boundary=--------------------------dbc4c39afaf4991df970fd50',
        'content-length': '6292261',
        connection: 'close'
      },
      [Symbol(kHeadersCount)]: 12,
      [Symbol(kTrailers)]: null,
      [Symbol(kTrailersCount)]: 0
    }

      at DiskStorage.filename [as getFilename] (src/helpers/multer.helper.ts:49:15)

[0mPOST /api/v1/products [32m201[0m 64.559 ms - 356[0m
  console.log
    No file found in request for field: productImage

      at saveFileToBody (src/helpers/multer.helper.ts:115:13)

[0mPOST /api/v1/products [32m201[0m 16.868 ms - 357[0m
[0mPOST /api/v1/auth/register [32m201[0m 82.734 ms - 539[0m
[0mPOST /api/v1/auth/register [33m400[0m 5.555 ms - 76[0m
[0mPOST /api/v1/auth/register [33m400[0m 2.388 ms - 150[0m
  console.log
    Generated filename: 2cb57356-b511-4f33-ab50-babdb0455a25.png

      at DiskStorage.filename [as getFilename] (src/helpers/multer.helper.ts:52:15)

  console.error
    Multer error: MulterError {
      name: 'MulterError',
      message: 'File too large',
      code: 'LIMIT_FILE_SIZE',
      field: 'productImage',
      storageErrors: []
    }

    [0m [90m 209 |[39m           [36mif[39m (err) {
     [90m 210 |[39m             [36mconst[39m error [33m=[39m err [36mas[39m [33mError[39m[33m;[39m
    [31m[1m>[22m[39m[90m 211 |[39m             console[33m.[39merror([32m'Multer error:'[39m[33m,[39m error)[33m;[39m
     [90m     |[39m                     [31m[1m^[22m[39m
     [90m 212 |[39m             res[33m.[39mstatus([35m400[39m)[33m.[39mjson({ error[33m:[39m [36mtrue[39m[33m,[39m message[33m:[39m error[33m.[39mmessage })[33m;[39m
     [90m 213 |[39m             [36mreturn[39m[33m;[39m
     [90m 214 |[39m           }[0m

      at customNext (src/helpers/multer.helper.ts:211:21)
      at done (node_modules/multer/lib/make-middleware.js:47:7)
      at node_modules/multer/lib/make-middleware.js:67:11
      at node_modules/multer/lib/remove-uploaded-files.js:20:9

[0mPOST /api/v1/products [33m400[0m 83.445 ms - 41[0m
  console.log
    No file found in request for field: productImage

      at saveFileToBody (src/helpers/multer.helper.ts:115:13)

[0mPOST /api/v1/products [32m201[0m 8.720 ms - 360[0m
  console.log
    No file found in request for field: productImage

      at saveFileToBody (src/helpers/multer.helper.ts:115:13)

[0mPOST /api/v1/auth/register [33m400[0m 0.943 ms - 150[0m
[0mPOST /api/v1/auth/register [33m400[0m 1.089 ms - 81[0m
  console.error
    Error in updateByIdWithTransaction: MongoServerError: Caused by :: Unable to write to collection 'test.products' due to catalog changes; please retry the operation :: Please retry your operation or multi-document transaction.
        at Connection.sendCommand (D:\Projects\mNm\A2sv\node_modules\mongodb\src\cmap\connection.ts:559:17)
        at processTicksAndRejections (node:internal/process/task_queues:95:5)
        at Connection.command (D:\Projects\mNm\A2sv\node_modules\mongodb\src\cmap\connection.ts:633:22)
        at Server.command (D:\Projects\mNm\A2sv\node_modules\mongodb\src\sdam\server.ts:350:21)
        at tryOperation (D:\Projects\mNm\A2sv\node_modules\mongodb\src\operations\execute_operation.ts:289:24)
        at executeOperation (D:\Projects\mNm\A2sv\node_modules\mongodb\src\operations\execute_operation.ts:119:12)
        at Collection.findOneAndUpdate (D:\Projects\mNm\A2sv\node_modules\mongodb\src\collection.ts:1041:12)
        at model.Query._findOneAndUpdate (D:\Projects\mNm\A2sv\node_modules\mongoose\lib\query.js:3536:13)
        at model.Query.exec (D:\Projects\mNm\A2sv\node_modules\mongoose\lib\query.js:4627:63)
        at ProductRepository.updateByIdWithTransaction (D:\Projects\mNm\A2sv\src\repositories\BaseRepository.ts:383:26)
        at OrderService.placeOrder (D:\Projects\mNm\A2sv\src\services\order.service.ts:95:30)
        at OrderController.placeOrder (D:\Projects\mNm\A2sv\src\controllers\order.controller.ts:116:22) {
      errorLabelSet: Set(1) { 'TransientTransactionError' },
      errorResponse: {
        errorLabels: [ 'TransientTransactionError' ],
        ok: 0,
        errmsg: "Caused by :: Unable to write to collection 'test.products' due to catalog changes; please retry the operation :: Please retry your operation or multi-document transaction.",
        code: 112,
        codeName: 'WriteConflict',
        '$clusterTime': {
          clusterTime: new Timestamp({ t: 1762869114, i: 55 }),
          signature: [Object]
        },
        operationTime: new Timestamp({ t: 1762869114, i: 55 })
      },
      ok: 0,
      code: 112,
      codeName: 'WriteConflict',
      '$clusterTime': {
        clusterTime: new Timestamp({ t: 1762869114, i: 55 }),
        signature: {
          hash: Binary.createFromBase64('AAAAAAAAAAAAAAAAAAAAAAAAAAA=', 0),
          keyId: 0
        }
      },
      operationTime: new Timestamp({ t: 1762869114, i: 55 })
    }

    [0m [90m 404 |[39m       }[33m;[39m
     [90m 405 |[39m     } [36mcatch[39m (error) {
    [31m[1m>[22m[39m[90m 406 |[39m       console[33m.[39merror([32m'Error in updateByIdWithTransaction:'[39m[33m,[39m error)[33m;[39m
     [90m     |[39m               [31m[1m^[22m[39m
     [90m 407 |[39m       [36mreturn[39m {
     [90m 408 |[39m         success[33m:[39m [36mfalse[39m[33m,[39m
     [90m 409 |[39m         statusCode[33m:[39m [33mHttpStatus[39m[33m.[39m[33mINTERNAL_SERVER_ERROR[39m[33m,[39m[0m

      at ProductRepository.updateByIdWithTransaction (src/repositories/BaseRepository.ts:406:15)
      at OrderService.placeOrder (src/services/order.service.ts:95:30)
      at OrderController.placeOrder (src/controllers/order.controller.ts:116:22)

  console.error
    Error in updateByIdWithTransaction: MongoServerError: Transaction numbers are only allowed on a replica set member or mongos
        at Connection.sendCommand (D:\Projects\mNm\A2sv\node_modules\mongodb\src\cmap\connection.ts:559:17)
        at processTicksAndRejections (node:internal/process/task_queues:95:5)
        at Connection.command (D:\Projects\mNm\A2sv\node_modules\mongodb\src\cmap\connection.ts:633:22)
        at Server.command (D:\Projects\mNm\A2sv\node_modules\mongodb\src\sdam\server.ts:350:21)
        at tryOperation (D:\Projects\mNm\A2sv\node_modules\mongodb\src\operations\execute_operation.ts:289:24)
        at executeOperation (D:\Projects\mNm\A2sv\node_modules\mongodb\src\operations\execute_operation.ts:119:12)
        at Collection.findOneAndUpdate (D:\Projects\mNm\A2sv\node_modules\mongodb\src\collection.ts:1041:12)
        at model.Query._findOneAndUpdate (D:\Projects\mNm\A2sv\node_modules\mongoose\lib\query.js:3536:13)
        at model.Query.exec (D:\Projects\mNm\A2sv\node_modules\mongoose\lib\query.js:4627:63)
        at ProductRepository.updateByIdWithTransaction (D:\Projects\mNm\A2sv\src\repositories\BaseRepository.ts:383:26)
        at ProductService.updateProduct (D:\Projects\mNm\A2sv\src\services\product.service.ts:43:22)
        at ProductController.update (D:\Projects\mNm\A2sv\src\controllers\product.controller.ts:150:22) {
      errorLabelSet: Set(0) {},
      errorResponse: {
        ok: 0,
        errmsg: 'Transaction numbers are only allowed on a replica set member or mongos',
        code: 20,
        codeName: 'IllegalOperation'
      },
      ok: 0,
      code: 20,
      codeName: 'IllegalOperation'
    }

    [0m [90m 404 |[39m       }[33m;[39m
     [90m 405 |[39m     } [36mcatch[39m (error) {
    [31m[1m>[22m[39m[90m 406 |[39m       console[33m.[39merror([32m'Error in updateByIdWithTransaction:'[39m[33m,[39m error)[33m;[39m
     [90m     |[39m               [31m[1m^[22m[39m
     [90m 407 |[39m       [36mreturn[39m {
     [90m 408 |[39m         success[33m:[39m [36mfalse[39m[33m,[39m
     [90m 409 |[39m         statusCode[33m:[39m [33mHttpStatus[39m[33m.[39m[33mINTERNAL_SERVER_ERROR[39m[33m,[39m[0m

      at ProductRepository.updateByIdWithTransaction (src/repositories/BaseRepository.ts:406:15)
      at ProductService.updateProduct (src/services/product.service.ts:43:22)
      at ProductController.update (src/controllers/product.controller.ts:150:22)

  console.error
    Error in placeOrder: Error: Failed to update stock for product: Test Product 1
        at OrderService.placeOrder (D:\Projects\mNm\A2sv\src\services\order.service.ts:104:17)
        at processTicksAndRejections (node:internal/process/task_queues:95:5)
        at OrderController.placeOrder (D:\Projects\mNm\A2sv\src\controllers\order.controller.ts:116:22)

    [0m [90m 147 |[39m       }
     [90m 148 |[39m
    [31m[1m>[22m[39m[90m 149 |[39m       console[33m.[39merror([32m'Error in placeOrder:'[39m[33m,[39m error)[33m;[39m
     [90m     |[39m               [31m[1m^[22m[39m
     [90m 150 |[39m
     [90m 151 |[39m       [36mconst[39m errorMessage [33m=[39m error [36minstanceof[39m [33mError[39m [33m?[39m error[33m.[39mmessage [33m:[39m [33mErrorMessages[39m[33m.[39m[33mOPERATION_FAILED[39m[33m;[39m
     [90m 152 |[39m[0m

      at OrderService.placeOrder (src/services/order.service.ts:149:15)
      at OrderController.placeOrder (src/controllers/order.controller.ts:116:22)

[0mPUT /api/v1/products/69133f7aff0fc140927284fa [31m500[0m 42.819 ms - 68[0m
[0mPOST /api/v1/orders [31m500[0m 60.511 ms - 94[0m
  console.log
    No file found in request for field: productImage

      at saveFileToBody (src/helpers/multer.helper.ts:115:13)

[0mPOST /api/v1/products [32m201[0m 10.657 ms - 360[0m
  console.log
    No file found in request for field: productImage

      at saveFileToBody (src/helpers/multer.helper.ts:115:13)

  console.error
    Error in updateByIdWithTransaction: MongoServerError: Transaction numbers are only allowed on a replica set member or mongos
        at Connection.sendCommand (D:\Projects\mNm\A2sv\node_modules\mongodb\src\cmap\connection.ts:559:17)
        at processTicksAndRejections (node:internal/process/task_queues:95:5)
        at Connection.command (D:\Projects\mNm\A2sv\node_modules\mongodb\src\cmap\connection.ts:633:22)
        at Server.command (D:\Projects\mNm\A2sv\node_modules\mongodb\src\sdam\server.ts:350:21)
        at tryOperation (D:\Projects\mNm\A2sv\node_modules\mongodb\src\operations\execute_operation.ts:289:24)
        at executeOperation (D:\Projects\mNm\A2sv\node_modules\mongodb\src\operations\execute_operation.ts:119:12)
        at Collection.findOneAndUpdate (D:\Projects\mNm\A2sv\node_modules\mongodb\src\collection.ts:1041:12)
        at model.Query._findOneAndUpdate (D:\Projects\mNm\A2sv\node_modules\mongoose\lib\query.js:3536:13)
        at model.Query.exec (D:\Projects\mNm\A2sv\node_modules\mongoose\lib\query.js:4627:63)
        at ProductRepository.updateByIdWithTransaction (D:\Projects\mNm\A2sv\src\repositories\BaseRepository.ts:383:26)
        at ProductService.updateProduct (D:\Projects\mNm\A2sv\src\services\product.service.ts:43:22)
        at ProductController.update (D:\Projects\mNm\A2sv\src\controllers\product.controller.ts:150:22) {
      errorLabelSet: Set(0) {},
      errorResponse: {
        ok: 0,
        errmsg: 'Transaction numbers are only allowed on a replica set member or mongos',
        code: 20,
        codeName: 'IllegalOperation'
      },
      ok: 0,
      code: 20,
      codeName: 'IllegalOperation'
    }

    [0m [90m 404 |[39m       }[33m;[39m
     [90m 405 |[39m     } [36mcatch[39m (error) {
    [31m[1m>[22m[39m[90m 406 |[39m       console[33m.[39merror([32m'Error in updateByIdWithTransaction:'[39m[33m,[39m error)[33m;[39m
     [90m     |[39m               [31m[1m^[22m[39m
     [90m 407 |[39m       [36mreturn[39m {
     [90m 408 |[39m         success[33m:[39m [36mfalse[39m[33m,[39m
     [90m 409 |[39m         statusCode[33m:[39m [33mHttpStatus[39m[33m.[39m[33mINTERNAL_SERVER_ERROR[39m[33m,[39m[0m

      at ProductRepository.updateByIdWithTransaction (src/repositories/BaseRepository.ts:406:15)
      at ProductService.updateProduct (src/services/product.service.ts:43:22)
      at ProductController.update (src/controllers/product.controller.ts:150:22)

[0mPUT /api/v1/products/69133f7aff0fc140927284ff [31m500[0m 13.999 ms - 68[0m
  console.log
    No file found in request for field: productImage

      at saveFileToBody (src/helpers/multer.helper.ts:115:13)

[0mPOST /api/v1/products [32m201[0m 5.908 ms - 360[0m
  console.log
    No file found in request for field: productImage

      at saveFileToBody (src/helpers/multer.helper.ts:115:13)

[0mPUT /api/v1/products/69133f7aff0fc14092728506 [33m404[0m 4.048 ms - 61[0m
[0mPOST /api/v1/auth/login [32m200[0m 89.025 ms - 529[0m
[0mPOST /api/v1/orders [32m201[0m 23.375 ms - 477[0m
[0mPOST /api/v1/auth/register [32m201[0m 77.490 ms - 534[0m
  console.log
    No file found in request for field: productImage

      at saveFileToBody (src/helpers/multer.helper.ts:115:13)

[0mPOST /api/v1/products [32m201[0m 6.030 ms - 360[0m
[0mPUT /api/v1/products/69133f7aff0fc14092728509 [33m403[0m 1.305 ms - 81[0m
  console.log
    No file found in request for field: productImage

      at saveFileToBody (src/helpers/multer.helper.ts:115:13)

[0mPOST /api/v1/products [32m201[0m 5.460 ms - 360[0m
[0mPUT /api/v1/products/69133f7aff0fc1409272850c [33m401[0m 0.492 ms - 73[0m
[0mPOST /api/v1/orders [32m201[0m 14.701 ms - 387[0m
  console.log
    No file found in request for field: productImage

      at saveFileToBody (src/helpers/multer.helper.ts:115:13)

[0mPOST /api/v1/products [32m201[0m 5.625 ms - 363[0m
  console.log
    No file found in request for field: productImage

      at saveFileToBody (src/helpers/multer.helper.ts:115:13)

[0mPOST /api/v1/products [32m201[0m 4.159 ms - 352[0m
  console.log
    No file found in request for field: productImage

      at saveFileToBody (src/helpers/multer.helper.ts:115:13)

[0mPOST /api/v1/products [32m201[0m 6.037 ms - 349[0m
[0mGET /api/v1/products [32m200[0m 10.071 ms - 956[0m
[0mPOST /api/v1/orders [32m201[0m 16.038 ms - 387[0m
  console.log
    No file found in request for field: productImage

      at saveFileToBody (src/helpers/multer.helper.ts:115:13)

[0mPOST /api/v1/products [32m201[0m 5.289 ms - 363[0m
[0mGET /api/v1/products/69133f7afd7c09b53f3f48b5 [32m200[0m 6.559 ms - 351[0m
[0mPOST /api/v1/auth/login [33m401[0m 2.896 ms - 69[0m
  console.log
    No file found in request for field: productImage

      at saveFileToBody (src/helpers/multer.helper.ts:115:13)

[0mPOST /api/v1/products [32m201[0m 6.654 ms - 352[0m
[0mPOST /api/v1/auth/register [32m201[0m 79.669 ms - 541[0m
  console.log
    No file found in request for field: productImage

      at saveFileToBody (src/helpers/multer.helper.ts:115:13)

[0mPOST /api/v1/auth/register [33m400[0m 3.117 ms - 76[0m
[0mPOST /api/v1/products [32m201[0m 4.548 ms - 349[0m
[0mPOST /api/v1/auth/register [33m400[0m 1.145 ms - 254[0m
[0mGET /api/v1/products?page=1&limit=2 [32m200[0m 5.110 ms - 674[0m
[0mPOST /api/v1/auth/register [33m400[0m 0.990 ms - 208[0m
[0mPOST /api/v1/auth/register [33m400[0m 1.150 ms - 208[0m
  console.log
    No file found in request for field: productImage

      at saveFileToBody (src/helpers/multer.helper.ts:115:13)

[0mPOST /api/v1/orders [32m201[0m 17.852 ms - 387[0m
[0mPOST /api/v1/products [32m201[0m 5.887 ms - 363[0m
[0mPOST /api/v1/auth/register [33m400[0m 0.845 ms - 208[0m
  console.log
    No file found in request for field: productImage

      at saveFileToBody (src/helpers/multer.helper.ts:115:13)

[0mPOST /api/v1/products [32m201[0m 4.646 ms - 352[0m
[0mPOST /api/v1/auth/register [33m400[0m 1.036 ms - 208[0m
  console.log
    No file found in request for field: productImage

      at saveFileToBody (src/helpers/multer.helper.ts:115:13)

[0mPOST /api/v1/auth/register [33m400[0m 0.745 ms - 81[0m
[0mPOST /api/v1/products [32m201[0m 5.394 ms - 349[0m
[0mGET /api/v1/products?search=laptop [32m200[0m 4.254 ms - 419[0m
  console.log
    No file found in request for field: productImage

      at saveFileToBody (src/helpers/multer.helper.ts:115:13)

[0mPOST /api/v1/orders [32m201[0m 15.402 ms - 387[0m
[0mPOST /api/v1/products [32m201[0m 5.323 ms - 363[0m
  console.log
    No file found in request for field: productImage

      at saveFileToBody (src/helpers/multer.helper.ts:115:13)

[0mPOST /api/v1/products [32m201[0m 5.020 ms - 352[0m
  console.log
    No file found in request for field: productImage

      at saveFileToBody (src/helpers/multer.helper.ts:115:13)

[0mPOST /api/v1/products [32m201[0m 5.597 ms - 349[0m
  console.error
    Error in placeOrder: Error: Insufficient stock for product "Test Product 1". Available: 50, Requested: 100
        at OrderService.placeOrder (D:\Projects\mNm\A2sv\src\services\order.service.ts:88:17)
        at processTicksAndRejections (node:internal/process/task_queues:95:5)
        at OrderController.placeOrder (D:\Projects\mNm\A2sv\src\controllers\order.controller.ts:116:22)

    [0m [90m 147 |[39m       }
     [90m 148 |[39m
    [31m[1m>[22m[39m[90m 149 |[39m       console[33m.[39merror([32m'Error in placeOrder:'[39m[33m,[39m error)[33m;[39m
     [90m     |[39m               [31m[1m^[22m[39m
     [90m 150 |[39m
     [90m 151 |[39m       [36mconst[39m errorMessage [33m=[39m error [36minstanceof[39m [33mError[39m [33m?[39m error[33m.[39mmessage [33m:[39m [33mErrorMessages[39m[33m.[39m[33mOPERATION_FAILED[39m[33m;[39m
     [90m 152 |[39m[0m

      at OrderService.placeOrder (src/services/order.service.ts:149:15)
      at OrderController.placeOrder (src/controllers/order.controller.ts:116:22)

[0mPOST /api/v1/orders [33m400[0m 7.117 ms - 124[0m
[0mGET /api/v1/products?search=Mou [32m200[0m 4.083 ms - 408[0m
  console.log
    No file found in request for field: productImage

      at saveFileToBody (src/helpers/multer.helper.ts:115:13)

[0mPOST /api/v1/products [32m201[0m 4.525 ms - 363[0m
  console.log
    No file found in request for field: productImage

      at saveFileToBody (src/helpers/multer.helper.ts:115:13)

[0mPOST /api/v1/products [32m201[0m 5.257 ms - 352[0m
  console.log
    No file found in request for field: productImage

      at saveFileToBody (src/helpers/multer.helper.ts:115:13)

[0mPOST /api/v1/products [32m201[0m 5.567 ms - 349[0m
  console.error
    Error in placeOrder: Error: Insufficient stock for product "Test Product 2". Available: 30, Requested: 50
        at OrderService.placeOrder (D:\Projects\mNm\A2sv\src\services\order.service.ts:88:17)
        at processTicksAndRejections (node:internal/process/task_queues:95:5)
        at OrderController.placeOrder (D:\Projects\mNm\A2sv\src\controllers\order.controller.ts:116:22)

    [0m [90m 147 |[39m       }
     [90m 148 |[39m
    [31m[1m>[22m[39m[90m 149 |[39m       console[33m.[39merror([32m'Error in placeOrder:'[39m[33m,[39m error)[33m;[39m
     [90m     |[39m               [31m[1m^[22m[39m
     [90m 150 |[39m
     [90m 151 |[39m       [36mconst[39m errorMessage [33m=[39m error [36minstanceof[39m [33mError[39m [33m?[39m error[33m.[39mmessage [33m:[39m [33mErrorMessages[39m[33m.[39m[33mOPERATION_FAILED[39m[33m;[39m
     [90m 152 |[39m[0m

      at OrderService.placeOrder (src/services/order.service.ts:149:15)
      at OrderController.placeOrder (src/controllers/order.controller.ts:116:22)

[0mPOST /api/v1/orders [33m400[0m 14.062 ms - 123[0m
[0mGET /api/v1/products?search=NonExistentProduct [32m200[0m 5.401 ms - 139[0m
[0mPOST /api/v1/auth/register [32m201[0m 81.490 ms - 541[0m
[0mGET /api/v1/products/69133f7afd7c09b53f3f48b5 [32m200[0m 3.842 ms - 351[0m
  console.log
    No file found in request for field: productImage

      at saveFileToBody (src/helpers/multer.helper.ts:115:13)

[0mPOST /api/v1/products [32m201[0m 4.543 ms - 363[0m
  console.log
    No file found in request for field: productImage

      at saveFileToBody (src/helpers/multer.helper.ts:115:13)

[0mPOST /api/v1/products [32m201[0m 4.988 ms - 352[0m
[0mPOST /api/v1/auth/login [33m401[0m 77.327 ms - 69[0m
  console.log
    No file found in request for field: productImage

      at saveFileToBody (src/helpers/multer.helper.ts:115:13)

[0mPOST /api/v1/products [32m201[0m 4.649 ms - 349[0m
  console.error
    Error in placeOrder: Error: Product not found: 69133f7afd7c09b53f3f4901
        at OrderService.placeOrder (D:\Projects\mNm\A2sv\src\services\order.service.ts:79:17)
        at processTicksAndRejections (node:internal/process/task_queues:95:5)
        at OrderController.placeOrder (D:\Projects\mNm\A2sv\src\controllers\order.controller.ts:116:22)

    [0m [90m 147 |[39m       }
     [90m 148 |[39m
    [31m[1m>[22m[39m[90m 149 |[39m       console[33m.[39merror([32m'Error in placeOrder:'[39m[33m,[39m error)[33m;[39m
     [90m     |[39m               [31m[1m^[22m[39m
     [90m 150 |[39m
     [90m 151 |[39m       [36mconst[39m errorMessage [33m=[39m error [36minstanceof[39m [33mError[39m [33m?[39m error[33m.[39mmessage [33m:[39m [33mErrorMessages[39m[33m.[39m[33mOPERATION_FAILED[39m[33m;[39m
     [90m 152 |[39m[0m

      at OrderService.placeOrder (src/services/order.service.ts:149:15)
      at OrderController.placeOrder (src/controllers/order.controller.ts:116:22)

[0mPOST /api/v1/orders [33m404[0m 7.491 ms - 87[0m
[0mGET /api/v1/products?page=1&limit=2 [32m200[0m 6.532 ms - 674[0m
  console.log
    No file found in request for field: productImage

      at saveFileToBody (src/helpers/multer.helper.ts:115:13)

[0mPOST /api/v1/products [32m201[0m 4.842 ms - 352[0m
[0mGET /api/v1/products/69133f7aff0fc14092728545 [32m200[0m 2.996 ms - 347[0m
  console.error
    Error in placeOrder: Error: Invalid product ID: invalid-id
        at OrderService.placeOrder (D:\Projects\mNm\A2sv\src\services\order.service.ts:60:17)
        at processTicksAndRejections (node:internal/process/task_queues:95:5)
        at OrderController.placeOrder (D:\Projects\mNm\A2sv\src\controllers\order.controller.ts:116:22)

    [0m [90m 147 |[39m       }
     [90m 148 |[39m
    [31m[1m>[22m[39m[90m 149 |[39m       console[33m.[39merror([32m'Error in placeOrder:'[39m[33m,[39m error)[33m;[39m
     [90m     |[39m               [31m[1m^[22m[39m
     [90m 150 |[39m
     [90m 151 |[39m       [36mconst[39m errorMessage [33m=[39m error [36minstanceof[39m [33mError[39m [33m?[39m error[33m.[39mmessage [33m:[39m [33mErrorMessages[39m[33m.[39m[33mOPERATION_FAILED[39m[33m;[39m
     [90m 152 |[39m[0m

      at OrderService.placeOrder (src/services/order.service.ts:149:15)
      at OrderController.placeOrder (src/controllers/order.controller.ts:116:22)

[0mPOST /api/v1/orders [33m400[0m 4.091 ms - 74[0m
  console.log
    No file found in request for field: productImage

      at saveFileToBody (src/helpers/multer.helper.ts:115:13)

[0mPOST /api/v1/products [32m201[0m 8.848 ms - 352[0m
[0mGET /api/v1/products/69133f7aff0fc14092728549 [32m200[0m 2.199 ms - 347[0m
  console.log
    No file found in request for field: productImage

      at saveFileToBody (src/helpers/multer.helper.ts:115:13)

[0mPOST /api/v1/products [32m201[0m 4.958 ms - 352[0m
[0mPOST /api/v1/orders [33m400[0m 2.673 ms - 87[0m
[0mGET /api/v1/products/69133f7aff0fc1409272854f [33m404[0m 1.919 ms - 62[0m
[0mPOST /api/v1/auth/register [32m201[0m 80.638 ms - 541[0m
  console.log
    No file found in request for field: productImage

      at saveFileToBody (src/helpers/multer.helper.ts:115:13)

[0mPOST /api/v1/products [32m201[0m 5.138 ms - 352[0m
[0mGET /api/v1/products/invalid-id [33m400[0m 0.350 ms - 61[0m
[0mPOST /api/v1/auth/login [33m401[0m 3.581 ms - 69[0m
[0mPOST /api/v1/orders [33m400[0m 2.303 ms - 100[0m
  console.log
    No file found in request for field: productImage

      at saveFileToBody (src/helpers/multer.helper.ts:115:13)

[0mPOST /api/v1/products [32m201[0m 6.921 ms - 348[0m
[0mDELETE /api/v1/products/69133f7aff0fc14092728555 [32m200[0m 10.739 ms - 70[0m
[0mPOST /api/v1/orders [33m400[0m 2.677 ms - 87[0m
[0mGET /api/v1/products/69133f7aff0fc14092728555 [33m404[0m 2.535 ms - 62[0m
  console.log
    No file found in request for field: productImage

      at saveFileToBody (src/helpers/multer.helper.ts:115:13)

[0mPOST /api/v1/products [32m201[0m 6.611 ms - 348[0m
[0mDELETE /api/v1/products/69133f7aff0fc1409272855c [33m403[0m 1.119 ms - 81[0m
[0mPOST /api/v1/orders [33m400[0m 1.534 ms - 87[0m
  console.log
    No file found in request for field: productImage

      at saveFileToBody (src/helpers/multer.helper.ts:115:13)

[0mPOST /api/v1/products [32m201[0m 4.874 ms - 348[0m
[0mDELETE /api/v1/products/69133f7aff0fc1409272855f [33m401[0m 0.342 ms - 73[0m
  console.log
    No file found in request for field: productImage

      at saveFileToBody (src/helpers/multer.helper.ts:115:13)

[0mPOST /api/v1/auth/register [32m201[0m 83.091 ms - 541[0m
[0mPOST /api/v1/products [32m201[0m 5.095 ms - 348[0m
  console.error
    Error in placeOrder: Error: Product quantity must be at least 1
        at OrderService.placeOrder (D:\Projects\mNm\A2sv\src\services\order.service.ts:67:17)
        at processTicksAndRejections (node:internal/process/task_queues:95:5)
        at OrderController.placeOrder (D:\Projects\mNm\A2sv\src\controllers\order.controller.ts:116:22)

    [0m [90m 147 |[39m       }
     [90m 148 |[39m
    [31m[1m>[22m[39m[90m 149 |[39m       console[33m.[39merror([32m'Error in placeOrder:'[39m[33m,[39m error)[33m;[39m
     [90m     |[39m               [31m[1m^[22m[39m
     [90m 150 |[39m
     [90m 151 |[39m       [36mconst[39m errorMessage [33m=[39m error [36minstanceof[39m [33mError[39m [33m?[39m error[33m.[39mmessage [33m:[39m [33mErrorMessages[39m[33m.[39m[33mOPERATION_FAILED[39m[33m;[39m
     [90m 152 |[39m[0m

      at OrderService.placeOrder (src/services/order.service.ts:149:15)
      at OrderController.placeOrder (src/controllers/order.controller.ts:116:22)

[0mPOST /api/v1/orders [33m400[0m 4.458 ms - 79[0m
[0mDELETE /api/v1/products/69133f7aff0fc14092728564 [33m404[0m 4.838 ms - 61[0m
  console.log
    No file found in request for field: productImage

      at saveFileToBody (src/helpers/multer.helper.ts:115:13)

[0mPOST /api/v1/products [32m201[0m 6.426 ms - 348[0m
[0mPOST /api/v1/auth/login [33m401[0m 84.013 ms - 69[0m
[0mDELETE /api/v1/products/invalid-id [33m404[0m 2.654 ms - 61[0m
  console.error
    Error in placeOrder: Error: Product quantity must be at least 1
        at OrderService.placeOrder (D:\Projects\mNm\A2sv\src\services\order.service.ts:67:17)
        at processTicksAndRejections (node:internal/process/task_queues:95:5)
        at OrderController.placeOrder (D:\Projects\mNm\A2sv\src\controllers\order.controller.ts:116:22)

    [0m [90m 147 |[39m       }
     [90m 148 |[39m
    [31m[1m>[22m[39m[90m 149 |[39m       console[33m.[39merror([32m'Error in placeOrder:'[39m[33m,[39m error)[33m;[39m
     [90m     |[39m               [31m[1m^[22m[39m
     [90m 150 |[39m
     [90m 151 |[39m       [36mconst[39m errorMessage [33m=[39m error [36minstanceof[39m [33mError[39m [33m?[39m error[33m.[39mmessage [33m:[39m [33mErrorMessages[39m[33m.[39m[33mOPERATION_FAILED[39m[33m;[39m
     [90m 152 |[39m[0m

      at OrderService.placeOrder (src/services/order.service.ts:149:15)
      at OrderController.placeOrder (src/controllers/order.controller.ts:116:22)

[0mPOST /api/v1/orders [33m400[0m 5.700 ms - 79[0m
  console.log
    No file found in request for field: productImage

      at saveFileToBody (src/helpers/multer.helper.ts:115:13)

[0mPOST /api/v1/products [32m201[0m 5.812 ms - 344[0m
  console.log
    No file found in request for field: productImage

      at saveFileToBody (src/helpers/multer.helper.ts:115:13)

[0mPOST /api/v1/products [33m400[0m 2.758 ms - 165[0m
[0mPOST /api/v1/orders [33m401[0m 0.927 ms - 73[0m
  console.error
    Authentication error: JsonWebTokenError {
      name: 'JsonWebTokenError',
      message: 'jwt malformed'
    }

    [0m [90m 62 |[39m     next()[33m;[39m
     [90m 63 |[39m   } [36mcatch[39m (error) {
    [31m[1m>[22m[39m[90m 64 |[39m     console[33m.[39merror([32m'Authentication error:'[39m[33m,[39m error)[33m;[39m
     [90m    |[39m             [31m[1m^[22m[39m
     [90m 65 |[39m     [36mreturn[39m [33mErrorResponse[39m[33m.[39munauthorized(res[33m,[39m [33mErrorMessages[39m[33m.[39m[33mUNAUTHORIZED[39m)[33m;[39m
     [90m 66 |[39m   }
     [90m 67 |[39m }[33m;[39m[0m

      at authenticate (src/middlewares/auth.middleware.ts:64:13)
      at newFn (node_modules/express-async-errors/index.js:16:20)
      at Layer.handle [as handle_request] (node_modules/express/lib/router/layer.js:95:5)
      at next (node_modules/express/lib/router/route.js:149:13)
      at node_modules/express-rate-limit/dist/index.cjs:840:9
      at node_modules/express-rate-limit/dist/index.cjs:825:5

[0mPOST /api/v1/orders [33m401[0m 3.165 ms - 89[0m
[0mPOST /api/v1/auth/register [32m201[0m 83.200 ms - 543[0m
[0mPOST /api/v1/orders [32m201[0m 13.464 ms - 387[0m
[0mPOST /api/v1/auth/login [33m400[0m 1.530 ms - 103[0m
[0mPOST /api/v1/orders [32m201[0m 14.752 ms - 387[0m
[0mGET /api/v1/orders [32m200[0m 8.621 ms - 748[0m
[0mPOST /api/v1/orders [32m201[0m 13.777 ms - 387[0m
[0mPOST /api/v1/auth/register [32m201[0m 76.520 ms - 543[0m
[0mPOST /api/v1/auth/register [33m400[0m 1.181 ms - 324[0m
[0mPOST /api/v1/orders [32m201[0m 16.662 ms - 387[0m
[0mPOST /api/v1/auth/login [33m400[0m 1.819 ms - 78[0m
[0mPOST /api/v1/orders [32m201[0m 14.680 ms - 387[0m
[0mGET /api/v1/orders [32m200[0m 5.471 ms - 748[0m
[0mPOST /api/v1/orders [32m201[0m 13.258 ms - 387[0m
[0mPOST /api/v1/orders [32m201[0m 15.154 ms - 387[0m
[0mGET /api/v1/orders [32m200[0m 6.185 ms - 748[0m
[0mPOST /api/v1/auth/login [33m400[0m 1.017 ms - 81[0m
[0mPOST /api/v1/orders [32m201[0m 13.125 ms - 387[0m
[0mPOST /api/v1/orders [32m201[0m 12.786 ms - 387[0m
[0mGET /api/v1/orders [32m200[0m 4.785 ms - 748[0m
npm : FAIL tests/products/product.test.ts (7.046 s)
At line:1 char:1
+ npm test -- --no-coverage 2>&1 | Out-File -FilePath 
test-output.txt;  ...
+ ~~~~~~~~~~~~~~~~~~~~~~~~~~~~~~
    + CategoryInfo          : NotSpecified: (FAIL tests/prod.. 
   .st.ts (7.046 s):String) [], RemoteException
    + FullyQualifiedErrorId : NativeCommandError
 
  Product Management Tests
    POST /api/v1/products - Create Product (User Story 3)
      Success Cases
        ΓêÜ should create a new product with valid data and 
admin token (201) (90 ms)
        ΓêÜ should auto-assign userId from authenticated admin 
(20 ms)
      Authorization Tests (401/403)
        ΓêÜ should reject request without authentication token 
(401) (10 ms)
        ΓêÜ should reject request from regular user (403) (9 
ms)
      Validation Tests (400 Bad Request)
        ΓêÜ should reject product with missing name (16 ms)
        ΓêÜ should reject product with negative price (9 ms)
        ΓêÜ should reject product with negative stock (9 ms)
      File Upload Tests
        ΓêÜ should create product with image upload 
(multipart/form-data) (52 ms)
        ΓêÜ should create product without image (image is 
optional) (16 ms)
        ΓêÜ should reject file larger than 5MB (100 ms)
    PUT /api/v1/products/:id - Update Product (User Story 4)
      Success Cases
        ├ù should update product with valid data (200) (64 ms)
        ├ù should support partial updates (35 ms)
      Error Cases
        ΓêÜ should return 404 for non-existent product (20 ms)
        ΓêÜ should reject request from regular user (403) (17 
ms)
        ΓêÜ should reject request without authentication (401) 
(14 ms)
    GET /api/v1/products - Get Products List (User Stories 5 & 
6)
      Success Cases - Public Access
        ΓêÜ should return all products without authentication 
(200) (41 ms)
        ΓêÜ should return paginated results (43 ms)
        ΓêÜ should search products by name (case-insensitive) 
(37 ms)
        ΓêÜ should search products with partial match (36 ms)
        ΓêÜ should return empty array for non-matching search 
(37 ms)
      Pagination Details
        ΓêÜ should include correct pagination metadata (37 ms)
    GET /api/v1/products/:id - Get Product Details (User Story 
7)
      Success Cases
        ΓêÜ should return product details without 
authentication (200) (16 ms)
        ΓêÜ should return complete product information (20 ms)
      Error Cases
        ΓêÜ should return 404 for non-existent product (14 ms)
        ΓêÜ should return 400 for invalid product ID format 
(13 ms)
    DELETE /api/v1/products/:id - Delete Product (User Story 8)
      Success Cases
        ΓêÜ should delete product with admin token (200) (34 
ms)
      Authorization Tests
        ΓêÜ should reject request from regular user (403) (17 
ms)
        ΓêÜ should reject request without authentication (401) 
(13 ms)
      Error Cases
        ΓêÜ should return 404 for non-existent product (20 ms)
        ΓêÜ should return 404 for invalid product ID format 
(21 ms)
    Response Format Consistency
      ΓêÜ should have consistent success response format (12 
ms)
      ΓêÜ should have consistent error response format (9 ms)

  ΓùÅ Product Management Tests ΓÇ║ PUT /api/v1/products/:id - 
Update Product (User Story 4) ΓÇ║ Success Cases ΓÇ║ should 
update product with valid data (200)

    expected 200 "OK", got 500 "Internal Server Error"

    [0m [90m 311 |[39m           
[33m.[39m[36mset[39m([32m'Authorization'[39m[33m,[39m 
[32m`Bearer ${adminToken}`[39m)
     [90m 312 |[39m           [33m.[39msend(updateData)
    [31m[1m>[22m[39m[90m 313 |[39m           
[33m.[39mexpect([35m200[39m)[33m;[39m
     [90m     |[39m            [31m[1m^[22m[39m
     [90m 314 |[39m
     [90m 315 |[39m         expect(response[33m.[39mbody[3
3m.[39msuccess)[33m.[39mtoBe([36mtrue[39m)[33m;[39m
     [90m 316 |[39m         expect(response[33m.[39mbody[3
3m.[39mdata[33m.[39mname)[33m.[39mtoBe(updateData[33m.[3
9mname)[33m;[39m[0m

      at Object.<anonymous> 
(tests/products/product.test.ts:313:12)
      ----
      at Test._assertStatus 
(node_modules/supertest/lib/test.js:252:14)
      at node_modules/supertest/lib/test.js:308:13
      at Test._assertFunction 
(node_modules/supertest/lib/test.js:285:13)
      at Test.assert 
(node_modules/supertest/lib/test.js:164:23)
      at Server.localAssert 
(node_modules/supertest/lib/test.js:120:14)

  ΓùÅ Product Management Tests ΓÇ║ PUT /api/v1/products/:id - 
Update Product (User Story 4) ΓÇ║ Success Cases ΓÇ║ should 
support partial updates

    expected 200 "OK", got 500 "Internal Server Error"

    [0m [90m 329 |[39m           
[33m.[39m[36mset[39m([32m'Authorization'[39m[33m,[39m 
[32m`Bearer ${adminToken}`[39m)
     [90m 330 |[39m           [33m.[39msend(updateData)
    [31m[1m>[22m[39m[90m 331 |[39m           
[33m.[39mexpect([35m200[39m)[33m;[39m
     [90m     |[39m            [31m[1m^[22m[39m
     [90m 332 |[39m
     [90m 333 |[39m         expect(response[33m.[39mbody[3
3m.[39mdata[33m.[39mstock)[33m.[39mtoBe(updateData[33m.[
39mstock)[33m;[39m
     [90m 334 |[39m         expect(response[33m.[39mbody[3
3m.[39mdata[33m.[39mname)[33m.[39mtoBe([32m'Original 
Product'[39m)[33m;[39m[0m

      at Object.<anonymous> 
(tests/products/product.test.ts:331:12)
      ----
      at Test._assertStatus 
(node_modules/supertest/lib/test.js:252:14)
      at node_modules/supertest/lib/test.js:308:13
      at Test._assertFunction 
(node_modules/supertest/lib/test.js:285:13)
      at Test.assert 
(node_modules/supertest/lib/test.js:164:23)
      at Server.localAssert 
(node_modules/supertest/lib/test.js:120:14)

[0mPOST /api/v1/auth/login [33m400[0m 0.963 ms - 101[0m
[0mPOST /api/v1/orders [32m201[0m 15.092 ms - 387[0m
PASS tests/auth/register.test.ts (7.068 s)
  POST /api/v1/auth/register - User Registration (User Story 1)
    Success Cases
      ΓêÜ should register a new user with valid credentials 
and return 201 (220 ms)
      ΓêÜ should register user with explicit role=admin (119 
ms)
      ΓêÜ should default role to "user" when role is not 
provided (90 ms)
      ΓêÜ should hash the password (not stored as plaintext) 
(106 ms)
    Email Validation (400 Bad Request)
      ΓêÜ should reject invalid email format (18 ms)
      ΓêÜ should reject email without domain (9 ms)
      ΓêÜ should reject missing email (9 ms)
      ΓêÜ should reject duplicate email (400) (103 ms)
    Username Validation (400 Bad Request)
      ΓêÜ should reject username with special characters (15 
ms)
      ΓêÜ should reject username with spaces (7 ms)
      ΓêÜ should reject missing username (8 ms)
      ΓêÜ should accept valid alphanumeric username (84 ms)
      ΓêÜ should reject duplicate username (400) (92 ms)
    Password Validation (400 Bad Request)
      ΓêÜ should reject password shorter than 8 characters (7 
ms)
      ΓêÜ should reject password without uppercase letter (8 
ms)
      ΓêÜ should reject password without lowercase letter (7 
ms)
      ΓêÜ should reject password without number (7 ms)
      ΓêÜ should reject password without special character (7 
ms)
      ΓêÜ should reject missing password (7 ms)
      ΓêÜ should accept password meeting all requirements (346 
ms)
    Response Format
      ΓêÜ should never return password in response (83 ms)
      ΓêÜ should return errors array for validation failures 
(8 ms)

[0mPOST /api/v1/orders [32m201[0m 14.314 ms - 387[0m
[0mGET /api/v1/orders?page=1&limit=1 [32m200[0m 4.485 ms - 442[0m
[0mPOST /api/v1/orders [32m201[0m 13.508 ms - 387[0m
[0mPOST /api/v1/auth/login [33m400[0m 0.805 ms - 103[0m
[0mPOST /api/v1/orders [32m201[0m 12.321 ms - 387[0m
[0mGET /api/v1/orders?page=1&limit=10 [32m200[0m 4.582 ms - 748[0m
[0mPOST /api/v1/orders [32m201[0m 10.140 ms - 387[0m
[0mPOST /api/v1/orders [32m201[0m 11.746 ms - 387[0m
[0mGET /api/v1/orders [32m200[0m 4.842 ms - 748[0m
[0mPOST /api/v1/orders [32m201[0m 13.582 ms - 387[0m
[0mPOST /api/v1/orders [32m201[0m 12.624 ms - 387[0m
[0mGET /api/v1/orders [33m401[0m 0.447 ms - 73[0m
[0mPOST /api/v1/orders [32m201[0m 11.238 ms - 387[0m
[0mPOST /api/v1/auth/login [32m200[0m 75.951 ms - 529[0m
[0mPOST /api/v1/orders [32m201[0m 12.511 ms - 387[0m
  console.error
    Authentication error: JsonWebTokenError {
      name: 'JsonWebTokenError',
      message: 'jwt malformed'
    }

    [0m [90m 62 |[39m     next()[33m;[39m
     [90m 63 |[39m   } [36mcatch[39m (error) {
    [31m[1m>[22m[39m[90m 64 |[39m     console[33m.[39merror([32m'Authentication error:'[39m[33m,[39m error)[33m;[39m
     [90m    |[39m             [31m[1m^[22m[39m
     [90m 65 |[39m     [36mreturn[39m [33mErrorResponse[39m[33m.[39munauthorized(res[33m,[39m [33mErrorMessages[39m[33m.[39m[33mUNAUTHORIZED[39m)[33m;[39m
     [90m 66 |[39m   }
     [90m 67 |[39m }[33m;[39m[0m

      at authenticate (src/middlewares/auth.middleware.ts:64:13)
      at newFn (node_modules/express-async-errors/index.js:16:20)
      at Layer.handle [as handle_request] (node_modules/express/lib/router/layer.js:95:5)
      at next (node_modules/express/lib/router/route.js:149:13)
      at node_modules/express-rate-limit/dist/index.cjs:840:9
      at node_modules/express-rate-limit/dist/index.cjs:825:5

[0mGET /api/v1/orders [33m401[0m 2.169 ms - 89[0m
[0mPOST /api/v1/orders [32m201[0m 15.839 ms - 387[0m
[0mPOST /api/v1/orders [32m201[0m 12.387 ms - 387[0m
[0mPOST /api/v1/auth/login [33m401[0m 3.786 ms - 69[0m
[0mPOST /api/v1/auth/register [32m201[0m 82.431 ms - 532[0m
[0mGET /api/v1/orders [32m200[0m 3.606 ms - 139[0m
[0mPOST /api/v1/auth/login [33m400[0m 1.373 ms - 145[0m
[0mPOST /api/v1/orders [32m201[0m 11.807 ms - 397[0m
[0mGET /api/v1/orders/69133f7bfd7c09b53f3f49bc [32m200[0m 4.336 ms - 392[0m
[0mPOST /api/v1/orders [32m201[0m 11.506 ms - 397[0m
[0mGET /api/v1/orders/69133f7bfd7c09b53f3f49c5 [32m200[0m 2.965 ms - 392[0m
[0mPOST /api/v1/orders [32m201[0m 13.485 ms - 397[0m
[0mGET /api/v1/orders/69133f7bfd7c09b53f3f49ce [33m404[0m 4.244 ms - 62[0m
[0mPOST /api/v1/orders [32m201[0m 11.181 ms - 397[0m
[0mGET /api/v1/orders/69133f7bfd7c09b53f3f49d9 [33m404[0m 3.022 ms - 62[0m
[0mPOST /api/v1/auth/login [32m200[0m 75.743 ms - 529[0m
[0mPOST /api/v1/orders [32m201[0m 11.917 ms - 397[0m
[0mGET /api/v1/orders/invalid-id [33m400[0m 1.161 ms - 61[0m
[0mPOST /api/v1/orders [32m201[0m 12.150 ms - 397[0m
[0mGET /api/v1/orders/69133f7bfd7c09b53f3f49e9 [33m401[0m 0.395 ms - 73[0m
[0mPOST /api/v1/orders [32m201[0m 10.791 ms - 387[0m
[0mPOST /api/v1/orders [33m400[0m 1.935 ms - 100[0m
[0mGET /api/v1/orders [32m200[0m 3.567 ms - 139[0m
[0mPOST /api/v1/auth/login [33m401[0m 73.490 ms - 69[0m
[0mPOST /api/v1/auth/login [33m401[0m 72.893 ms - 69[0m
[0mPOST /api/v1/auth/login [33m401[0m 75.939 ms - 69[0m
[0mPOST /api/v1/auth/login [33m401[0m 74.094 ms - 69[0m
[0mPOST /api/v1/auth/login [33m401[0m 77.442 ms - 69[0m
[0mPOST /api/v1/auth/login [32m200[0m 89.973 ms - 529[0m
[0mPOST /api/v1/auth/login [32m200[0m 81.674 ms - 529[0m
[0mPOST /api/v1/auth/login [32m200[0m 84.576 ms - 529[0m
[0mPOST /api/v1/auth/login [32m200[0m 82.754 ms - 529[0m
PASS tests/auth/login.test.ts (8.818 s)
  POST /api/v1/auth/login - User Login (User Story 2)
    Success Cases
      ΓêÜ should login with valid credentials and return 200 
with JWT token (352 ms)
      ΓêÜ should login and JWT payload should contain userId, 
username, and role (162 ms)
      ΓêÜ should login admin user successfully (266 ms)
    Authentication Errors (401 Unauthorized)
      ΓêÜ should return 401 for non-existent user (86 ms)
      ΓêÜ should return 401 for incorrect password (161 ms)
      ΓêÜ should not reveal whether email exists (security) 
(176 ms)
    Input Validation (400 Bad Request)
      ΓêÜ should reject login with invalid email format (83 ms)
      ΓêÜ should reject login without email (86 ms)
      ΓêÜ should reject login without password (83 ms)
      ΓêÜ should reject login with empty body (83 ms)
      ΓêÜ should reject email without @ symbol (78 ms)
    Response Format
      ΓêÜ should never return password in login response (152 
ms)
      ΓêÜ should have consistent error response structure (89 
ms)
      ΓêÜ should return errors array for validation failures 
(79 ms)
    Password Hashing and Comparison
      ΓêÜ should correctly validate hashed password (156 ms)
      ΓêÜ should reject password with slight variation (472 ms)
    Email Case Sensitivity
      ΓêÜ should login with email regardless of case (433 ms)

FAIL tests/orders/order.test.ts (8.899 s)
  Order Management Tests
    POST /api/v1/orders - Place Order (User Story 9)
      Success Cases
        ├ù should place order with single product (201) (110 
ms)
        ΓêÜ should place order with multiple products (201) 
(57 ms)
        ΓêÜ should calculate total price on backend (35 ms)
        ΓêÜ should update product stock after order placement 
(46 ms)
        ΓêÜ should associate order with authenticated user (38 
ms)
        ΓêÜ should allow order without description (36 ms)
      Stock Validation (400 Bad Request)
        ΓêÜ should reject order if insufficient stock (26 ms)
        ΓêÜ should not update stock if order fails (42 ms)
      Product Validation (400/404)
        ΓêÜ should reject order with non-existent product 
(404) (28 ms)
        ΓêÜ should reject order with invalid product ID (27 ms)
      Request Validation (400 Bad Request)
        ΓêÜ should reject order without products array (23 ms)
        ΓêÜ should reject order with empty products array (25 
ms)
        ΓêÜ should reject order with missing productId (23 ms)
        ΓêÜ should reject order with missing quantity (21 ms)
        ΓêÜ should reject order with quantity less than 1 (27 
ms)
        ΓêÜ should reject order with negative quantity (30 ms)
      Authentication (401)
        ΓêÜ should reject order without authentication (17 ms)
        ΓêÜ should reject order with invalid token (19 ms)
    GET /api/v1/orders - Get Order History (User Story 10)
      Success Cases
        ΓêÜ should return user order history (200) (63 ms)
        ΓêÜ should only return orders for authenticated user 
(79 ms)
        ΓêÜ should return orders sorted by creation date 
(newest first) (61 ms)
        ΓêÜ should include order details in response (61 ms)
      Pagination
        ΓêÜ should support pagination with page and limit (63 
ms)
        ΓêÜ should return correct pagination metadata (58 ms)
        ΓêÜ should default to page 1 and limit 10 (49 ms)
      Authentication (401)
        ΓêÜ should reject request without authentication (49 
ms)
        ΓêÜ should reject request with invalid token (51 ms)
      Empty Order History
        ΓêÜ should return empty array if user has no orders 
(144 ms)
    GET /api/v1/orders/:id - Get Single Order Details
      Success Cases
        ΓêÜ should return order details (200) (37 ms)
        ΓêÜ should include complete order information (37 ms)
      Security - User Isolation
        ΓêÜ should not allow user to access another user order 
(404) (36 ms)
      Error Cases
        ΓêÜ should return 404 for non-existent order (35 ms)
        ΓêÜ should return 400 for invalid order ID (37 ms)
      Authentication (401)
        ΓêÜ should reject request without authentication (31 
ms)
    Response Format Consistency
      ΓêÜ should have consistent success response format for 
place order (27 ms)
      ΓêÜ should have consistent error response format (16 ms)
      ΓêÜ should have consistent paginated response format (20 
ms)

  ΓùÅ Order Management Tests ΓÇ║ POST /api/v1/orders - Place 
Order (User Story 9) ΓÇ║ Success Cases ΓÇ║ should place order 
with single product (201)

    expected 201 "Created", got 500 "Internal Server Error"

    [0m [90m 125 |[39m           
[33m.[39m[36mset[39m([32m'Authorization'[39m[33m,[39m 
[32m`Bearer ${userToken}`[39m)
     [90m 126 |[39m           [33m.[39msend(orderData)
    [31m[1m>[22m[39m[90m 127 |[39m           
[33m.[39mexpect([35m201[39m)[33m;[39m
     [90m     |[39m            [31m[1m^[22m[39m
     [90m 128 |[39m         expect(response[33m.[39mbody[3
3m.[39msuccess)[33m.[39mtoBe([36mtrue[39m)[33m;[39m
     [90m 129 |[39m         expect(response[33m.[39mbody[3
3m.[39mdata)[33m.[39mtoHaveProperty([32m'_id'[39m)[33m;[
39m
     [90m 130 |[39m         expect(response[33m.[39mbody[3
3m.[39mdata[33m.[39mproducts)[33m.[39mtoHaveLength([35m1
[39m)[33m;[39m[0m

      at Object.<anonymous> (tests/orders/order.test.ts:127:12)
      ----
      at Test._assertStatus 
(node_modules/supertest/lib/test.js:252:14)
      at node_modules/supertest/lib/test.js:308:13
      at Test._assertFunction 
(node_modules/supertest/lib/test.js:285:13)
      at Test.assert 
(node_modules/supertest/lib/test.js:164:23)
      at Server.localAssert 
(node_modules/supertest/lib/test.js:120:14)

Test Suites: 2 failed, 2 passed, 4 total
Tests:       3 failed, 105 passed, 108 total
Snapshots:   0 total
Time:        9.77 s, estimated 10 s
Ran all test suites.
