
> a2sv-ecommerce-backend@1.0.0 test
> jest --coverage --verbose --verbose

[0mPOST /api/v1/auth/register [32m201[0m 143.171 ms - 534[0m
[0mPOST /api/v1/auth/register [32m201[0m 148.885 ms - 539[0m
[0mPOST /api/v1/auth/register [32m201[0m 95.930 ms - 534[0m
[0mPOST /api/v1/auth/register [32m201[0m 92.168 ms - 541[0m
[0mPOST /api/v1/auth/login [32m200[0m 131.829 ms - 529[0m
  console.log
    No file found in request for field: productImage

      at log (src/helpers/multer.helper.ts:115:13)

[0mPOST /api/v1/products [32m201[0m 51.659 ms - 368[0m
  console.log
    No file found in request for field: productImage

      at log (src/helpers/multer.helper.ts:115:13)

[0mPOST /api/v1/products [32m201[0m 7.832 ms - 341[0m
[0mPOST /api/v1/auth/register [32m201[0m 148.243 ms - 534[0m
[0mPOST /api/v1/products [33m401[0m 1.254 ms - 73[0m
[0mPOST /api/v1/products [33m403[0m 2.410 ms - 81[0m
  console.log
    No file found in request for field: productImage

      at log (src/helpers/multer.helper.ts:115:13)

[0mPOST /api/v1/products [33m400[0m 6.376 ms - 85[0m
[0mPOST /api/v1/auth/register [32m201[0m 89.015 ms - 534[0m
  console.log
    No file found in request for field: productImage

      at log (src/helpers/multer.helper.ts:115:13)

[0mPOST /api/v1/products [33m400[0m 3.506 ms - 107[0m
  console.log
    No file found in request for field: productImage

      at log (src/helpers/multer.helper.ts:115:13)

[0mPOST /api/v1/products [33m400[0m 3.417 ms - 109[0m
  console.log
    Filtering file: {
      mimetype: 'image/png',
      fieldname: 'productImage',
      originalname: 'test-image.png'
    }

      at log (src/helpers/multer.helper.ts:66:11)

  console.log
    req: <ref *2> IncomingMessage {
      _events: {
        close: undefined,
        error: undefined,
        data: [Function: ondata],
        end: [Function: bound onceWrapper] { listener: [Function: onend] },
        readable: undefined
      },
      _readableState: ReadableState {
        highWaterMark: 16384,
        buffer: [],
        bufferIndex: 0,
        length: 0,
        pipes: [ [Multipart] ],
        awaitDrainWriters: null,
        [Symbol(kState)]: 194521356
      },
      _maxListeners: undefined,
      socket: <ref *1> Socket {
        connecting: false,
        _hadError: false,
        _parent: null,
        _host: null,
        _closeAfterHandlingError: false,
        _events: {
          close: [Array],
          error: [Array],
          prefinish: undefined,
          finish: undefined,
          drain: [Function: bound socketOnDrain],
          data: [Function: bound socketOnData],
          end: [Array],
          readable: undefined,
          timeout: [Function: socketOnTimeout],
          resume: [Function: onSocketResume],
          pause: [Function: onSocketPause]
        },
        _readableState: ReadableState {
          highWaterMark: 16384,
          buffer: [],
          bufferIndex: 0,
          length: 0,
          pipes: [],
          awaitDrainWriters: null,
          [Symbol(kState)]: 193997060
        },
        _writableState: WritableState {
          highWaterMark: 16384,
          length: 0,
          corked: 0,
          onwrite: [Function: bound onwrite],
          writelen: 0,
          bufferedIndex: 0,
          pendingcb: 0,
          [Symbol(kState)]: 17564420,
          [Symbol(kBufferedValue)]: null
        },
        allowHalfOpen: true,
        _maxListeners: undefined,
        _eventsCount: 8,
        _sockname: null,
        _pendingData: null,
        _pendingEncoding: '',
        server: Server {
          maxHeaderSize: undefined,
          insecureHTTPParser: undefined,
          requestTimeout: 300000,
          headersTimeout: 60000,
          keepAliveTimeout: 5000,
          connectionsCheckingInterval: 30000,
          requireHostHeader: true,
          joinDuplicateHeaders: undefined,
          rejectNonStandardBodyWrites: false,
          _events: [Object: null prototype],
          _eventsCount: 3,
          _maxListeners: undefined,
          _connections: 1,
          _handle: [TCP],
          _usingWorkers: false,
          _workers: [],
          _unref: false,
          _listeningId: 2,
          allowHalfOpen: true,
          pauseOnConnect: false,
          noDelay: true,
          keepAlive: false,
          keepAliveInitialDelay: 0,
          highWaterMark: 16384,
          httpAllowHalfOpen: false,
          timeout: 0,
          maxHeadersCount: null,
          maxRequestsPerSocket: 0,
          _connectionKey: '6::::0',
          [Symbol(IncomingMessage)]: [Function: IncomingMessage],
          [Symbol(ServerResponse)]: [Function: ServerResponse],
          [Symbol(shapeMode)]: false,
          [Symbol(kCapture)]: false,
          [Symbol(async_id_symbol)]: 921,
          [Symbol(kUniqueHeaders)]: null,
          [Symbol(http.server.connections)]: ConnectionsList {},
          [Symbol(http.server.connectionsCheckingInterval)]: Timeout {
            _idleTimeout: 30000,
            _idlePrev: [TimersList],
            _idleNext: [Timeout],
            _idleStart: 7186,
            _onTimeout: [Function: bound checkConnections],
            _timerArgs: undefined,
            _repeat: 30000,
            _destroyed: false,
            [Symbol(refed)]: false,
            [Symbol(kHasPrimitive)]: false,
            [Symbol(asyncId)]: 930,
            [Symbol(triggerId)]: 922
          }
        },
        _server: Server {
          maxHeaderSize: undefined,
          insecureHTTPParser: undefined,
          requestTimeout: 300000,
          headersTimeout: 60000,
          keepAliveTimeout: 5000,
          connectionsCheckingInterval: 30000,
          requireHostHeader: true,
          joinDuplicateHeaders: undefined,
          rejectNonStandardBodyWrites: false,
          _events: [Object: null prototype],
          _eventsCount: 3,
          _maxListeners: undefined,
          _connections: 1,
          _handle: [TCP],
          _usingWorkers: false,
          _workers: [],
          _unref: false,
          _listeningId: 2,
          allowHalfOpen: true,
          pauseOnConnect: false,
          noDelay: true,
          keepAlive: false,
          keepAliveInitialDelay: 0,
          highWaterMark: 16384,
          httpAllowHalfOpen: false,
          timeout: 0,
          maxHeadersCount: null,
          maxRequestsPerSocket: 0,
          _connectionKey: '6::::0',
          [Symbol(IncomingMessage)]: [Function: IncomingMessage],
          [Symbol(ServerResponse)]: [Function: ServerResponse],
          [Symbol(shapeMode)]: false,
          [Symbol(kCapture)]: false,
          [Symbol(async_id_symbol)]: 921,
          [Symbol(kUniqueHeaders)]: null,
          [Symbol(http.server.connections)]: ConnectionsList {},
          [Symbol(http.server.connectionsCheckingInterval)]: Timeout {
            _idleTimeout: 30000,
            _idlePrev: [TimersList],
            _idleNext: [Timeout],
            _idleStart: 7186,
            _onTimeout: [Function: bound checkConnections],
            _timerArgs: undefined,
            _repeat: 30000,
            _destroyed: false,
            [Symbol(refed)]: false,
            [Symbol(kHasPrimitive)]: false,
            [Symbol(asyncId)]: 930,
            [Symbol(triggerId)]: 922
          }
        },
        parser: HTTPParser {
          '0': null,
          '1': [Function: parserOnHeaders],
          '2': [Function: parserOnHeadersComplete],
          '3': [Function: parserOnBody],
          '4': [Function: parserOnMessageComplete],
          '5': [Function: bound onParserExecute],
          '6': [Function: bound onParserTimeout],
          _headers: [],
          _url: '',
          socket: [Circular *1],
          incoming: [Circular *2],
          outgoing: null,
          maxHeaderPairs: 2000,
          _consumed: true,
          onIncoming: [Function: bound parserOnIncoming],
          joinDuplicateHeaders: null,
          [Symbol(resource_symbol)]: [HTTPServerAsyncResource]
        },
        on: [Function: socketListenerWrap],
        addListener: [Function: socketListenerWrap],
        prependListener: [Function: socketListenerWrap],
        setEncoding: [Function: socketSetEncoding],
        _paused: false,
        _httpMessage: ServerResponse {
          _events: [Object: null prototype],
          _eventsCount: 2,
          _maxListeners: undefined,
          outputData: [],
          outputSize: 0,
          writable: true,
          destroyed: false,
          _last: false,
          chunkedEncoding: false,
          shouldKeepAlive: false,
          maxRequestsOnConnectionReached: false,
          _defaultKeepAlive: true,
          useChunkedEncodingByDefault: true,
          sendDate: true,
          _removedConnection: false,
          _removedContLen: false,
          _removedTE: false,
          strictContentLength: false,
          _contentLength: null,
          _hasBody: true,
          _trailer: '',
          finished: false,
          _headerSent: false,
          _closed: false,
          socket: [Circular *1],
          _header: null,
          _keepAliveTimeout: 5000,
          _onPendingData: [Function: bound updateOutgoingData],
          req: [Circular *2],
          _sent100: false,
          _expect_continue: false,
          _maxRequestsPerSocket: 0,
          locals: [Object: null prototype] {},
          _startAt: undefined,
          _startTime: undefined,
          writeHead: [Function: writeHead],
          __onFinished: [Function],
          flush: [Function: flush],
          write: [Function: write],
          end: [Function: end],
          on: [Function: on],
          [Symbol(shapeMode)]: false,
          [Symbol(kCapture)]: false,
          [Symbol(kBytesWritten)]: 0,
          [Symbol(kNeedDrain)]: false,
          [Symbol(corked)]: 0,
          [Symbol(kOutHeaders)]: [Object: null prototype],
          [Symbol(errored)]: null,
          [Symbol(kHighWaterMark)]: 16384,
          [Symbol(kRejectNonStandardBodyWrites)]: false,
          [Symbol(kUniqueHeaders)]: null
        },
        _peername: { address: '::ffff:127.0.0.1', family: 'IPv6', port: 50350 },
        [Symbol(async_id_symbol)]: 942,
        [Symbol(kHandle)]: TCP {
          reading: true,
          onconnection: null,
          _consumed: true,
          [Symbol(owner_symbol)]: [Circular *1]
        },
        [Symbol(lastWriteQueueSize)]: 0,
        [Symbol(timeout)]: null,
        [Symbol(kBuffer)]: null,
        [Symbol(kBufferCb)]: null,
        [Symbol(kBufferGen)]: null,
        [Symbol(shapeMode)]: true,
        [Symbol(kCapture)]: false,
        [Symbol(kSetNoDelay)]: true,
        [Symbol(kSetKeepAlive)]: false,
        [Symbol(kSetKeepAliveInitialDelay)]: 0,
        [Symbol(kBytesRead)]: 0,
        [Symbol(kBytesWritten)]: 0
      },
      httpVersionMajor: 1,
      httpVersionMinor: 1,
      httpVersion: '1.1',
      complete: false,
      rawHeaders: [
        'Host',
        '127.0.0.1:50349',
        'Accept-Encoding',
        'gzip, deflate',
        'Authorization',
        'Bearer eyJhbGciOiJIUzI1NiIsInR5cCI6IkpXVCJ9.eyJ1c2VySWQiOiI2OTEyZjViNDViOGZlOGMwZWYzYTI5ZDIiLCJ1c2VybmFtZSI6ImFkbWludXNlciIsImVtYWlsIjoiYWRtaW5AdGVzdC5jb20iLCJyb2xlIjoiYWRtaW4iLCJpYXQiOjE3NjI4NTAyMjgsImV4cCI6MTc2MzQ1NTAyOH0.sXTMj5S045Anubcg3g9GC_jR_XljtBSlTfSjHIu3AjY',
        'content-type',
        'multipart/form-data; boundary=--------------------------d48815938a515d4bae63ea4a',
        'Content-Length',
        '879',
        'Connection',
        'close'
      ],
      rawTrailers: [],
      joinDuplicateHeaders: null,
      aborted: false,
      upgrade: false,
      url: '/',
      method: 'POST',
      statusCode: null,
      statusMessage: null,
      client: <ref *1> Socket {
        connecting: false,
        _hadError: false,
        _parent: null,
        _host: null,
        _closeAfterHandlingError: false,
        _events: {
          close: [Array],
          error: [Array],
          prefinish: undefined,
          finish: undefined,
          drain: [Function: bound socketOnDrain],
          data: [Function: bound socketOnData],
          end: [Array],
          readable: undefined,
          timeout: [Function: socketOnTimeout],
          resume: [Function: onSocketResume],
          pause: [Function: onSocketPause]
        },
        _readableState: ReadableState {
          highWaterMark: 16384,
          buffer: [],
          bufferIndex: 0,
          length: 0,
          pipes: [],
          awaitDrainWriters: null,
          [Symbol(kState)]: 193997060
        },
        _writableState: WritableState {
          highWaterMark: 16384,
          length: 0,
          corked: 0,
          onwrite: [Function: bound onwrite],
          writelen: 0,
          bufferedIndex: 0,
          pendingcb: 0,
          [Symbol(kState)]: 17564420,
          [Symbol(kBufferedValue)]: null
        },
        allowHalfOpen: true,
        _maxListeners: undefined,
        _eventsCount: 8,
        _sockname: null,
        _pendingData: null,
        _pendingEncoding: '',
        server: Server {
          maxHeaderSize: undefined,
          insecureHTTPParser: undefined,
          requestTimeout: 300000,
          headersTimeout: 60000,
          keepAliveTimeout: 5000,
          connectionsCheckingInterval: 30000,
          requireHostHeader: true,
          joinDuplicateHeaders: undefined,
          rejectNonStandardBodyWrites: false,
          _events: [Object: null prototype],
          _eventsCount: 3,
          _maxListeners: undefined,
          _connections: 1,
          _handle: [TCP],
          _usingWorkers: false,
          _workers: [],
          _unref: false,
          _listeningId: 2,
          allowHalfOpen: true,
          pauseOnConnect: false,
          noDelay: true,
          keepAlive: false,
          keepAliveInitialDelay: 0,
          highWaterMark: 16384,
          httpAllowHalfOpen: false,
          timeout: 0,
          maxHeadersCount: null,
          maxRequestsPerSocket: 0,
          _connectionKey: '6::::0',
          [Symbol(IncomingMessage)]: [Function: IncomingMessage],
          [Symbol(ServerResponse)]: [Function: ServerResponse],
          [Symbol(shapeMode)]: false,
          [Symbol(kCapture)]: false,
          [Symbol(async_id_symbol)]: 921,
          [Symbol(kUniqueHeaders)]: null,
          [Symbol(http.server.connections)]: ConnectionsList {},
          [Symbol(http.server.connectionsCheckingInterval)]: Timeout {
            _idleTimeout: 30000,
            _idlePrev: [TimersList],
            _idleNext: [Timeout],
            _idleStart: 7186,
            _onTimeout: [Function: bound checkConnections],
            _timerArgs: undefined,
            _repeat: 30000,
            _destroyed: false,
            [Symbol(refed)]: false,
            [Symbol(kHasPrimitive)]: false,
            [Symbol(asyncId)]: 930,
            [Symbol(triggerId)]: 922
          }
        },
        _server: Server {
          maxHeaderSize: undefined,
          insecureHTTPParser: undefined,
          requestTimeout: 300000,
          headersTimeout: 60000,
          keepAliveTimeout: 5000,
          connectionsCheckingInterval: 30000,
          requireHostHeader: true,
          joinDuplicateHeaders: undefined,
          rejectNonStandardBodyWrites: false,
          _events: [Object: null prototype],
          _eventsCount: 3,
          _maxListeners: undefined,
          _connections: 1,
          _handle: [TCP],
          _usingWorkers: false,
          _workers: [],
          _unref: false,
          _listeningId: 2,
          allowHalfOpen: true,
          pauseOnConnect: false,
          noDelay: true,
          keepAlive: false,
          keepAliveInitialDelay: 0,
          highWaterMark: 16384,
          httpAllowHalfOpen: false,
          timeout: 0,
          maxHeadersCount: null,
          maxRequestsPerSocket: 0,
          _connectionKey: '6::::0',
          [Symbol(IncomingMessage)]: [Function: IncomingMessage],
          [Symbol(ServerResponse)]: [Function: ServerResponse],
          [Symbol(shapeMode)]: false,
          [Symbol(kCapture)]: false,
          [Symbol(async_id_symbol)]: 921,
          [Symbol(kUniqueHeaders)]: null,
          [Symbol(http.server.connections)]: ConnectionsList {},
          [Symbol(http.server.connectionsCheckingInterval)]: Timeout {
            _idleTimeout: 30000,
            _idlePrev: [TimersList],
            _idleNext: [Timeout],
            _idleStart: 7186,
            _onTimeout: [Function: bound checkConnections],
            _timerArgs: undefined,
            _repeat: 30000,
            _destroyed: false,
            [Symbol(refed)]: false,
            [Symbol(kHasPrimitive)]: false,
            [Symbol(asyncId)]: 930,
            [Symbol(triggerId)]: 922
          }
        },
        parser: HTTPParser {
          '0': null,
          '1': [Function: parserOnHeaders],
          '2': [Function: parserOnHeadersComplete],
          '3': [Function: parserOnBody],
          '4': [Function: parserOnMessageComplete],
          '5': [Function: bound onParserExecute],
          '6': [Function: bound onParserTimeout],
          _headers: [],
          _url: '',
          socket: [Circular *1],
          incoming: [Circular *2],
          outgoing: null,
          maxHeaderPairs: 2000,
          _consumed: true,
          onIncoming: [Function: bound parserOnIncoming],
          joinDuplicateHeaders: null,
          [Symbol(resource_symbol)]: [HTTPServerAsyncResource]
        },
        on: [Function: socketListenerWrap],
        addListener: [Function: socketListenerWrap],
        prependListener: [Function: socketListenerWrap],
        setEncoding: [Function: socketSetEncoding],
        _paused: false,
        _httpMessage: ServerResponse {
          _events: [Object: null prototype],
          _eventsCount: 2,
          _maxListeners: undefined,
          outputData: [],
          outputSize: 0,
          writable: true,
          destroyed: false,
          _last: false,
          chunkedEncoding: false,
          shouldKeepAlive: false,
          maxRequestsOnConnectionReached: false,
          _defaultKeepAlive: true,
          useChunkedEncodingByDefault: true,
          sendDate: true,
          _removedConnection: false,
          _removedContLen: false,
          _removedTE: false,
          strictContentLength: false,
          _contentLength: null,
          _hasBody: true,
          _trailer: '',
          finished: false,
          _headerSent: false,
          _closed: false,
          socket: [Circular *1],
          _header: null,
          _keepAliveTimeout: 5000,
          _onPendingData: [Function: bound updateOutgoingData],
          req: [Circular *2],
          _sent100: false,
          _expect_continue: false,
          _maxRequestsPerSocket: 0,
          locals: [Object: null prototype] {},
          _startAt: undefined,
          _startTime: undefined,
          writeHead: [Function: writeHead],
          __onFinished: [Function],
          flush: [Function: flush],
          write: [Function: write],
          end: [Function: end],
          on: [Function: on],
          [Symbol(shapeMode)]: false,
          [Symbol(kCapture)]: false,
          [Symbol(kBytesWritten)]: 0,
          [Symbol(kNeedDrain)]: false,
          [Symbol(corked)]: 0,
          [Symbol(kOutHeaders)]: [Object: null prototype],
          [Symbol(errored)]: null,
          [Symbol(kHighWaterMark)]: 16384,
          [Symbol(kRejectNonStandardBodyWrites)]: false,
          [Symbol(kUniqueHeaders)]: null
        },
        _peername: { address: '::ffff:127.0.0.1', family: 'IPv6', port: 50350 },
        [Symbol(async_id_symbol)]: 942,
        [Symbol(kHandle)]: TCP {
          reading: true,
          onconnection: null,
          _consumed: true,
          [Symbol(owner_symbol)]: [Circular *1]
        },
        [Symbol(lastWriteQueueSize)]: 0,
        [Symbol(timeout)]: null,
        [Symbol(kBuffer)]: null,
        [Symbol(kBufferCb)]: null,
        [Symbol(kBufferGen)]: null,
        [Symbol(shapeMode)]: true,
        [Symbol(kCapture)]: false,
        [Symbol(kSetNoDelay)]: true,
        [Symbol(kSetKeepAlive)]: false,
        [Symbol(kSetKeepAliveInitialDelay)]: 0,
        [Symbol(kBytesRead)]: 0,
        [Symbol(kBytesWritten)]: 0
      },
      _consuming: true,
      _dumped: false,
      next: [Function: next],
      baseUrl: '/api/v1/products',
      originalUrl: '/api/v1/products',
      _parsedUrl: Url {
        protocol: null,
        slashes: null,
        auth: null,
        host: null,
        port: null,
        hostname: null,
        hash: null,
        search: null,
        query: null,
        pathname: '/',
        path: '/',
        href: '/',
        _raw: '/'
      },
      params: {},
      query: {},
      res: <ref *3> ServerResponse {
        _events: [Object: null prototype] {
          finish: [Array],
          end: [Function: onevent]
        },
        _eventsCount: 2,
        _maxListeners: undefined,
        outputData: [],
        outputSize: 0,
        writable: true,
        destroyed: false,
        _last: false,
        chunkedEncoding: false,
        shouldKeepAlive: false,
        maxRequestsOnConnectionReached: false,
        _defaultKeepAlive: true,
        useChunkedEncodingByDefault: true,
        sendDate: true,
        _removedConnection: false,
        _removedContLen: false,
        _removedTE: false,
        strictContentLength: false,
        _contentLength: null,
        _hasBody: true,
        _trailer: '',
        finished: false,
        _headerSent: false,
        _closed: false,
        socket: <ref *1> Socket {
          connecting: false,
          _hadError: false,
          _parent: null,
          _host: null,
          _closeAfterHandlingError: false,
          _events: [Object],
          _readableState: [ReadableState],
          _writableState: [WritableState],
          allowHalfOpen: true,
          _maxListeners: undefined,
          _eventsCount: 8,
          _sockname: null,
          _pendingData: null,
          _pendingEncoding: '',
          server: [Server],
          _server: [Server],
          parser: [HTTPParser],
          on: [Function: socketListenerWrap],
          addListener: [Function: socketListenerWrap],
          prependListener: [Function: socketListenerWrap],
          setEncoding: [Function: socketSetEncoding],
          _paused: false,
          _httpMessage: [Circular *3],
          _peername: [Object],
          [Symbol(async_id_symbol)]: 942,
          [Symbol(kHandle)]: [TCP],
          [Symbol(lastWriteQueueSize)]: 0,
          [Symbol(timeout)]: null,
          [Symbol(kBuffer)]: null,
          [Symbol(kBufferCb)]: null,
          [Symbol(kBufferGen)]: null,
          [Symbol(shapeMode)]: true,
          [Symbol(kCapture)]: false,
          [Symbol(kSetNoDelay)]: true,
          [Symbol(kSetKeepAlive)]: false,
          [Symbol(kSetKeepAliveInitialDelay)]: 0,
          [Symbol(kBytesRead)]: 0,
          [Symbol(kBytesWritten)]: 0
        },
        _header: null,
        _keepAliveTimeout: 5000,
        _onPendingData: [Function: bound updateOutgoingData],
        req: [Circular *2],
        _sent100: false,
        _expect_continue: false,
        _maxRequestsPerSocket: 0,
        locals: [Object: null prototype] {},
        _startAt: undefined,
        _startTime: undefined,
        writeHead: [Function: writeHead],
        __onFinished: [Function: listener] { queue: [Array] },
        flush: [Function: flush],
        write: [Function: write],
        end: [Function: end],
        on: [Function: on],
        [Symbol(shapeMode)]: false,
        [Symbol(kCapture)]: false,
        [Symbol(kBytesWritten)]: 0,
        [Symbol(kNeedDrain)]: false,
        [Symbol(corked)]: 0,
        [Symbol(kOutHeaders)]: [Object: null prototype] {
          'content-security-policy': [Array],
          'cross-origin-opener-policy': [Array],
          'cross-origin-resource-policy': [Array],
          'origin-agent-cluster': [Array],
          'referrer-policy': [Array],
          'strict-transport-security': [Array],
          'x-content-type-options': [Array],
          'x-dns-prefetch-control': [Array],
          'x-download-options': [Array],
          'x-frame-options': [Array],
          'x-permitted-cross-domain-policies': [Array],
          'x-xss-protection': [Array],
          'access-control-allow-origin': [Array],
          'access-control-allow-credentials': [Array]
        },
        [Symbol(errored)]: null,
        [Symbol(kHighWaterMark)]: 16384,
        [Symbol(kRejectNonStandardBodyWrites)]: false,
        [Symbol(kUniqueHeaders)]: null
      },
      _startAt: [ 70140, 521935800 ],
      _startTime: 2025-11-11T08:37:08.981Z,
      _remoteAddress: '::ffff:127.0.0.1',
      body: [Object: null prototype] {
        name: 'Product with Image',
        description: 'This product has an image',
        price: '149.99',
        stock: '25',
        category: 'Electronics'
      },
      route: Route {
        path: '/',
        stack: [ [Layer], [Layer], [Layer], [Layer], [Layer], [Layer] ],
        methods: { post: true }
      },
      user: {
        userId: '6912f5b45b8fe8c0ef3a29d2',
        username: 'adminuser',
        email: 'admin@test.com',
        role: 'admin'
      },
      _eventsCount: 2,
      [Symbol(shapeMode)]: true,
      [Symbol(kCapture)]: false,
      [Symbol(kHeaders)]: {
        host: '127.0.0.1:50349',
        'accept-encoding': 'gzip, deflate',
        authorization: 'Bearer eyJhbGciOiJIUzI1NiIsInR5cCI6IkpXVCJ9.eyJ1c2VySWQiOiI2OTEyZjViNDViOGZlOGMwZWYzYTI5ZDIiLCJ1c2VybmFtZSI6ImFkbWludXNlciIsImVtYWlsIjoiYWRtaW5AdGVzdC5jb20iLCJyb2xlIjoiYWRtaW4iLCJpYXQiOjE3NjI4NTAyMjgsImV4cCI6MTc2MzQ1NTAyOH0.sXTMj5S045Anubcg3g9GC_jR_XljtBSlTfSjHIu3AjY',
        'content-type': 'multipart/form-data; boundary=--------------------------d48815938a515d4bae63ea4a',
        'content-length': '879',
        connection: 'close'
      },
      [Symbol(kHeadersCount)]: 12,
      [Symbol(kTrailers)]: null,
      [Symbol(kTrailersCount)]: 0
    }

      at log (src/helpers/multer.helper.ts:71:11)

  console.log
    File accepted: test-image.png

      at log (src/helpers/multer.helper.ts:74:13)

  console.log
    req: <ref *2> IncomingMessage {
      _events: {
        close: undefined,
        error: undefined,
        data: [Function: ondata],
        end: [Function: bound onceWrapper] { listener: [Function: onend] },
        readable: undefined
      },
      _readableState: ReadableState {
        highWaterMark: 16384,
        buffer: [],
        bufferIndex: 0,
        length: 0,
        pipes: [ [Multipart] ],
        awaitDrainWriters: null,
        [Symbol(kState)]: 194521356
      },
      _maxListeners: undefined,
      socket: <ref *1> Socket {
        connecting: false,
        _hadError: false,
        _parent: null,
        _host: null,
        _closeAfterHandlingError: false,
        _events: {
          close: [Array],
          error: [Array],
          prefinish: undefined,
          finish: undefined,
          drain: [Function: bound socketOnDrain],
          data: [Function: bound socketOnData],
          end: [Array],
          readable: undefined,
          timeout: [Function: socketOnTimeout],
          resume: [Function: onSocketResume],
          pause: [Function: onSocketPause]
        },
        _readableState: ReadableState {
          highWaterMark: 16384,
          buffer: [],
          bufferIndex: 0,
          length: 0,
          pipes: [],
          awaitDrainWriters: null,
          [Symbol(kState)]: 193997060
        },
        _writableState: WritableState {
          highWaterMark: 16384,
          length: 0,
          corked: 0,
          onwrite: [Function: bound onwrite],
          writelen: 0,
          bufferedIndex: 0,
          pendingcb: 0,
          [Symbol(kState)]: 17564420,
          [Symbol(kBufferedValue)]: null
        },
        allowHalfOpen: true,
        _maxListeners: undefined,
        _eventsCount: 8,
        _sockname: null,
        _pendingData: null,
        _pendingEncoding: '',
        server: Server {
          maxHeaderSize: undefined,
          insecureHTTPParser: undefined,
          requestTimeout: 300000,
          headersTimeout: 60000,
          keepAliveTimeout: 5000,
          connectionsCheckingInterval: 30000,
          requireHostHeader: true,
          joinDuplicateHeaders: undefined,
          rejectNonStandardBodyWrites: false,
          _events: [Object: null prototype],
          _eventsCount: 3,
          _maxListeners: undefined,
          _connections: 1,
          _handle: [TCP],
          _usingWorkers: false,
          _workers: [],
          _unref: false,
          _listeningId: 2,
          allowHalfOpen: true,
          pauseOnConnect: false,
          noDelay: true,
          keepAlive: false,
          keepAliveInitialDelay: 0,
          highWaterMark: 16384,
          httpAllowHalfOpen: false,
          timeout: 0,
          maxHeadersCount: null,
          maxRequestsPerSocket: 0,
          _connectionKey: '6::::0',
          [Symbol(IncomingMessage)]: [Function: IncomingMessage],
          [Symbol(ServerResponse)]: [Function: ServerResponse],
          [Symbol(shapeMode)]: false,
          [Symbol(kCapture)]: false,
          [Symbol(async_id_symbol)]: 921,
          [Symbol(kUniqueHeaders)]: null,
          [Symbol(http.server.connections)]: ConnectionsList {},
          [Symbol(http.server.connectionsCheckingInterval)]: Timeout {
            _idleTimeout: 30000,
            _idlePrev: [TimersList],
            _idleNext: [Timeout],
            _idleStart: 7186,
            _onTimeout: [Function: bound checkConnections],
            _timerArgs: undefined,
            _repeat: 30000,
            _destroyed: false,
            [Symbol(refed)]: false,
            [Symbol(kHasPrimitive)]: false,
            [Symbol(asyncId)]: 930,
            [Symbol(triggerId)]: 922
          }
        },
        _server: Server {
          maxHeaderSize: undefined,
          insecureHTTPParser: undefined,
          requestTimeout: 300000,
          headersTimeout: 60000,
          keepAliveTimeout: 5000,
          connectionsCheckingInterval: 30000,
          requireHostHeader: true,
          joinDuplicateHeaders: undefined,
          rejectNonStandardBodyWrites: false,
          _events: [Object: null prototype],
          _eventsCount: 3,
          _maxListeners: undefined,
          _connections: 1,
          _handle: [TCP],
          _usingWorkers: false,
          _workers: [],
          _unref: false,
          _listeningId: 2,
          allowHalfOpen: true,
          pauseOnConnect: false,
          noDelay: true,
          keepAlive: false,
          keepAliveInitialDelay: 0,
          highWaterMark: 16384,
          httpAllowHalfOpen: false,
          timeout: 0,
          maxHeadersCount: null,
          maxRequestsPerSocket: 0,
          _connectionKey: '6::::0',
          [Symbol(IncomingMessage)]: [Function: IncomingMessage],
          [Symbol(ServerResponse)]: [Function: ServerResponse],
          [Symbol(shapeMode)]: false,
          [Symbol(kCapture)]: false,
          [Symbol(async_id_symbol)]: 921,
          [Symbol(kUniqueHeaders)]: null,
          [Symbol(http.server.connections)]: ConnectionsList {},
          [Symbol(http.server.connectionsCheckingInterval)]: Timeout {
            _idleTimeout: 30000,
            _idlePrev: [TimersList],
            _idleNext: [Timeout],
            _idleStart: 7186,
            _onTimeout: [Function: bound checkConnections],
            _timerArgs: undefined,
            _repeat: 30000,
            _destroyed: false,
            [Symbol(refed)]: false,
            [Symbol(kHasPrimitive)]: false,
            [Symbol(asyncId)]: 930,
            [Symbol(triggerId)]: 922
          }
        },
        parser: HTTPParser {
          '0': null,
          '1': [Function: parserOnHeaders],
          '2': [Function: parserOnHeadersComplete],
          '3': [Function: parserOnBody],
          '4': [Function: parserOnMessageComplete],
          '5': [Function: bound onParserExecute],
          '6': [Function: bound onParserTimeout],
          _headers: [],
          _url: '',
          socket: [Circular *1],
          incoming: [Circular *2],
          outgoing: null,
          maxHeaderPairs: 2000,
          _consumed: true,
          onIncoming: [Function: bound parserOnIncoming],
          joinDuplicateHeaders: null,
          [Symbol(resource_symbol)]: [HTTPServerAsyncResource]
        },
        on: [Function: socketListenerWrap],
        addListener: [Function: socketListenerWrap],
        prependListener: [Function: socketListenerWrap],
        setEncoding: [Function: socketSetEncoding],
        _paused: false,
        _httpMessage: ServerResponse {
          _events: [Object: null prototype],
          _eventsCount: 2,
          _maxListeners: undefined,
          outputData: [],
          outputSize: 0,
          writable: true,
          destroyed: false,
          _last: false,
          chunkedEncoding: false,
          shouldKeepAlive: false,
          maxRequestsOnConnectionReached: false,
          _defaultKeepAlive: true,
          useChunkedEncodingByDefault: true,
          sendDate: true,
          _removedConnection: false,
          _removedContLen: false,
          _removedTE: false,
          strictContentLength: false,
          _contentLength: null,
          _hasBody: true,
          _trailer: '',
          finished: false,
          _headerSent: false,
          _closed: false,
          socket: [Circular *1],
          _header: null,
          _keepAliveTimeout: 5000,
          _onPendingData: [Function: bound updateOutgoingData],
          req: [Circular *2],
          _sent100: false,
          _expect_continue: false,
          _maxRequestsPerSocket: 0,
          locals: [Object: null prototype] {},
          _startAt: undefined,
          _startTime: undefined,
          writeHead: [Function: writeHead],
          __onFinished: [Function],
          flush: [Function: flush],
          write: [Function: write],
          end: [Function: end],
          on: [Function: on],
          [Symbol(shapeMode)]: false,
          [Symbol(kCapture)]: false,
          [Symbol(kBytesWritten)]: 0,
          [Symbol(kNeedDrain)]: false,
          [Symbol(corked)]: 0,
          [Symbol(kOutHeaders)]: [Object: null prototype],
          [Symbol(errored)]: null,
          [Symbol(kHighWaterMark)]: 16384,
          [Symbol(kRejectNonStandardBodyWrites)]: false,
          [Symbol(kUniqueHeaders)]: null
        },
        _peername: { address: '::ffff:127.0.0.1', family: 'IPv6', port: 50350 },
        [Symbol(async_id_symbol)]: 942,
        [Symbol(kHandle)]: TCP {
          reading: true,
          onconnection: null,
          _consumed: true,
          [Symbol(owner_symbol)]: [Circular *1]
        },
        [Symbol(lastWriteQueueSize)]: 0,
        [Symbol(timeout)]: null,
        [Symbol(kBuffer)]: null,
        [Symbol(kBufferCb)]: null,
        [Symbol(kBufferGen)]: null,
        [Symbol(shapeMode)]: true,
        [Symbol(kCapture)]: false,
        [Symbol(kSetNoDelay)]: true,
        [Symbol(kSetKeepAlive)]: false,
        [Symbol(kSetKeepAliveInitialDelay)]: 0,
        [Symbol(kBytesRead)]: 0,
        [Symbol(kBytesWritten)]: 0
      },
      httpVersionMajor: 1,
      httpVersionMinor: 1,
      httpVersion: '1.1',
      complete: false,
      rawHeaders: [
        'Host',
        '127.0.0.1:50349',
        'Accept-Encoding',
        'gzip, deflate',
        'Authorization',
        'Bearer eyJhbGciOiJIUzI1NiIsInR5cCI6IkpXVCJ9.eyJ1c2VySWQiOiI2OTEyZjViNDViOGZlOGMwZWYzYTI5ZDIiLCJ1c2VybmFtZSI6ImFkbWludXNlciIsImVtYWlsIjoiYWRtaW5AdGVzdC5jb20iLCJyb2xlIjoiYWRtaW4iLCJpYXQiOjE3NjI4NTAyMjgsImV4cCI6MTc2MzQ1NTAyOH0.sXTMj5S045Anubcg3g9GC_jR_XljtBSlTfSjHIu3AjY',
        'content-type',
        'multipart/form-data; boundary=--------------------------d48815938a515d4bae63ea4a',
        'Content-Length',
        '879',
        'Connection',
        'close'
      ],
      rawTrailers: [],
      joinDuplicateHeaders: null,
      aborted: false,
      upgrade: false,
      url: '/',
      method: 'POST',
      statusCode: null,
      statusMessage: null,
      client: <ref *1> Socket {
        connecting: false,
        _hadError: false,
        _parent: null,
        _host: null,
        _closeAfterHandlingError: false,
        _events: {
          close: [Array],
          error: [Array],
          prefinish: undefined,
          finish: undefined,
          drain: [Function: bound socketOnDrain],
          data: [Function: bound socketOnData],
          end: [Array],
          readable: undefined,
          timeout: [Function: socketOnTimeout],
          resume: [Function: onSocketResume],
          pause: [Function: onSocketPause]
        },
        _readableState: ReadableState {
          highWaterMark: 16384,
          buffer: [],
          bufferIndex: 0,
          length: 0,
          pipes: [],
          awaitDrainWriters: null,
          [Symbol(kState)]: 193997060
        },
        _writableState: WritableState {
          highWaterMark: 16384,
          length: 0,
          corked: 0,
          onwrite: [Function: bound onwrite],
          writelen: 0,
          bufferedIndex: 0,
          pendingcb: 0,
          [Symbol(kState)]: 17564420,
          [Symbol(kBufferedValue)]: null
        },
        allowHalfOpen: true,
        _maxListeners: undefined,
        _eventsCount: 8,
        _sockname: null,
        _pendingData: null,
        _pendingEncoding: '',
        server: Server {
          maxHeaderSize: undefined,
          insecureHTTPParser: undefined,
          requestTimeout: 300000,
          headersTimeout: 60000,
          keepAliveTimeout: 5000,
          connectionsCheckingInterval: 30000,
          requireHostHeader: true,
          joinDuplicateHeaders: undefined,
          rejectNonStandardBodyWrites: false,
          _events: [Object: null prototype],
          _eventsCount: 3,
          _maxListeners: undefined,
          _connections: 1,
          _handle: [TCP],
          _usingWorkers: false,
          _workers: [],
          _unref: false,
          _listeningId: 2,
          allowHalfOpen: true,
          pauseOnConnect: false,
          noDelay: true,
          keepAlive: false,
          keepAliveInitialDelay: 0,
          highWaterMark: 16384,
          httpAllowHalfOpen: false,
          timeout: 0,
          maxHeadersCount: null,
          maxRequestsPerSocket: 0,
          _connectionKey: '6::::0',
          [Symbol(IncomingMessage)]: [Function: IncomingMessage],
          [Symbol(ServerResponse)]: [Function: ServerResponse],
          [Symbol(shapeMode)]: false,
          [Symbol(kCapture)]: false,
          [Symbol(async_id_symbol)]: 921,
          [Symbol(kUniqueHeaders)]: null,
          [Symbol(http.server.connections)]: ConnectionsList {},
          [Symbol(http.server.connectionsCheckingInterval)]: Timeout {
            _idleTimeout: 30000,
            _idlePrev: [TimersList],
            _idleNext: [Timeout],
            _idleStart: 7186,
            _onTimeout: [Function: bound checkConnections],
            _timerArgs: undefined,
            _repeat: 30000,
            _destroyed: false,
            [Symbol(refed)]: false,
            [Symbol(kHasPrimitive)]: false,
            [Symbol(asyncId)]: 930,
            [Symbol(triggerId)]: 922
          }
        },
        _server: Server {
          maxHeaderSize: undefined,
          insecureHTTPParser: undefined,
          requestTimeout: 300000,
          headersTimeout: 60000,
          keepAliveTimeout: 5000,
          connectionsCheckingInterval: 30000,
          requireHostHeader: true,
          joinDuplicateHeaders: undefined,
          rejectNonStandardBodyWrites: false,
          _events: [Object: null prototype],
          _eventsCount: 3,
          _maxListeners: undefined,
          _connections: 1,
          _handle: [TCP],
          _usingWorkers: false,
          _workers: [],
          _unref: false,
          _listeningId: 2,
          allowHalfOpen: true,
          pauseOnConnect: false,
          noDelay: true,
          keepAlive: false,
          keepAliveInitialDelay: 0,
          highWaterMark: 16384,
          httpAllowHalfOpen: false,
          timeout: 0,
          maxHeadersCount: null,
          maxRequestsPerSocket: 0,
          _connectionKey: '6::::0',
          [Symbol(IncomingMessage)]: [Function: IncomingMessage],
          [Symbol(ServerResponse)]: [Function: ServerResponse],
          [Symbol(shapeMode)]: false,
          [Symbol(kCapture)]: false,
          [Symbol(async_id_symbol)]: 921,
          [Symbol(kUniqueHeaders)]: null,
          [Symbol(http.server.connections)]: ConnectionsList {},
          [Symbol(http.server.connectionsCheckingInterval)]: Timeout {
            _idleTimeout: 30000,
            _idlePrev: [TimersList],
            _idleNext: [Timeout],
            _idleStart: 7186,
            _onTimeout: [Function: bound checkConnections],
            _timerArgs: undefined,
            _repeat: 30000,
            _destroyed: false,
            [Symbol(refed)]: false,
            [Symbol(kHasPrimitive)]: false,
            [Symbol(asyncId)]: 930,
            [Symbol(triggerId)]: 922
          }
        },
        parser: HTTPParser {
          '0': null,
          '1': [Function: parserOnHeaders],
          '2': [Function: parserOnHeadersComplete],
          '3': [Function: parserOnBody],
          '4': [Function: parserOnMessageComplete],
          '5': [Function: bound onParserExecute],
          '6': [Function: bound onParserTimeout],
          _headers: [],
          _url: '',
          socket: [Circular *1],
          incoming: [Circular *2],
          outgoing: null,
          maxHeaderPairs: 2000,
          _consumed: true,
          onIncoming: [Function: bound parserOnIncoming],
          joinDuplicateHeaders: null,
          [Symbol(resource_symbol)]: [HTTPServerAsyncResource]
        },
        on: [Function: socketListenerWrap],
        addListener: [Function: socketListenerWrap],
        prependListener: [Function: socketListenerWrap],
        setEncoding: [Function: socketSetEncoding],
        _paused: false,
        _httpMessage: ServerResponse {
          _events: [Object: null prototype],
          _eventsCount: 2,
          _maxListeners: undefined,
          outputData: [],
          outputSize: 0,
          writable: true,
          destroyed: false,
          _last: false,
          chunkedEncoding: false,
          shouldKeepAlive: false,
          maxRequestsOnConnectionReached: false,
          _defaultKeepAlive: true,
          useChunkedEncodingByDefault: true,
          sendDate: true,
          _removedConnection: false,
          _removedContLen: false,
          _removedTE: false,
          strictContentLength: false,
          _contentLength: null,
          _hasBody: true,
          _trailer: '',
          finished: false,
          _headerSent: false,
          _closed: false,
          socket: [Circular *1],
          _header: null,
          _keepAliveTimeout: 5000,
          _onPendingData: [Function: bound updateOutgoingData],
          req: [Circular *2],
          _sent100: false,
          _expect_continue: false,
          _maxRequestsPerSocket: 0,
          locals: [Object: null prototype] {},
          _startAt: undefined,
          _startTime: undefined,
          writeHead: [Function: writeHead],
          __onFinished: [Function],
          flush: [Function: flush],
          write: [Function: write],
          end: [Function: end],
          on: [Function: on],
          [Symbol(shapeMode)]: false,
          [Symbol(kCapture)]: false,
          [Symbol(kBytesWritten)]: 0,
          [Symbol(kNeedDrain)]: false,
          [Symbol(corked)]: 0,
          [Symbol(kOutHeaders)]: [Object: null prototype],
          [Symbol(errored)]: null,
          [Symbol(kHighWaterMark)]: 16384,
          [Symbol(kRejectNonStandardBodyWrites)]: false,
          [Symbol(kUniqueHeaders)]: null
        },
        _peername: { address: '::ffff:127.0.0.1', family: 'IPv6', port: 50350 },
        [Symbol(async_id_symbol)]: 942,
        [Symbol(kHandle)]: TCP {
          reading: true,
          onconnection: null,
          _consumed: true,
          [Symbol(owner_symbol)]: [Circular *1]
        },
        [Symbol(lastWriteQueueSize)]: 0,
        [Symbol(timeout)]: null,
        [Symbol(kBuffer)]: null,
        [Symbol(kBufferCb)]: null,
        [Symbol(kBufferGen)]: null,
        [Symbol(shapeMode)]: true,
        [Symbol(kCapture)]: false,
        [Symbol(kSetNoDelay)]: true,
        [Symbol(kSetKeepAlive)]: false,
        [Symbol(kSetKeepAliveInitialDelay)]: 0,
        [Symbol(kBytesRead)]: 0,
        [Symbol(kBytesWritten)]: 0
      },
      _consuming: true,
      _dumped: false,
      next: [Function: next],
      baseUrl: '/api/v1/products',
      originalUrl: '/api/v1/products',
      _parsedUrl: Url {
        protocol: null,
        slashes: null,
        auth: null,
        host: null,
        port: null,
        hostname: null,
        hash: null,
        search: null,
        query: null,
        pathname: '/',
        path: '/',
        href: '/',
        _raw: '/'
      },
      params: {},
      query: {},
      res: <ref *3> ServerResponse {
        _events: [Object: null prototype] {
          finish: [Array],
          end: [Function: onevent]
        },
        _eventsCount: 2,
        _maxListeners: undefined,
        outputData: [],
        outputSize: 0,
        writable: true,
        destroyed: false,
        _last: false,
        chunkedEncoding: false,
        shouldKeepAlive: false,
        maxRequestsOnConnectionReached: false,
        _defaultKeepAlive: true,
        useChunkedEncodingByDefault: true,
        sendDate: true,
        _removedConnection: false,
        _removedContLen: false,
        _removedTE: false,
        strictContentLength: false,
        _contentLength: null,
        _hasBody: true,
        _trailer: '',
        finished: false,
        _headerSent: false,
        _closed: false,
        socket: <ref *1> Socket {
          connecting: false,
          _hadError: false,
          _parent: null,
          _host: null,
          _closeAfterHandlingError: false,
          _events: [Object],
          _readableState: [ReadableState],
          _writableState: [WritableState],
          allowHalfOpen: true,
          _maxListeners: undefined,
          _eventsCount: 8,
          _sockname: null,
          _pendingData: null,
          _pendingEncoding: '',
          server: [Server],
          _server: [Server],
          parser: [HTTPParser],
          on: [Function: socketListenerWrap],
          addListener: [Function: socketListenerWrap],
          prependListener: [Function: socketListenerWrap],
          setEncoding: [Function: socketSetEncoding],
          _paused: false,
          _httpMessage: [Circular *3],
          _peername: [Object],
          [Symbol(async_id_symbol)]: 942,
          [Symbol(kHandle)]: [TCP],
          [Symbol(lastWriteQueueSize)]: 0,
          [Symbol(timeout)]: null,
          [Symbol(kBuffer)]: null,
          [Symbol(kBufferCb)]: null,
          [Symbol(kBufferGen)]: null,
          [Symbol(shapeMode)]: true,
          [Symbol(kCapture)]: false,
          [Symbol(kSetNoDelay)]: true,
          [Symbol(kSetKeepAlive)]: false,
          [Symbol(kSetKeepAliveInitialDelay)]: 0,
          [Symbol(kBytesRead)]: 0,
          [Symbol(kBytesWritten)]: 0
        },
        _header: null,
        _keepAliveTimeout: 5000,
        _onPendingData: [Function: bound updateOutgoingData],
        req: [Circular *2],
        _sent100: false,
        _expect_continue: false,
        _maxRequestsPerSocket: 0,
        locals: [Object: null prototype] {},
        _startAt: undefined,
        _startTime: undefined,
        writeHead: [Function: writeHead],
        __onFinished: [Function: listener] { queue: [Array] },
        flush: [Function: flush],
        write: [Function: write],
        end: [Function: end],
        on: [Function: on],
        [Symbol(shapeMode)]: false,
        [Symbol(kCapture)]: false,
        [Symbol(kBytesWritten)]: 0,
        [Symbol(kNeedDrain)]: false,
        [Symbol(corked)]: 0,
        [Symbol(kOutHeaders)]: [Object: null prototype] {
          'content-security-policy': [Array],
          'cross-origin-opener-policy': [Array],
          'cross-origin-resource-policy': [Array],
          'origin-agent-cluster': [Array],
          'referrer-policy': [Array],
          'strict-transport-security': [Array],
          'x-content-type-options': [Array],
          'x-dns-prefetch-control': [Array],
          'x-download-options': [Array],
          'x-frame-options': [Array],
          'x-permitted-cross-domain-policies': [Array],
          'x-xss-protection': [Array],
          'access-control-allow-origin': [Array],
          'access-control-allow-credentials': [Array]
        },
        [Symbol(errored)]: null,
        [Symbol(kHighWaterMark)]: 16384,
        [Symbol(kRejectNonStandardBodyWrites)]: false,
        [Symbol(kUniqueHeaders)]: null
      },
      _startAt: [ 70140, 521935800 ],
      _startTime: 2025-11-11T08:37:08.981Z,
      _remoteAddress: '::ffff:127.0.0.1',
      body: [Object: null prototype] {
        name: 'Product with Image',
        description: 'This product has an image',
        price: '149.99',
        stock: '25',
        category: 'Electronics'
      },
      route: Route {
        path: '/',
        stack: [ [Layer], [Layer], [Layer], [Layer], [Layer], [Layer] ],
        methods: { post: true }
      },
      user: {
        userId: '6912f5b45b8fe8c0ef3a29d2',
        username: 'adminuser',
        email: 'admin@test.com',
        role: 'admin'
      },
      _eventsCount: 2,
      [Symbol(shapeMode)]: true,
      [Symbol(kCapture)]: false,
      [Symbol(kHeaders)]: {
        host: '127.0.0.1:50349',
        'accept-encoding': 'gzip, deflate',
        authorization: 'Bearer eyJhbGciOiJIUzI1NiIsInR5cCI6IkpXVCJ9.eyJ1c2VySWQiOiI2OTEyZjViNDViOGZlOGMwZWYzYTI5ZDIiLCJ1c2VybmFtZSI6ImFkbWludXNlciIsImVtYWlsIjoiYWRtaW5AdGVzdC5jb20iLCJyb2xlIjoiYWRtaW4iLCJpYXQiOjE3NjI4NTAyMjgsImV4cCI6MTc2MzQ1NTAyOH0.sXTMj5S045Anubcg3g9GC_jR_XljtBSlTfSjHIu3AjY',
        'content-type': 'multipart/form-data; boundary=--------------------------d48815938a515d4bae63ea4a',
        'content-length': '879',
        connection: 'close'
      },
      [Symbol(kHeadersCount)]: 12,
      [Symbol(kTrailers)]: null,
      [Symbol(kTrailersCount)]: 0
    }

      at DiskStorage.log [as getDestination] (src/helpers/multer.helper.ts:30:17)

  console.log
    Directory ensured: ./uploads/products/productImage

      at DiskStorage.log [as getDestination] (src/helpers/multer.helper.ts:31:17)

  console.log
    Processing file: {
      originalname: 'test-image.png',
      mimetype: 'image/png',
      fieldname: 'productImage'
    }

      at DiskStorage.log [as getFilename] (src/helpers/multer.helper.ts:48:15)

  console.log
    req: <ref *2> IncomingMessage {
      _events: {
        close: undefined,
        error: undefined,
        data: [Function: ondata],
        end: [Function: bound onceWrapper] { listener: [Function: onend] },
        readable: undefined
      },
      _readableState: ReadableState {
        highWaterMark: 16384,
        buffer: [],
        bufferIndex: 0,
        length: 0,
        pipes: [ [Multipart] ],
        awaitDrainWriters: null,
        [Symbol(kState)]: 194521356
      },
      _maxListeners: undefined,
      socket: <ref *1> Socket {
        connecting: false,
        _hadError: false,
        _parent: null,
        _host: null,
        _closeAfterHandlingError: false,
        _events: {
          close: [Array],
          error: [Array],
          prefinish: undefined,
          finish: undefined,
          drain: [Function: bound socketOnDrain],
          data: [Function: bound socketOnData],
          end: [Array],
          readable: undefined,
          timeout: [Function: socketOnTimeout],
          resume: [Function: onSocketResume],
          pause: [Function: onSocketPause]
        },
        _readableState: ReadableState {
          highWaterMark: 16384,
          buffer: [],
          bufferIndex: 0,
          length: 0,
          pipes: [],
          awaitDrainWriters: null,
          [Symbol(kState)]: 193997060
        },
        _writableState: WritableState {
          highWaterMark: 16384,
          length: 0,
          corked: 0,
          onwrite: [Function: bound onwrite],
          writelen: 0,
          bufferedIndex: 0,
          pendingcb: 0,
          [Symbol(kState)]: 17564420,
          [Symbol(kBufferedValue)]: null
        },
        allowHalfOpen: true,
        _maxListeners: undefined,
        _eventsCount: 8,
        _sockname: null,
        _pendingData: null,
        _pendingEncoding: '',
        server: Server {
          maxHeaderSize: undefined,
          insecureHTTPParser: undefined,
          requestTimeout: 300000,
          headersTimeout: 60000,
          keepAliveTimeout: 5000,
          connectionsCheckingInterval: 30000,
          requireHostHeader: true,
          joinDuplicateHeaders: undefined,
          rejectNonStandardBodyWrites: false,
          _events: [Object: null prototype],
          _eventsCount: 3,
          _maxListeners: undefined,
          _connections: 1,
          _handle: [TCP],
          _usingWorkers: false,
          _workers: [],
          _unref: false,
          _listeningId: 2,
          allowHalfOpen: true,
          pauseOnConnect: false,
          noDelay: true,
          keepAlive: false,
          keepAliveInitialDelay: 0,
          highWaterMark: 16384,
          httpAllowHalfOpen: false,
          timeout: 0,
          maxHeadersCount: null,
          maxRequestsPerSocket: 0,
          _connectionKey: '6::::0',
          [Symbol(IncomingMessage)]: [Function: IncomingMessage],
          [Symbol(ServerResponse)]: [Function: ServerResponse],
          [Symbol(shapeMode)]: false,
          [Symbol(kCapture)]: false,
          [Symbol(async_id_symbol)]: 921,
          [Symbol(kUniqueHeaders)]: null,
          [Symbol(http.server.connections)]: ConnectionsList {},
          [Symbol(http.server.connectionsCheckingInterval)]: Timeout {
            _idleTimeout: 30000,
            _idlePrev: [TimersList],
            _idleNext: [Timeout],
            _idleStart: 7186,
            _onTimeout: [Function: bound checkConnections],
            _timerArgs: undefined,
            _repeat: 30000,
            _destroyed: false,
            [Symbol(refed)]: false,
            [Symbol(kHasPrimitive)]: false,
            [Symbol(asyncId)]: 930,
            [Symbol(triggerId)]: 922
          }
        },
        _server: Server {
          maxHeaderSize: undefined,
          insecureHTTPParser: undefined,
          requestTimeout: 300000,
          headersTimeout: 60000,
          keepAliveTimeout: 5000,
          connectionsCheckingInterval: 30000,
          requireHostHeader: true,
          joinDuplicateHeaders: undefined,
          rejectNonStandardBodyWrites: false,
          _events: [Object: null prototype],
          _eventsCount: 3,
          _maxListeners: undefined,
          _connections: 1,
          _handle: [TCP],
          _usingWorkers: false,
          _workers: [],
          _unref: false,
          _listeningId: 2,
          allowHalfOpen: true,
          pauseOnConnect: false,
          noDelay: true,
          keepAlive: false,
          keepAliveInitialDelay: 0,
          highWaterMark: 16384,
          httpAllowHalfOpen: false,
          timeout: 0,
          maxHeadersCount: null,
          maxRequestsPerSocket: 0,
          _connectionKey: '6::::0',
          [Symbol(IncomingMessage)]: [Function: IncomingMessage],
          [Symbol(ServerResponse)]: [Function: ServerResponse],
          [Symbol(shapeMode)]: false,
          [Symbol(kCapture)]: false,
          [Symbol(async_id_symbol)]: 921,
          [Symbol(kUniqueHeaders)]: null,
          [Symbol(http.server.connections)]: ConnectionsList {},
          [Symbol(http.server.connectionsCheckingInterval)]: Timeout {
            _idleTimeout: 30000,
            _idlePrev: [TimersList],
            _idleNext: [Timeout],
            _idleStart: 7186,
            _onTimeout: [Function: bound checkConnections],
            _timerArgs: undefined,
            _repeat: 30000,
            _destroyed: false,
            [Symbol(refed)]: false,
            [Symbol(kHasPrimitive)]: false,
            [Symbol(asyncId)]: 930,
            [Symbol(triggerId)]: 922
          }
        },
        parser: HTTPParser {
          '0': null,
          '1': [Function: parserOnHeaders],
          '2': [Function: parserOnHeadersComplete],
          '3': [Function: parserOnBody],
          '4': [Function: parserOnMessageComplete],
          '5': [Function: bound onParserExecute],
          '6': [Function: bound onParserTimeout],
          _headers: [],
          _url: '',
          socket: [Circular *1],
          incoming: [Circular *2],
          outgoing: null,
          maxHeaderPairs: 2000,
          _consumed: true,
          onIncoming: [Function: bound parserOnIncoming],
          joinDuplicateHeaders: null,
          [Symbol(resource_symbol)]: [HTTPServerAsyncResource]
        },
        on: [Function: socketListenerWrap],
        addListener: [Function: socketListenerWrap],
        prependListener: [Function: socketListenerWrap],
        setEncoding: [Function: socketSetEncoding],
        _paused: false,
        _httpMessage: ServerResponse {
          _events: [Object: null prototype],
          _eventsCount: 2,
          _maxListeners: undefined,
          outputData: [],
          outputSize: 0,
          writable: true,
          destroyed: false,
          _last: false,
          chunkedEncoding: false,
          shouldKeepAlive: false,
          maxRequestsOnConnectionReached: false,
          _defaultKeepAlive: true,
          useChunkedEncodingByDefault: true,
          sendDate: true,
          _removedConnection: false,
          _removedContLen: false,
          _removedTE: false,
          strictContentLength: false,
          _contentLength: null,
          _hasBody: true,
          _trailer: '',
          finished: false,
          _headerSent: false,
          _closed: false,
          socket: [Circular *1],
          _header: null,
          _keepAliveTimeout: 5000,
          _onPendingData: [Function: bound updateOutgoingData],
          req: [Circular *2],
          _sent100: false,
          _expect_continue: false,
          _maxRequestsPerSocket: 0,
          locals: [Object: null prototype] {},
          _startAt: undefined,
          _startTime: undefined,
          writeHead: [Function: writeHead],
          __onFinished: [Function],
          flush: [Function: flush],
          write: [Function: write],
          end: [Function: end],
          on: [Function: on],
          [Symbol(shapeMode)]: false,
          [Symbol(kCapture)]: false,
          [Symbol(kBytesWritten)]: 0,
          [Symbol(kNeedDrain)]: false,
          [Symbol(corked)]: 0,
          [Symbol(kOutHeaders)]: [Object: null prototype],
          [Symbol(errored)]: null,
          [Symbol(kHighWaterMark)]: 16384,
          [Symbol(kRejectNonStandardBodyWrites)]: false,
          [Symbol(kUniqueHeaders)]: null
        },
        _peername: { address: '::ffff:127.0.0.1', family: 'IPv6', port: 50350 },
        [Symbol(async_id_symbol)]: 942,
        [Symbol(kHandle)]: TCP {
          reading: true,
          onconnection: null,
          _consumed: true,
          [Symbol(owner_symbol)]: [Circular *1]
        },
        [Symbol(lastWriteQueueSize)]: 0,
        [Symbol(timeout)]: null,
        [Symbol(kBuffer)]: null,
        [Symbol(kBufferCb)]: null,
        [Symbol(kBufferGen)]: null,
        [Symbol(shapeMode)]: true,
        [Symbol(kCapture)]: false,
        [Symbol(kSetNoDelay)]: true,
        [Symbol(kSetKeepAlive)]: false,
        [Symbol(kSetKeepAliveInitialDelay)]: 0,
        [Symbol(kBytesRead)]: 0,
        [Symbol(kBytesWritten)]: 0
      },
      httpVersionMajor: 1,
      httpVersionMinor: 1,
      httpVersion: '1.1',
      complete: false,
      rawHeaders: [
        'Host',
        '127.0.0.1:50349',
        'Accept-Encoding',
        'gzip, deflate',
        'Authorization',
        'Bearer eyJhbGciOiJIUzI1NiIsInR5cCI6IkpXVCJ9.eyJ1c2VySWQiOiI2OTEyZjViNDViOGZlOGMwZWYzYTI5ZDIiLCJ1c2VybmFtZSI6ImFkbWludXNlciIsImVtYWlsIjoiYWRtaW5AdGVzdC5jb20iLCJyb2xlIjoiYWRtaW4iLCJpYXQiOjE3NjI4NTAyMjgsImV4cCI6MTc2MzQ1NTAyOH0.sXTMj5S045Anubcg3g9GC_jR_XljtBSlTfSjHIu3AjY',
        'content-type',
        'multipart/form-data; boundary=--------------------------d48815938a515d4bae63ea4a',
        'Content-Length',
        '879',
        'Connection',
        'close'
      ],
      rawTrailers: [],
      joinDuplicateHeaders: null,
      aborted: false,
      upgrade: false,
      url: '/',
      method: 'POST',
      statusCode: null,
      statusMessage: null,
      client: <ref *1> Socket {
        connecting: false,
        _hadError: false,
        _parent: null,
        _host: null,
        _closeAfterHandlingError: false,
        _events: {
          close: [Array],
          error: [Array],
          prefinish: undefined,
          finish: undefined,
          drain: [Function: bound socketOnDrain],
          data: [Function: bound socketOnData],
          end: [Array],
          readable: undefined,
          timeout: [Function: socketOnTimeout],
          resume: [Function: onSocketResume],
          pause: [Function: onSocketPause]
        },
        _readableState: ReadableState {
          highWaterMark: 16384,
          buffer: [],
          bufferIndex: 0,
          length: 0,
          pipes: [],
          awaitDrainWriters: null,
          [Symbol(kState)]: 193997060
        },
        _writableState: WritableState {
          highWaterMark: 16384,
          length: 0,
          corked: 0,
          onwrite: [Function: bound onwrite],
          writelen: 0,
          bufferedIndex: 0,
          pendingcb: 0,
          [Symbol(kState)]: 17564420,
          [Symbol(kBufferedValue)]: null
        },
        allowHalfOpen: true,
        _maxListeners: undefined,
        _eventsCount: 8,
        _sockname: null,
        _pendingData: null,
        _pendingEncoding: '',
        server: Server {
          maxHeaderSize: undefined,
          insecureHTTPParser: undefined,
          requestTimeout: 300000,
          headersTimeout: 60000,
          keepAliveTimeout: 5000,
          connectionsCheckingInterval: 30000,
          requireHostHeader: true,
          joinDuplicateHeaders: undefined,
          rejectNonStandardBodyWrites: false,
          _events: [Object: null prototype],
          _eventsCount: 3,
          _maxListeners: undefined,
          _connections: 1,
          _handle: [TCP],
          _usingWorkers: false,
          _workers: [],
          _unref: false,
          _listeningId: 2,
          allowHalfOpen: true,
          pauseOnConnect: false,
          noDelay: true,
          keepAlive: false,
          keepAliveInitialDelay: 0,
          highWaterMark: 16384,
          httpAllowHalfOpen: false,
          timeout: 0,
          maxHeadersCount: null,
          maxRequestsPerSocket: 0,
          _connectionKey: '6::::0',
          [Symbol(IncomingMessage)]: [Function: IncomingMessage],
          [Symbol(ServerResponse)]: [Function: ServerResponse],
          [Symbol(shapeMode)]: false,
          [Symbol(kCapture)]: false,
          [Symbol(async_id_symbol)]: 921,
          [Symbol(kUniqueHeaders)]: null,
          [Symbol(http.server.connections)]: ConnectionsList {},
          [Symbol(http.server.connectionsCheckingInterval)]: Timeout {
            _idleTimeout: 30000,
            _idlePrev: [TimersList],
            _idleNext: [Timeout],
            _idleStart: 7186,
            _onTimeout: [Function: bound checkConnections],
            _timerArgs: undefined,
            _repeat: 30000,
            _destroyed: false,
            [Symbol(refed)]: false,
            [Symbol(kHasPrimitive)]: false,
            [Symbol(asyncId)]: 930,
            [Symbol(triggerId)]: 922
          }
        },
        _server: Server {
          maxHeaderSize: undefined,
          insecureHTTPParser: undefined,
          requestTimeout: 300000,
          headersTimeout: 60000,
          keepAliveTimeout: 5000,
          connectionsCheckingInterval: 30000,
          requireHostHeader: true,
          joinDuplicateHeaders: undefined,
          rejectNonStandardBodyWrites: false,
          _events: [Object: null prototype],
          _eventsCount: 3,
          _maxListeners: undefined,
          _connections: 1,
          _handle: [TCP],
          _usingWorkers: false,
          _workers: [],
          _unref: false,
          _listeningId: 2,
          allowHalfOpen: true,
          pauseOnConnect: false,
          noDelay: true,
          keepAlive: false,
          keepAliveInitialDelay: 0,
          highWaterMark: 16384,
          httpAllowHalfOpen: false,
          timeout: 0,
          maxHeadersCount: null,
          maxRequestsPerSocket: 0,
          _connectionKey: '6::::0',
          [Symbol(IncomingMessage)]: [Function: IncomingMessage],
          [Symbol(ServerResponse)]: [Function: ServerResponse],
          [Symbol(shapeMode)]: false,
          [Symbol(kCapture)]: false,
          [Symbol(async_id_symbol)]: 921,
          [Symbol(kUniqueHeaders)]: null,
          [Symbol(http.server.connections)]: ConnectionsList {},
          [Symbol(http.server.connectionsCheckingInterval)]: Timeout {
            _idleTimeout: 30000,
            _idlePrev: [TimersList],
            _idleNext: [Timeout],
            _idleStart: 7186,
            _onTimeout: [Function: bound checkConnections],
            _timerArgs: undefined,
            _repeat: 30000,
            _destroyed: false,
            [Symbol(refed)]: false,
            [Symbol(kHasPrimitive)]: false,
            [Symbol(asyncId)]: 930,
            [Symbol(triggerId)]: 922
          }
        },
        parser: HTTPParser {
          '0': null,
          '1': [Function: parserOnHeaders],
          '2': [Function: parserOnHeadersComplete],
          '3': [Function: parserOnBody],
          '4': [Function: parserOnMessageComplete],
          '5': [Function: bound onParserExecute],
          '6': [Function: bound onParserTimeout],
          _headers: [],
          _url: '',
          socket: [Circular *1],
          incoming: [Circular *2],
          outgoing: null,
          maxHeaderPairs: 2000,
          _consumed: true,
          onIncoming: [Function: bound parserOnIncoming],
          joinDuplicateHeaders: null,
          [Symbol(resource_symbol)]: [HTTPServerAsyncResource]
        },
        on: [Function: socketListenerWrap],
        addListener: [Function: socketListenerWrap],
        prependListener: [Function: socketListenerWrap],
        setEncoding: [Function: socketSetEncoding],
        _paused: false,
        _httpMessage: ServerResponse {
          _events: [Object: null prototype],
          _eventsCount: 2,
          _maxListeners: undefined,
          outputData: [],
          outputSize: 0,
          writable: true,
          destroyed: false,
          _last: false,
          chunkedEncoding: false,
          shouldKeepAlive: false,
          maxRequestsOnConnectionReached: false,
          _defaultKeepAlive: true,
          useChunkedEncodingByDefault: true,
          sendDate: true,
          _removedConnection: false,
          _removedContLen: false,
          _removedTE: false,
          strictContentLength: false,
          _contentLength: null,
          _hasBody: true,
          _trailer: '',
          finished: false,
          _headerSent: false,
          _closed: false,
          socket: [Circular *1],
          _header: null,
          _keepAliveTimeout: 5000,
          _onPendingData: [Function: bound updateOutgoingData],
          req: [Circular *2],
          _sent100: false,
          _expect_continue: false,
          _maxRequestsPerSocket: 0,
          locals: [Object: null prototype] {},
          _startAt: undefined,
          _startTime: undefined,
          writeHead: [Function: writeHead],
          __onFinished: [Function],
          flush: [Function: flush],
          write: [Function: write],
          end: [Function: end],
          on: [Function: on],
          [Symbol(shapeMode)]: false,
          [Symbol(kCapture)]: false,
          [Symbol(kBytesWritten)]: 0,
          [Symbol(kNeedDrain)]: false,
          [Symbol(corked)]: 0,
          [Symbol(kOutHeaders)]: [Object: null prototype],
          [Symbol(errored)]: null,
          [Symbol(kHighWaterMark)]: 16384,
          [Symbol(kRejectNonStandardBodyWrites)]: false,
          [Symbol(kUniqueHeaders)]: null
        },
        _peername: { address: '::ffff:127.0.0.1', family: 'IPv6', port: 50350 },
        [Symbol(async_id_symbol)]: 942,
        [Symbol(kHandle)]: TCP {
          reading: true,
          onconnection: null,
          _consumed: true,
          [Symbol(owner_symbol)]: [Circular *1]
        },
        [Symbol(lastWriteQueueSize)]: 0,
        [Symbol(timeout)]: null,
        [Symbol(kBuffer)]: null,
        [Symbol(kBufferCb)]: null,
        [Symbol(kBufferGen)]: null,
        [Symbol(shapeMode)]: true,
        [Symbol(kCapture)]: false,
        [Symbol(kSetNoDelay)]: true,
        [Symbol(kSetKeepAlive)]: false,
        [Symbol(kSetKeepAliveInitialDelay)]: 0,
        [Symbol(kBytesRead)]: 0,
        [Symbol(kBytesWritten)]: 0
      },
      _consuming: true,
      _dumped: false,
      next: [Function: next],
      baseUrl: '/api/v1/products',
      originalUrl: '/api/v1/products',
      _parsedUrl: Url {
        protocol: null,
        slashes: null,
        auth: null,
        host: null,
        port: null,
        hostname: null,
        hash: null,
        search: null,
        query: null,
        pathname: '/',
        path: '/',
        href: '/',
        _raw: '/'
      },
      params: {},
      query: {},
      res: <ref *3> ServerResponse {
        _events: [Object: null prototype] {
          finish: [Array],
          end: [Function: onevent]
        },
        _eventsCount: 2,
        _maxListeners: undefined,
        outputData: [],
        outputSize: 0,
        writable: true,
        destroyed: false,
        _last: false,
        chunkedEncoding: false,
        shouldKeepAlive: false,
        maxRequestsOnConnectionReached: false,
        _defaultKeepAlive: true,
        useChunkedEncodingByDefault: true,
        sendDate: true,
        _removedConnection: false,
        _removedContLen: false,
        _removedTE: false,
        strictContentLength: false,
        _contentLength: null,
        _hasBody: true,
        _trailer: '',
        finished: false,
        _headerSent: false,
        _closed: false,
        socket: <ref *1> Socket {
          connecting: false,
          _hadError: false,
          _parent: null,
          _host: null,
          _closeAfterHandlingError: false,
          _events: [Object],
          _readableState: [ReadableState],
          _writableState: [WritableState],
          allowHalfOpen: true,
          _maxListeners: undefined,
          _eventsCount: 8,
          _sockname: null,
          _pendingData: null,
          _pendingEncoding: '',
          server: [Server],
          _server: [Server],
          parser: [HTTPParser],
          on: [Function: socketListenerWrap],
          addListener: [Function: socketListenerWrap],
          prependListener: [Function: socketListenerWrap],
          setEncoding: [Function: socketSetEncoding],
          _paused: false,
          _httpMessage: [Circular *3],
          _peername: [Object],
          [Symbol(async_id_symbol)]: 942,
          [Symbol(kHandle)]: [TCP],
          [Symbol(lastWriteQueueSize)]: 0,
          [Symbol(timeout)]: null,
          [Symbol(kBuffer)]: null,
          [Symbol(kBufferCb)]: null,
          [Symbol(kBufferGen)]: null,
          [Symbol(shapeMode)]: true,
          [Symbol(kCapture)]: false,
          [Symbol(kSetNoDelay)]: true,
          [Symbol(kSetKeepAlive)]: false,
          [Symbol(kSetKeepAliveInitialDelay)]: 0,
          [Symbol(kBytesRead)]: 0,
          [Symbol(kBytesWritten)]: 0
        },
        _header: null,
        _keepAliveTimeout: 5000,
        _onPendingData: [Function: bound updateOutgoingData],
        req: [Circular *2],
        _sent100: false,
        _expect_continue: false,
        _maxRequestsPerSocket: 0,
        locals: [Object: null prototype] {},
        _startAt: undefined,
        _startTime: undefined,
        writeHead: [Function: writeHead],
        __onFinished: [Function: listener] { queue: [Array] },
        flush: [Function: flush],
        write: [Function: write],
        end: [Function: end],
        on: [Function: on],
        [Symbol(shapeMode)]: false,
        [Symbol(kCapture)]: false,
        [Symbol(kBytesWritten)]: 0,
        [Symbol(kNeedDrain)]: false,
        [Symbol(corked)]: 0,
        [Symbol(kOutHeaders)]: [Object: null prototype] {
          'content-security-policy': [Array],
          'cross-origin-opener-policy': [Array],
          'cross-origin-resource-policy': [Array],
          'origin-agent-cluster': [Array],
          'referrer-policy': [Array],
          'strict-transport-security': [Array],
          'x-content-type-options': [Array],
          'x-dns-prefetch-control': [Array],
          'x-download-options': [Array],
          'x-frame-options': [Array],
          'x-permitted-cross-domain-policies': [Array],
          'x-xss-protection': [Array],
          'access-control-allow-origin': [Array],
          'access-control-allow-credentials': [Array]
        },
        [Symbol(errored)]: null,
        [Symbol(kHighWaterMark)]: 16384,
        [Symbol(kRejectNonStandardBodyWrites)]: false,
        [Symbol(kUniqueHeaders)]: null
      },
      _startAt: [ 70140, 521935800 ],
      _startTime: 2025-11-11T08:37:08.981Z,
      _remoteAddress: '::ffff:127.0.0.1',
      body: [Object: null prototype] {
        name: 'Product with Image',
        description: 'This product has an image',
        price: '149.99',
        stock: '25',
        category: 'Electronics'
      },
      route: Route {
        path: '/',
        stack: [ [Layer], [Layer], [Layer], [Layer], [Layer], [Layer] ],
        methods: { post: true }
      },
      user: {
        userId: '6912f5b45b8fe8c0ef3a29d2',
        username: 'adminuser',
        email: 'admin@test.com',
        role: 'admin'
      },
      _eventsCount: 2,
      [Symbol(shapeMode)]: true,
      [Symbol(kCapture)]: false,
      [Symbol(kHeaders)]: {
        host: '127.0.0.1:50349',
        'accept-encoding': 'gzip, deflate',
        authorization: 'Bearer eyJhbGciOiJIUzI1NiIsInR5cCI6IkpXVCJ9.eyJ1c2VySWQiOiI2OTEyZjViNDViOGZlOGMwZWYzYTI5ZDIiLCJ1c2VybmFtZSI6ImFkbWludXNlciIsImVtYWlsIjoiYWRtaW5AdGVzdC5jb20iLCJyb2xlIjoiYWRtaW4iLCJpYXQiOjE3NjI4NTAyMjgsImV4cCI6MTc2MzQ1NTAyOH0.sXTMj5S045Anubcg3g9GC_jR_XljtBSlTfSjHIu3AjY',
        'content-type': 'multipart/form-data; boundary=--------------------------d48815938a515d4bae63ea4a',
        'content-length': '879',
        connection: 'close'
      },
      [Symbol(kHeadersCount)]: 12,
      [Symbol(kTrailers)]: null,
      [Symbol(kTrailersCount)]: 0
    }

      at DiskStorage.log [as getFilename] (src/helpers/multer.helper.ts:49:15)

  console.log
    Generated filename: 3fd53f03-7bc9-412c-bcb1-e065a7741d9d.png

      at DiskStorage.log [as getFilename] (src/helpers/multer.helper.ts:52:15)

  console.log
    File saved to body: {
      fieldname: 'productImage',
      path: '/api/uploads/products/3fd53f03-7bc9-412c-bcb1-e065a7741d9d.png',
      file: {
        fieldname: 'productImage',
        originalname: 'test-image.png',
        encoding: '7bit',
        mimetype: 'image/png',
        destination: './uploads/products/productImage',
        filename: '3fd53f03-7bc9-412c-bcb1-e065a7741d9d.png',
        path: 'uploads\\products\\productImage\\3fd53f03-7bc9-412c-bcb1-e065a7741d9d.png',
        size: 70
      }
    }

      at log (src/helpers/multer.helper.ts:109:13)

[0mPOST /api/v1/auth/register [32m201[0m 86.960 ms - 534[0m
[0mPOST /api/products [33m404[0m 1.562 ms - 96[0m
[0mPOST /api/v1/auth/login [32m200[0m 82.075 ms - 529[0m
[0mPOST /api/v1/auth/register [32m201[0m 82.246 ms - 543[0m
[0mPOST /api/v1/auth/register [33m400[0m 1.970 ms - 128[0m
[0mPOST /api/v1/auth/register [33m400[0m 1.146 ms - 128[0m
[0mPOST /api/v1/products [32m201[0m 42.393 ms - 446[0m
  console.log
    No file found in request for field: productImage

      at log (src/helpers/multer.helper.ts:115:13)

[0mPOST /api/v1/products [32m201[0m 8.729 ms - 362[0m
  console.log
    Filtering file: {
      mimetype: 'image/png',
      fieldname: 'productImage',
      originalname: 'large-file.png'
    }

      at log (src/helpers/multer.helper.ts:66:11)

  console.log
    req: <ref *2> IncomingMessage {
      _events: {
        close: undefined,
        error: undefined,
        data: [Function: ondata],
        end: [Function: bound onceWrapper] { listener: [Function: onend] },
        readable: undefined
      },
      _readableState: ReadableState {
        highWaterMark: 16384,
        buffer: [],
        bufferIndex: 0,
        length: 0,
        pipes: [ [Multipart] ],
        awaitDrainWriters: null,
        [Symbol(kState)]: 194521356
      },
      _maxListeners: undefined,
      socket: <ref *1> Socket {
        connecting: false,
        _hadError: false,
        _parent: null,
        _host: null,
        _closeAfterHandlingError: false,
        _events: {
          close: [Array],
          error: [Array],
          prefinish: undefined,
          finish: undefined,
          drain: [Function: bound socketOnDrain],
          data: [Function: bound socketOnData],
          end: [Array],
          readable: undefined,
          timeout: [Function: socketOnTimeout],
          resume: [Function: onSocketResume],
          pause: [Function: onSocketPause]
        },
        _readableState: ReadableState {
          highWaterMark: 16384,
          buffer: [],
          bufferIndex: 0,
          length: 0,
          pipes: [],
          awaitDrainWriters: null,
          [Symbol(kState)]: 194062596
        },
        _writableState: WritableState {
          highWaterMark: 16384,
          length: 0,
          corked: 0,
          onwrite: [Function: bound onwrite],
          writelen: 0,
          bufferedIndex: 0,
          pendingcb: 0,
          [Symbol(kState)]: 17564420,
          [Symbol(kBufferedValue)]: null
        },
        allowHalfOpen: true,
        _maxListeners: undefined,
        _eventsCount: 8,
        _sockname: null,
        _pendingData: null,
        _pendingEncoding: '',
        server: Server {
          maxHeaderSize: undefined,
          insecureHTTPParser: undefined,
          requestTimeout: 300000,
          headersTimeout: 60000,
          keepAliveTimeout: 5000,
          connectionsCheckingInterval: 30000,
          requireHostHeader: true,
          joinDuplicateHeaders: undefined,
          rejectNonStandardBodyWrites: false,
          _events: [Object: null prototype],
          _eventsCount: 3,
          _maxListeners: undefined,
          _connections: 1,
          _handle: [TCP],
          _usingWorkers: false,
          _workers: [],
          _unref: false,
          _listeningId: 2,
          allowHalfOpen: true,
          pauseOnConnect: false,
          noDelay: true,
          keepAlive: false,
          keepAliveInitialDelay: 0,
          highWaterMark: 16384,
          httpAllowHalfOpen: false,
          timeout: 0,
          maxHeadersCount: null,
          maxRequestsPerSocket: 0,
          _connectionKey: '6::::0',
          [Symbol(IncomingMessage)]: [Function: IncomingMessage],
          [Symbol(ServerResponse)]: [Function: ServerResponse],
          [Symbol(shapeMode)]: false,
          [Symbol(kCapture)]: false,
          [Symbol(async_id_symbol)]: 1127,
          [Symbol(kUniqueHeaders)]: null,
          [Symbol(http.server.connections)]: ConnectionsList {},
          [Symbol(http.server.connectionsCheckingInterval)]: Timeout {
            _idleTimeout: 30000,
            _idlePrev: [TimersList],
            _idleNext: [Timeout],
            _idleStart: 7264,
            _onTimeout: [Function: bound checkConnections],
            _timerArgs: undefined,
            _repeat: 30000,
            _destroyed: false,
            [Symbol(refed)]: false,
            [Symbol(kHasPrimitive)]: false,
            [Symbol(asyncId)]: 1136,
            [Symbol(triggerId)]: 1128
          }
        },
        _server: Server {
          maxHeaderSize: undefined,
          insecureHTTPParser: undefined,
          requestTimeout: 300000,
          headersTimeout: 60000,
          keepAliveTimeout: 5000,
          connectionsCheckingInterval: 30000,
          requireHostHeader: true,
          joinDuplicateHeaders: undefined,
          rejectNonStandardBodyWrites: false,
          _events: [Object: null prototype],
          _eventsCount: 3,
          _maxListeners: undefined,
          _connections: 1,
          _handle: [TCP],
          _usingWorkers: false,
          _workers: [],
          _unref: false,
          _listeningId: 2,
          allowHalfOpen: true,
          pauseOnConnect: false,
          noDelay: true,
          keepAlive: false,
          keepAliveInitialDelay: 0,
          highWaterMark: 16384,
          httpAllowHalfOpen: false,
          timeout: 0,
          maxHeadersCount: null,
          maxRequestsPerSocket: 0,
          _connectionKey: '6::::0',
          [Symbol(IncomingMessage)]: [Function: IncomingMessage],
          [Symbol(ServerResponse)]: [Function: ServerResponse],
          [Symbol(shapeMode)]: false,
          [Symbol(kCapture)]: false,
          [Symbol(async_id_symbol)]: 1127,
          [Symbol(kUniqueHeaders)]: null,
          [Symbol(http.server.connections)]: ConnectionsList {},
          [Symbol(http.server.connectionsCheckingInterval)]: Timeout {
            _idleTimeout: 30000,
            _idlePrev: [TimersList],
            _idleNext: [Timeout],
            _idleStart: 7264,
            _onTimeout: [Function: bound checkConnections],
            _timerArgs: undefined,
            _repeat: 30000,
            _destroyed: false,
            [Symbol(refed)]: false,
            [Symbol(kHasPrimitive)]: false,
            [Symbol(asyncId)]: 1136,
            [Symbol(triggerId)]: 1128
          }
        },
        parser: HTTPParser {
          '0': null,
          '1': [Function: parserOnHeaders],
          '2': [Function: parserOnHeadersComplete],
          '3': [Function: parserOnBody],
          '4': [Function: parserOnMessageComplete],
          '5': [Function: bound onParserExecute],
          '6': [Function: bound onParserTimeout],
          _headers: [],
          _url: '',
          socket: [Circular *1],
          incoming: [Circular *2],
          outgoing: null,
          maxHeaderPairs: 2000,
          _consumed: true,
          onIncoming: [Function: bound parserOnIncoming],
          joinDuplicateHeaders: null,
          [Symbol(resource_symbol)]: [HTTPServerAsyncResource]
        },
        on: [Function: socketListenerWrap],
        addListener: [Function: socketListenerWrap],
        prependListener: [Function: socketListenerWrap],
        setEncoding: [Function: socketSetEncoding],
        _paused: false,
        _httpMessage: ServerResponse {
          _events: [Object: null prototype],
          _eventsCount: 2,
          _maxListeners: undefined,
          outputData: [],
          outputSize: 0,
          writable: true,
          destroyed: false,
          _last: false,
          chunkedEncoding: false,
          shouldKeepAlive: false,
          maxRequestsOnConnectionReached: false,
          _defaultKeepAlive: true,
          useChunkedEncodingByDefault: true,
          sendDate: true,
          _removedConnection: false,
          _removedContLen: false,
          _removedTE: false,
          strictContentLength: false,
          _contentLength: null,
          _hasBody: true,
          _trailer: '',
          finished: false,
          _headerSent: false,
          _closed: false,
          socket: [Circular *1],
          _header: null,
          _keepAliveTimeout: 5000,
          _onPendingData: [Function: bound updateOutgoingData],
          req: [Circular *2],
          _sent100: false,
          _expect_continue: false,
          _maxRequestsPerSocket: 0,
          locals: [Object: null prototype] {},
          _startAt: undefined,
          _startTime: undefined,
          writeHead: [Function: writeHead],
          __onFinished: [Function],
          flush: [Function: flush],
          write: [Function: write],
          end: [Function: end],
          on: [Function: on],
          [Symbol(shapeMode)]: false,
          [Symbol(kCapture)]: false,
          [Symbol(kBytesWritten)]: 0,
          [Symbol(kNeedDrain)]: false,
          [Symbol(corked)]: 0,
          [Symbol(kOutHeaders)]: [Object: null prototype],
          [Symbol(errored)]: null,
          [Symbol(kHighWaterMark)]: 16384,
          [Symbol(kRejectNonStandardBodyWrites)]: false,
          [Symbol(kUniqueHeaders)]: null
        },
        _peername: { address: '::ffff:127.0.0.1', family: 'IPv6', port: 50357 },
        [Symbol(async_id_symbol)]: 1147,
        [Symbol(kHandle)]: TCP {
          reading: false,
          onconnection: null,
          _consumed: true,
          [Symbol(owner_symbol)]: [Circular *1]
        },
        [Symbol(lastWriteQueueSize)]: 0,
        [Symbol(timeout)]: null,
        [Symbol(kBuffer)]: null,
        [Symbol(kBufferCb)]: null,
        [Symbol(kBufferGen)]: null,
        [Symbol(shapeMode)]: true,
        [Symbol(kCapture)]: false,
        [Symbol(kSetNoDelay)]: true,
        [Symbol(kSetKeepAlive)]: false,
        [Symbol(kSetKeepAliveInitialDelay)]: 0,
        [Symbol(kBytesRead)]: 0,
        [Symbol(kBytesWritten)]: 0
      },
      httpVersionMajor: 1,
      httpVersionMinor: 1,
      httpVersion: '1.1',
      complete: false,
      rawHeaders: [
        'Host',
        '127.0.0.1:50355',
        'Accept-Encoding',
        'gzip, deflate',
        'Authorization',
        'Bearer eyJhbGciOiJIUzI1NiIsInR5cCI6IkpXVCJ9.eyJ1c2VySWQiOiI2OTEyZjViNDViOGZlOGMwZWYzYTI5ZDIiLCJ1c2VybmFtZSI6ImFkbWludXNlciIsImVtYWlsIjoiYWRtaW5AdGVzdC5jb20iLCJyb2xlIjoiYWRtaW4iLCJpYXQiOjE3NjI4NTAyMjgsImV4cCI6MTc2MzQ1NTAyOH0.sXTMj5S045Anubcg3g9GC_jR_XljtBSlTfSjHIu3AjY',
        'content-type',
        'multipart/form-data; boundary=--------------------------8b6669fe9e1118ec6114ef78',
        'Content-Length',
        '6292261',
        'Connection',
        'close'
      ],
      rawTrailers: [],
      joinDuplicateHeaders: null,
      aborted: false,
      upgrade: false,
      url: '/',
      method: 'POST',
      statusCode: null,
      statusMessage: null,
      client: <ref *1> Socket {
        connecting: false,
        _hadError: false,
        _parent: null,
        _host: null,
        _closeAfterHandlingError: false,
        _events: {
          close: [Array],
          error: [Array],
          prefinish: undefined,
          finish: undefined,
          drain: [Function: bound socketOnDrain],
          data: [Function: bound socketOnData],
          end: [Array],
          readable: undefined,
          timeout: [Function: socketOnTimeout],
          resume: [Function: onSocketResume],
          pause: [Function: onSocketPause]
        },
        _readableState: ReadableState {
          highWaterMark: 16384,
          buffer: [],
          bufferIndex: 0,
          length: 0,
          pipes: [],
          awaitDrainWriters: null,
          [Symbol(kState)]: 194062596
        },
        _writableState: WritableState {
          highWaterMark: 16384,
          length: 0,
          corked: 0,
          onwrite: [Function: bound onwrite],
          writelen: 0,
          bufferedIndex: 0,
          pendingcb: 0,
          [Symbol(kState)]: 17564420,
          [Symbol(kBufferedValue)]: null
        },
        allowHalfOpen: true,
        _maxListeners: undefined,
        _eventsCount: 8,
        _sockname: null,
        _pendingData: null,
        _pendingEncoding: '',
        server: Server {
          maxHeaderSize: undefined,
          insecureHTTPParser: undefined,
          requestTimeout: 300000,
          headersTimeout: 60000,
          keepAliveTimeout: 5000,
          connectionsCheckingInterval: 30000,
          requireHostHeader: true,
          joinDuplicateHeaders: undefined,
          rejectNonStandardBodyWrites: false,
          _events: [Object: null prototype],
          _eventsCount: 3,
          _maxListeners: undefined,
          _connections: 1,
          _handle: [TCP],
          _usingWorkers: false,
          _workers: [],
          _unref: false,
          _listeningId: 2,
          allowHalfOpen: true,
          pauseOnConnect: false,
          noDelay: true,
          keepAlive: false,
          keepAliveInitialDelay: 0,
          highWaterMark: 16384,
          httpAllowHalfOpen: false,
          timeout: 0,
          maxHeadersCount: null,
          maxRequestsPerSocket: 0,
          _connectionKey: '6::::0',
          [Symbol(IncomingMessage)]: [Function: IncomingMessage],
          [Symbol(ServerResponse)]: [Function: ServerResponse],
          [Symbol(shapeMode)]: false,
          [Symbol(kCapture)]: false,
          [Symbol(async_id_symbol)]: 1127,
          [Symbol(kUniqueHeaders)]: null,
          [Symbol(http.server.connections)]: ConnectionsList {},
          [Symbol(http.server.connectionsCheckingInterval)]: Timeout {
            _idleTimeout: 30000,
            _idlePrev: [TimersList],
            _idleNext: [Timeout],
            _idleStart: 7264,
            _onTimeout: [Function: bound checkConnections],
            _timerArgs: undefined,
            _repeat: 30000,
            _destroyed: false,
            [Symbol(refed)]: false,
            [Symbol(kHasPrimitive)]: false,
            [Symbol(asyncId)]: 1136,
            [Symbol(triggerId)]: 1128
          }
        },
        _server: Server {
          maxHeaderSize: undefined,
          insecureHTTPParser: undefined,
          requestTimeout: 300000,
          headersTimeout: 60000,
          keepAliveTimeout: 5000,
          connectionsCheckingInterval: 30000,
          requireHostHeader: true,
          joinDuplicateHeaders: undefined,
          rejectNonStandardBodyWrites: false,
          _events: [Object: null prototype],
          _eventsCount: 3,
          _maxListeners: undefined,
          _connections: 1,
          _handle: [TCP],
          _usingWorkers: false,
          _workers: [],
          _unref: false,
          _listeningId: 2,
          allowHalfOpen: true,
          pauseOnConnect: false,
          noDelay: true,
          keepAlive: false,
          keepAliveInitialDelay: 0,
          highWaterMark: 16384,
          httpAllowHalfOpen: false,
          timeout: 0,
          maxHeadersCount: null,
          maxRequestsPerSocket: 0,
          _connectionKey: '6::::0',
          [Symbol(IncomingMessage)]: [Function: IncomingMessage],
          [Symbol(ServerResponse)]: [Function: ServerResponse],
          [Symbol(shapeMode)]: false,
          [Symbol(kCapture)]: false,
          [Symbol(async_id_symbol)]: 1127,
          [Symbol(kUniqueHeaders)]: null,
          [Symbol(http.server.connections)]: ConnectionsList {},
          [Symbol(http.server.connectionsCheckingInterval)]: Timeout {
            _idleTimeout: 30000,
            _idlePrev: [TimersList],
            _idleNext: [Timeout],
            _idleStart: 7264,
            _onTimeout: [Function: bound checkConnections],
            _timerArgs: undefined,
            _repeat: 30000,
            _destroyed: false,
            [Symbol(refed)]: false,
            [Symbol(kHasPrimitive)]: false,
            [Symbol(asyncId)]: 1136,
            [Symbol(triggerId)]: 1128
          }
        },
        parser: HTTPParser {
          '0': null,
          '1': [Function: parserOnHeaders],
          '2': [Function: parserOnHeadersComplete],
          '3': [Function: parserOnBody],
          '4': [Function: parserOnMessageComplete],
          '5': [Function: bound onParserExecute],
          '6': [Function: bound onParserTimeout],
          _headers: [],
          _url: '',
          socket: [Circular *1],
          incoming: [Circular *2],
          outgoing: null,
          maxHeaderPairs: 2000,
          _consumed: true,
          onIncoming: [Function: bound parserOnIncoming],
          joinDuplicateHeaders: null,
          [Symbol(resource_symbol)]: [HTTPServerAsyncResource]
        },
        on: [Function: socketListenerWrap],
        addListener: [Function: socketListenerWrap],
        prependListener: [Function: socketListenerWrap],
        setEncoding: [Function: socketSetEncoding],
        _paused: false,
        _httpMessage: ServerResponse {
          _events: [Object: null prototype],
          _eventsCount: 2,
          _maxListeners: undefined,
          outputData: [],
          outputSize: 0,
          writable: true,
          destroyed: false,
          _last: false,
          chunkedEncoding: false,
          shouldKeepAlive: false,
          maxRequestsOnConnectionReached: false,
          _defaultKeepAlive: true,
          useChunkedEncodingByDefault: true,
          sendDate: true,
          _removedConnection: false,
          _removedContLen: false,
          _removedTE: false,
          strictContentLength: false,
          _contentLength: null,
          _hasBody: true,
          _trailer: '',
          finished: false,
          _headerSent: false,
          _closed: false,
          socket: [Circular *1],
          _header: null,
          _keepAliveTimeout: 5000,
          _onPendingData: [Function: bound updateOutgoingData],
          req: [Circular *2],
          _sent100: false,
          _expect_continue: false,
          _maxRequestsPerSocket: 0,
          locals: [Object: null prototype] {},
          _startAt: undefined,
          _startTime: undefined,
          writeHead: [Function: writeHead],
          __onFinished: [Function],
          flush: [Function: flush],
          write: [Function: write],
          end: [Function: end],
          on: [Function: on],
          [Symbol(shapeMode)]: false,
          [Symbol(kCapture)]: false,
          [Symbol(kBytesWritten)]: 0,
          [Symbol(kNeedDrain)]: false,
          [Symbol(corked)]: 0,
          [Symbol(kOutHeaders)]: [Object: null prototype],
          [Symbol(errored)]: null,
          [Symbol(kHighWaterMark)]: 16384,
          [Symbol(kRejectNonStandardBodyWrites)]: false,
          [Symbol(kUniqueHeaders)]: null
        },
        _peername: { address: '::ffff:127.0.0.1', family: 'IPv6', port: 50357 },
        [Symbol(async_id_symbol)]: 1147,
        [Symbol(kHandle)]: TCP {
          reading: false,
          onconnection: null,
          _consumed: true,
          [Symbol(owner_symbol)]: [Circular *1]
        },
        [Symbol(lastWriteQueueSize)]: 0,
        [Symbol(timeout)]: null,
        [Symbol(kBuffer)]: null,
        [Symbol(kBufferCb)]: null,
        [Symbol(kBufferGen)]: null,
        [Symbol(shapeMode)]: true,
        [Symbol(kCapture)]: false,
        [Symbol(kSetNoDelay)]: true,
        [Symbol(kSetKeepAlive)]: false,
        [Symbol(kSetKeepAliveInitialDelay)]: 0,
        [Symbol(kBytesRead)]: 0,
        [Symbol(kBytesWritten)]: 0
      },
      _consuming: true,
      _dumped: false,
      next: [Function: next],
      baseUrl: '/api/v1/products',
      originalUrl: '/api/v1/products',
      _parsedUrl: Url {
        protocol: null,
        slashes: null,
        auth: null,
        host: null,
        port: null,
        hostname: null,
        hash: null,
        search: null,
        query: null,
        pathname: '/',
        path: '/',
        href: '/',
        _raw: '/'
      },
      params: {},
      query: {},
      res: <ref *3> ServerResponse {
        _events: [Object: null prototype] {
          finish: [Array],
          end: [Function: onevent]
        },
        _eventsCount: 2,
        _maxListeners: undefined,
        outputData: [],
        outputSize: 0,
        writable: true,
        destroyed: false,
        _last: false,
        chunkedEncoding: false,
        shouldKeepAlive: false,
        maxRequestsOnConnectionReached: false,
        _defaultKeepAlive: true,
        useChunkedEncodingByDefault: true,
        sendDate: true,
        _removedConnection: false,
        _removedContLen: false,
        _removedTE: false,
        strictContentLength: false,
        _contentLength: null,
        _hasBody: true,
        _trailer: '',
        finished: false,
        _headerSent: false,
        _closed: false,
        socket: <ref *1> Socket {
          connecting: false,
          _hadError: false,
          _parent: null,
          _host: null,
          _closeAfterHandlingError: false,
          _events: [Object],
          _readableState: [ReadableState],
          _writableState: [WritableState],
          allowHalfOpen: true,
          _maxListeners: undefined,
          _eventsCount: 8,
          _sockname: null,
          _pendingData: null,
          _pendingEncoding: '',
          server: [Server],
          _server: [Server],
          parser: [HTTPParser],
          on: [Function: socketListenerWrap],
          addListener: [Function: socketListenerWrap],
          prependListener: [Function: socketListenerWrap],
          setEncoding: [Function: socketSetEncoding],
          _paused: false,
          _httpMessage: [Circular *3],
          _peername: [Object],
          [Symbol(async_id_symbol)]: 1147,
          [Symbol(kHandle)]: [TCP],
          [Symbol(lastWriteQueueSize)]: 0,
          [Symbol(timeout)]: null,
          [Symbol(kBuffer)]: null,
          [Symbol(kBufferCb)]: null,
          [Symbol(kBufferGen)]: null,
          [Symbol(shapeMode)]: true,
          [Symbol(kCapture)]: false,
          [Symbol(kSetNoDelay)]: true,
          [Symbol(kSetKeepAlive)]: false,
          [Symbol(kSetKeepAliveInitialDelay)]: 0,
          [Symbol(kBytesRead)]: 0,
          [Symbol(kBytesWritten)]: 0
        },
        _header: null,
        _keepAliveTimeout: 5000,
        _onPendingData: [Function: bound updateOutgoingData],
        req: [Circular *2],
        _sent100: false,
        _expect_continue: false,
        _maxRequestsPerSocket: 0,
        locals: [Object: null prototype] {},
        _startAt: undefined,
        _startTime: undefined,
        writeHead: [Function: writeHead],
        __onFinished: [Function: listener] { queue: [Array] },
        flush: [Function: flush],
        write: [Function: write],
        end: [Function: end],
        on: [Function: on],
        [Symbol(shapeMode)]: false,
        [Symbol(kCapture)]: false,
        [Symbol(kBytesWritten)]: 0,
        [Symbol(kNeedDrain)]: false,
        [Symbol(corked)]: 0,
        [Symbol(kOutHeaders)]: [Object: null prototype] {
          'content-security-policy': [Array],
          'cross-origin-opener-policy': [Array],
          'cross-origin-resource-policy': [Array],
          'origin-agent-cluster': [Array],
          'referrer-policy': [Array],
          'strict-transport-security': [Array],
          'x-content-type-options': [Array],
          'x-dns-prefetch-control': [Array],
          'x-download-options': [Array],
          'x-frame-options': [Array],
          'x-permitted-cross-domain-policies': [Array],
          'x-xss-protection': [Array],
          'access-control-allow-origin': [Array],
          'access-control-allow-credentials': [Array]
        },
        [Symbol(errored)]: null,
        [Symbol(kHighWaterMark)]: 16384,
        [Symbol(kRejectNonStandardBodyWrites)]: false,
        [Symbol(kUniqueHeaders)]: null
      },
      _startAt: [ 70140, 598817200 ],
      _startTime: 2025-11-11T08:37:09.058Z,
      _remoteAddress: '::ffff:127.0.0.1',
      body: [Object: null prototype] {
        name: 'Product with Large Image',
        description: 'This should fail',
        price: '99.99',
        stock: '10',
        category: 'Electronics'
      },
      route: Route {
        path: '/',
        stack: [ [Layer], [Layer], [Layer], [Layer], [Layer], [Layer] ],
        methods: { post: true }
      },
      user: {
        userId: '6912f5b45b8fe8c0ef3a29d2',
        username: 'adminuser',
        email: 'admin@test.com',
        role: 'admin'
      },
      _eventsCount: 2,
      [Symbol(shapeMode)]: true,
      [Symbol(kCapture)]: false,
      [Symbol(kHeaders)]: {
        host: '127.0.0.1:50355',
        'accept-encoding': 'gzip, deflate',
        authorization: 'Bearer eyJhbGciOiJIUzI1NiIsInR5cCI6IkpXVCJ9.eyJ1c2VySWQiOiI2OTEyZjViNDViOGZlOGMwZWYzYTI5ZDIiLCJ1c2VybmFtZSI6ImFkbWludXNlciIsImVtYWlsIjoiYWRtaW5AdGVzdC5jb20iLCJyb2xlIjoiYWRtaW4iLCJpYXQiOjE3NjI4NTAyMjgsImV4cCI6MTc2MzQ1NTAyOH0.sXTMj5S045Anubcg3g9GC_jR_XljtBSlTfSjHIu3AjY',
        'content-type': 'multipart/form-data; boundary=--------------------------8b6669fe9e1118ec6114ef78',
        'content-length': '6292261',
        connection: 'close'
      },
      [Symbol(kHeadersCount)]: 12,
      [Symbol(kTrailers)]: null,
      [Symbol(kTrailersCount)]: 0
    }

      at log (src/helpers/multer.helper.ts:71:11)

  console.log
    File accepted: large-file.png

      at log (src/helpers/multer.helper.ts:74:13)

  console.log
    req: <ref *2> IncomingMessage {
      _events: {
        close: undefined,
        error: undefined,
        data: [Function: ondata],
        end: [Function: bound onceWrapper] { listener: [Function: onend] },
        readable: undefined
      },
      _readableState: ReadableState {
        highWaterMark: 16384,
        buffer: [],
        bufferIndex: 0,
        length: 0,
        pipes: [ [Multipart] ],
        awaitDrainWriters: null,
        [Symbol(kState)]: 194521356
      },
      _maxListeners: undefined,
      socket: <ref *1> Socket {
        connecting: false,
        _hadError: false,
        _parent: null,
        _host: null,
        _closeAfterHandlingError: false,
        _events: {
          close: [Array],
          error: [Array],
          prefinish: undefined,
          finish: undefined,
          drain: [Function: bound socketOnDrain],
          data: [Function: bound socketOnData],
          end: [Array],
          readable: undefined,
          timeout: [Function: socketOnTimeout],
          resume: [Function: onSocketResume],
          pause: [Function: onSocketPause]
        },
        _readableState: ReadableState {
          highWaterMark: 16384,
          buffer: [],
          bufferIndex: 0,
          length: 0,
          pipes: [],
          awaitDrainWriters: null,
          [Symbol(kState)]: 194062596
        },
        _writableState: WritableState {
          highWaterMark: 16384,
          length: 0,
          corked: 0,
          onwrite: [Function: bound onwrite],
          writelen: 0,
          bufferedIndex: 0,
          pendingcb: 0,
          [Symbol(kState)]: 17564420,
          [Symbol(kBufferedValue)]: null
        },
        allowHalfOpen: true,
        _maxListeners: undefined,
        _eventsCount: 8,
        _sockname: null,
        _pendingData: null,
        _pendingEncoding: '',
        server: Server {
          maxHeaderSize: undefined,
          insecureHTTPParser: undefined,
          requestTimeout: 300000,
          headersTimeout: 60000,
          keepAliveTimeout: 5000,
          connectionsCheckingInterval: 30000,
          requireHostHeader: true,
          joinDuplicateHeaders: undefined,
          rejectNonStandardBodyWrites: false,
          _events: [Object: null prototype],
          _eventsCount: 3,
          _maxListeners: undefined,
          _connections: 1,
          _handle: [TCP],
          _usingWorkers: false,
          _workers: [],
          _unref: false,
          _listeningId: 2,
          allowHalfOpen: true,
          pauseOnConnect: false,
          noDelay: true,
          keepAlive: false,
          keepAliveInitialDelay: 0,
          highWaterMark: 16384,
          httpAllowHalfOpen: false,
          timeout: 0,
          maxHeadersCount: null,
          maxRequestsPerSocket: 0,
          _connectionKey: '6::::0',
          [Symbol(IncomingMessage)]: [Function: IncomingMessage],
          [Symbol(ServerResponse)]: [Function: ServerResponse],
          [Symbol(shapeMode)]: false,
          [Symbol(kCapture)]: false,
          [Symbol(async_id_symbol)]: 1127,
          [Symbol(kUniqueHeaders)]: null,
          [Symbol(http.server.connections)]: ConnectionsList {},
          [Symbol(http.server.connectionsCheckingInterval)]: Timeout {
            _idleTimeout: 30000,
            _idlePrev: [TimersList],
            _idleNext: [Timeout],
            _idleStart: 7264,
            _onTimeout: [Function: bound checkConnections],
            _timerArgs: undefined,
            _repeat: 30000,
            _destroyed: false,
            [Symbol(refed)]: false,
            [Symbol(kHasPrimitive)]: false,
            [Symbol(asyncId)]: 1136,
            [Symbol(triggerId)]: 1128
          }
        },
        _server: Server {
          maxHeaderSize: undefined,
          insecureHTTPParser: undefined,
          requestTimeout: 300000,
          headersTimeout: 60000,
          keepAliveTimeout: 5000,
          connectionsCheckingInterval: 30000,
          requireHostHeader: true,
          joinDuplicateHeaders: undefined,
          rejectNonStandardBodyWrites: false,
          _events: [Object: null prototype],
          _eventsCount: 3,
          _maxListeners: undefined,
          _connections: 1,
          _handle: [TCP],
          _usingWorkers: false,
          _workers: [],
          _unref: false,
          _listeningId: 2,
          allowHalfOpen: true,
          pauseOnConnect: false,
          noDelay: true,
          keepAlive: false,
          keepAliveInitialDelay: 0,
          highWaterMark: 16384,
          httpAllowHalfOpen: false,
          timeout: 0,
          maxHeadersCount: null,
          maxRequestsPerSocket: 0,
          _connectionKey: '6::::0',
          [Symbol(IncomingMessage)]: [Function: IncomingMessage],
          [Symbol(ServerResponse)]: [Function: ServerResponse],
          [Symbol(shapeMode)]: false,
          [Symbol(kCapture)]: false,
          [Symbol(async_id_symbol)]: 1127,
          [Symbol(kUniqueHeaders)]: null,
          [Symbol(http.server.connections)]: ConnectionsList {},
          [Symbol(http.server.connectionsCheckingInterval)]: Timeout {
            _idleTimeout: 30000,
            _idlePrev: [TimersList],
            _idleNext: [Timeout],
            _idleStart: 7264,
            _onTimeout: [Function: bound checkConnections],
            _timerArgs: undefined,
            _repeat: 30000,
            _destroyed: false,
            [Symbol(refed)]: false,
            [Symbol(kHasPrimitive)]: false,
            [Symbol(asyncId)]: 1136,
            [Symbol(triggerId)]: 1128
          }
        },
        parser: HTTPParser {
          '0': null,
          '1': [Function: parserOnHeaders],
          '2': [Function: parserOnHeadersComplete],
          '3': [Function: parserOnBody],
          '4': [Function: parserOnMessageComplete],
          '5': [Function: bound onParserExecute],
          '6': [Function: bound onParserTimeout],
          _headers: [],
          _url: '',
          socket: [Circular *1],
          incoming: [Circular *2],
          outgoing: null,
          maxHeaderPairs: 2000,
          _consumed: true,
          onIncoming: [Function: bound parserOnIncoming],
          joinDuplicateHeaders: null,
          [Symbol(resource_symbol)]: [HTTPServerAsyncResource]
        },
        on: [Function: socketListenerWrap],
        addListener: [Function: socketListenerWrap],
        prependListener: [Function: socketListenerWrap],
        setEncoding: [Function: socketSetEncoding],
        _paused: false,
        _httpMessage: ServerResponse {
          _events: [Object: null prototype],
          _eventsCount: 2,
          _maxListeners: undefined,
          outputData: [],
          outputSize: 0,
          writable: true,
          destroyed: false,
          _last: false,
          chunkedEncoding: false,
          shouldKeepAlive: false,
          maxRequestsOnConnectionReached: false,
          _defaultKeepAlive: true,
          useChunkedEncodingByDefault: true,
          sendDate: true,
          _removedConnection: false,
          _removedContLen: false,
          _removedTE: false,
          strictContentLength: false,
          _contentLength: null,
          _hasBody: true,
          _trailer: '',
          finished: false,
          _headerSent: false,
          _closed: false,
          socket: [Circular *1],
          _header: null,
          _keepAliveTimeout: 5000,
          _onPendingData: [Function: bound updateOutgoingData],
          req: [Circular *2],
          _sent100: false,
          _expect_continue: false,
          _maxRequestsPerSocket: 0,
          locals: [Object: null prototype] {},
          _startAt: undefined,
          _startTime: undefined,
          writeHead: [Function: writeHead],
          __onFinished: [Function],
          flush: [Function: flush],
          write: [Function: write],
          end: [Function: end],
          on: [Function: on],
          [Symbol(shapeMode)]: false,
          [Symbol(kCapture)]: false,
          [Symbol(kBytesWritten)]: 0,
          [Symbol(kNeedDrain)]: false,
          [Symbol(corked)]: 0,
          [Symbol(kOutHeaders)]: [Object: null prototype],
          [Symbol(errored)]: null,
          [Symbol(kHighWaterMark)]: 16384,
          [Symbol(kRejectNonStandardBodyWrites)]: false,
          [Symbol(kUniqueHeaders)]: null
        },
        _peername: { address: '::ffff:127.0.0.1', family: 'IPv6', port: 50357 },
        [Symbol(async_id_symbol)]: 1147,
        [Symbol(kHandle)]: TCP {
          reading: false,
          onconnection: null,
          _consumed: true,
          [Symbol(owner_symbol)]: [Circular *1]
        },
        [Symbol(lastWriteQueueSize)]: 0,
        [Symbol(timeout)]: null,
        [Symbol(kBuffer)]: null,
        [Symbol(kBufferCb)]: null,
        [Symbol(kBufferGen)]: null,
        [Symbol(shapeMode)]: true,
        [Symbol(kCapture)]: false,
        [Symbol(kSetNoDelay)]: true,
        [Symbol(kSetKeepAlive)]: false,
        [Symbol(kSetKeepAliveInitialDelay)]: 0,
        [Symbol(kBytesRead)]: 0,
        [Symbol(kBytesWritten)]: 0
      },
      httpVersionMajor: 1,
      httpVersionMinor: 1,
      httpVersion: '1.1',
      complete: false,
      rawHeaders: [
        'Host',
        '127.0.0.1:50355',
        'Accept-Encoding',
        'gzip, deflate',
        'Authorization',
        'Bearer eyJhbGciOiJIUzI1NiIsInR5cCI6IkpXVCJ9.eyJ1c2VySWQiOiI2OTEyZjViNDViOGZlOGMwZWYzYTI5ZDIiLCJ1c2VybmFtZSI6ImFkbWludXNlciIsImVtYWlsIjoiYWRtaW5AdGVzdC5jb20iLCJyb2xlIjoiYWRtaW4iLCJpYXQiOjE3NjI4NTAyMjgsImV4cCI6MTc2MzQ1NTAyOH0.sXTMj5S045Anubcg3g9GC_jR_XljtBSlTfSjHIu3AjY',
        'content-type',
        'multipart/form-data; boundary=--------------------------8b6669fe9e1118ec6114ef78',
        'Content-Length',
        '6292261',
        'Connection',
        'close'
      ],
      rawTrailers: [],
      joinDuplicateHeaders: null,
      aborted: false,
      upgrade: false,
      url: '/',
      method: 'POST',
      statusCode: null,
      statusMessage: null,
      client: <ref *1> Socket {
        connecting: false,
        _hadError: false,
        _parent: null,
        _host: null,
        _closeAfterHandlingError: false,
        _events: {
          close: [Array],
          error: [Array],
          prefinish: undefined,
          finish: undefined,
          drain: [Function: bound socketOnDrain],
          data: [Function: bound socketOnData],
          end: [Array],
          readable: undefined,
          timeout: [Function: socketOnTimeout],
          resume: [Function: onSocketResume],
          pause: [Function: onSocketPause]
        },
        _readableState: ReadableState {
          highWaterMark: 16384,
          buffer: [],
          bufferIndex: 0,
          length: 0,
          pipes: [],
          awaitDrainWriters: null,
          [Symbol(kState)]: 194062596
        },
        _writableState: WritableState {
          highWaterMark: 16384,
          length: 0,
          corked: 0,
          onwrite: [Function: bound onwrite],
          writelen: 0,
          bufferedIndex: 0,
          pendingcb: 0,
          [Symbol(kState)]: 17564420,
          [Symbol(kBufferedValue)]: null
        },
        allowHalfOpen: true,
        _maxListeners: undefined,
        _eventsCount: 8,
        _sockname: null,
        _pendingData: null,
        _pendingEncoding: '',
        server: Server {
          maxHeaderSize: undefined,
          insecureHTTPParser: undefined,
          requestTimeout: 300000,
          headersTimeout: 60000,
          keepAliveTimeout: 5000,
          connectionsCheckingInterval: 30000,
          requireHostHeader: true,
          joinDuplicateHeaders: undefined,
          rejectNonStandardBodyWrites: false,
          _events: [Object: null prototype],
          _eventsCount: 3,
          _maxListeners: undefined,
          _connections: 1,
          _handle: [TCP],
          _usingWorkers: false,
          _workers: [],
          _unref: false,
          _listeningId: 2,
          allowHalfOpen: true,
          pauseOnConnect: false,
          noDelay: true,
          keepAlive: false,
          keepAliveInitialDelay: 0,
          highWaterMark: 16384,
          httpAllowHalfOpen: false,
          timeout: 0,
          maxHeadersCount: null,
          maxRequestsPerSocket: 0,
          _connectionKey: '6::::0',
          [Symbol(IncomingMessage)]: [Function: IncomingMessage],
          [Symbol(ServerResponse)]: [Function: ServerResponse],
          [Symbol(shapeMode)]: false,
          [Symbol(kCapture)]: false,
          [Symbol(async_id_symbol)]: 1127,
          [Symbol(kUniqueHeaders)]: null,
          [Symbol(http.server.connections)]: ConnectionsList {},
          [Symbol(http.server.connectionsCheckingInterval)]: Timeout {
            _idleTimeout: 30000,
            _idlePrev: [TimersList],
            _idleNext: [Timeout],
            _idleStart: 7264,
            _onTimeout: [Function: bound checkConnections],
            _timerArgs: undefined,
            _repeat: 30000,
            _destroyed: false,
            [Symbol(refed)]: false,
            [Symbol(kHasPrimitive)]: false,
            [Symbol(asyncId)]: 1136,
            [Symbol(triggerId)]: 1128
          }
        },
        _server: Server {
          maxHeaderSize: undefined,
          insecureHTTPParser: undefined,
          requestTimeout: 300000,
          headersTimeout: 60000,
          keepAliveTimeout: 5000,
          connectionsCheckingInterval: 30000,
          requireHostHeader: true,
          joinDuplicateHeaders: undefined,
          rejectNonStandardBodyWrites: false,
          _events: [Object: null prototype],
          _eventsCount: 3,
          _maxListeners: undefined,
          _connections: 1,
          _handle: [TCP],
          _usingWorkers: false,
          _workers: [],
          _unref: false,
          _listeningId: 2,
          allowHalfOpen: true,
          pauseOnConnect: false,
          noDelay: true,
          keepAlive: false,
          keepAliveInitialDelay: 0,
          highWaterMark: 16384,
          httpAllowHalfOpen: false,
          timeout: 0,
          maxHeadersCount: null,
          maxRequestsPerSocket: 0,
          _connectionKey: '6::::0',
          [Symbol(IncomingMessage)]: [Function: IncomingMessage],
          [Symbol(ServerResponse)]: [Function: ServerResponse],
          [Symbol(shapeMode)]: false,
          [Symbol(kCapture)]: false,
          [Symbol(async_id_symbol)]: 1127,
          [Symbol(kUniqueHeaders)]: null,
          [Symbol(http.server.connections)]: ConnectionsList {},
          [Symbol(http.server.connectionsCheckingInterval)]: Timeout {
            _idleTimeout: 30000,
            _idlePrev: [TimersList],
            _idleNext: [Timeout],
            _idleStart: 7264,
            _onTimeout: [Function: bound checkConnections],
            _timerArgs: undefined,
            _repeat: 30000,
            _destroyed: false,
            [Symbol(refed)]: false,
            [Symbol(kHasPrimitive)]: false,
            [Symbol(asyncId)]: 1136,
            [Symbol(triggerId)]: 1128
          }
        },
        parser: HTTPParser {
          '0': null,
          '1': [Function: parserOnHeaders],
          '2': [Function: parserOnHeadersComplete],
          '3': [Function: parserOnBody],
          '4': [Function: parserOnMessageComplete],
          '5': [Function: bound onParserExecute],
          '6': [Function: bound onParserTimeout],
          _headers: [],
          _url: '',
          socket: [Circular *1],
          incoming: [Circular *2],
          outgoing: null,
          maxHeaderPairs: 2000,
          _consumed: true,
          onIncoming: [Function: bound parserOnIncoming],
          joinDuplicateHeaders: null,
          [Symbol(resource_symbol)]: [HTTPServerAsyncResource]
        },
        on: [Function: socketListenerWrap],
        addListener: [Function: socketListenerWrap],
        prependListener: [Function: socketListenerWrap],
        setEncoding: [Function: socketSetEncoding],
        _paused: false,
        _httpMessage: ServerResponse {
          _events: [Object: null prototype],
          _eventsCount: 2,
          _maxListeners: undefined,
          outputData: [],
          outputSize: 0,
          writable: true,
          destroyed: false,
          _last: false,
          chunkedEncoding: false,
          shouldKeepAlive: false,
          maxRequestsOnConnectionReached: false,
          _defaultKeepAlive: true,
          useChunkedEncodingByDefault: true,
          sendDate: true,
          _removedConnection: false,
          _removedContLen: false,
          _removedTE: false,
          strictContentLength: false,
          _contentLength: null,
          _hasBody: true,
          _trailer: '',
          finished: false,
          _headerSent: false,
          _closed: false,
          socket: [Circular *1],
          _header: null,
          _keepAliveTimeout: 5000,
          _onPendingData: [Function: bound updateOutgoingData],
          req: [Circular *2],
          _sent100: false,
          _expect_continue: false,
          _maxRequestsPerSocket: 0,
          locals: [Object: null prototype] {},
          _startAt: undefined,
          _startTime: undefined,
          writeHead: [Function: writeHead],
          __onFinished: [Function],
          flush: [Function: flush],
          write: [Function: write],
          end: [Function: end],
          on: [Function: on],
          [Symbol(shapeMode)]: false,
          [Symbol(kCapture)]: false,
          [Symbol(kBytesWritten)]: 0,
          [Symbol(kNeedDrain)]: false,
          [Symbol(corked)]: 0,
          [Symbol(kOutHeaders)]: [Object: null prototype],
          [Symbol(errored)]: null,
          [Symbol(kHighWaterMark)]: 16384,
          [Symbol(kRejectNonStandardBodyWrites)]: false,
          [Symbol(kUniqueHeaders)]: null
        },
        _peername: { address: '::ffff:127.0.0.1', family: 'IPv6', port: 50357 },
        [Symbol(async_id_symbol)]: 1147,
        [Symbol(kHandle)]: TCP {
          reading: false,
          onconnection: null,
          _consumed: true,
          [Symbol(owner_symbol)]: [Circular *1]
        },
        [Symbol(lastWriteQueueSize)]: 0,
        [Symbol(timeout)]: null,
        [Symbol(kBuffer)]: null,
        [Symbol(kBufferCb)]: null,
        [Symbol(kBufferGen)]: null,
        [Symbol(shapeMode)]: true,
        [Symbol(kCapture)]: false,
        [Symbol(kSetNoDelay)]: true,
        [Symbol(kSetKeepAlive)]: false,
        [Symbol(kSetKeepAliveInitialDelay)]: 0,
        [Symbol(kBytesRead)]: 0,
        [Symbol(kBytesWritten)]: 0
      },
      _consuming: true,
      _dumped: false,
      next: [Function: next],
      baseUrl: '/api/v1/products',
      originalUrl: '/api/v1/products',
      _parsedUrl: Url {
        protocol: null,
        slashes: null,
        auth: null,
        host: null,
        port: null,
        hostname: null,
        hash: null,
        search: null,
        query: null,
        pathname: '/',
        path: '/',
        href: '/',
        _raw: '/'
      },
      params: {},
      query: {},
      res: <ref *3> ServerResponse {
        _events: [Object: null prototype] {
          finish: [Array],
          end: [Function: onevent]
        },
        _eventsCount: 2,
        _maxListeners: undefined,
        outputData: [],
        outputSize: 0,
        writable: true,
        destroyed: false,
        _last: false,
        chunkedEncoding: false,
        shouldKeepAlive: false,
        maxRequestsOnConnectionReached: false,
        _defaultKeepAlive: true,
        useChunkedEncodingByDefault: true,
        sendDate: true,
        _removedConnection: false,
        _removedContLen: false,
        _removedTE: false,
        strictContentLength: false,
        _contentLength: null,
        _hasBody: true,
        _trailer: '',
        finished: false,
        _headerSent: false,
        _closed: false,
        socket: <ref *1> Socket {
          connecting: false,
          _hadError: false,
          _parent: null,
          _host: null,
          _closeAfterHandlingError: false,
          _events: [Object],
          _readableState: [ReadableState],
          _writableState: [WritableState],
          allowHalfOpen: true,
          _maxListeners: undefined,
          _eventsCount: 8,
          _sockname: null,
          _pendingData: null,
          _pendingEncoding: '',
          server: [Server],
          _server: [Server],
          parser: [HTTPParser],
          on: [Function: socketListenerWrap],
          addListener: [Function: socketListenerWrap],
          prependListener: [Function: socketListenerWrap],
          setEncoding: [Function: socketSetEncoding],
          _paused: false,
          _httpMessage: [Circular *3],
          _peername: [Object],
          [Symbol(async_id_symbol)]: 1147,
          [Symbol(kHandle)]: [TCP],
          [Symbol(lastWriteQueueSize)]: 0,
          [Symbol(timeout)]: null,
          [Symbol(kBuffer)]: null,
          [Symbol(kBufferCb)]: null,
          [Symbol(kBufferGen)]: null,
          [Symbol(shapeMode)]: true,
          [Symbol(kCapture)]: false,
          [Symbol(kSetNoDelay)]: true,
          [Symbol(kSetKeepAlive)]: false,
          [Symbol(kSetKeepAliveInitialDelay)]: 0,
          [Symbol(kBytesRead)]: 0,
          [Symbol(kBytesWritten)]: 0
        },
        _header: null,
        _keepAliveTimeout: 5000,
        _onPendingData: [Function: bound updateOutgoingData],
        req: [Circular *2],
        _sent100: false,
        _expect_continue: false,
        _maxRequestsPerSocket: 0,
        locals: [Object: null prototype] {},
        _startAt: undefined,
        _startTime: undefined,
        writeHead: [Function: writeHead],
        __onFinished: [Function: listener] { queue: [Array] },
        flush: [Function: flush],
        write: [Function: write],
        end: [Function: end],
        on: [Function: on],
        [Symbol(shapeMode)]: false,
        [Symbol(kCapture)]: false,
        [Symbol(kBytesWritten)]: 0,
        [Symbol(kNeedDrain)]: false,
        [Symbol(corked)]: 0,
        [Symbol(kOutHeaders)]: [Object: null prototype] {
          'content-security-policy': [Array],
          'cross-origin-opener-policy': [Array],
          'cross-origin-resource-policy': [Array],
          'origin-agent-cluster': [Array],
          'referrer-policy': [Array],
          'strict-transport-security': [Array],
          'x-content-type-options': [Array],
          'x-dns-prefetch-control': [Array],
          'x-download-options': [Array],
          'x-frame-options': [Array],
          'x-permitted-cross-domain-policies': [Array],
          'x-xss-protection': [Array],
          'access-control-allow-origin': [Array],
          'access-control-allow-credentials': [Array]
        },
        [Symbol(errored)]: null,
        [Symbol(kHighWaterMark)]: 16384,
        [Symbol(kRejectNonStandardBodyWrites)]: false,
        [Symbol(kUniqueHeaders)]: null
      },
      _startAt: [ 70140, 598817200 ],
      _startTime: 2025-11-11T08:37:09.058Z,
      _remoteAddress: '::ffff:127.0.0.1',
      body: [Object: null prototype] {
        name: 'Product with Large Image',
        description: 'This should fail',
        price: '99.99',
        stock: '10',
        category: 'Electronics'
      },
      route: Route {
        path: '/',
        stack: [ [Layer], [Layer], [Layer], [Layer], [Layer], [Layer] ],
        methods: { post: true }
      },
      user: {
        userId: '6912f5b45b8fe8c0ef3a29d2',
        username: 'adminuser',
        email: 'admin@test.com',
        role: 'admin'
      },
      _eventsCount: 2,
      [Symbol(shapeMode)]: true,
      [Symbol(kCapture)]: false,
      [Symbol(kHeaders)]: {
        host: '127.0.0.1:50355',
        'accept-encoding': 'gzip, deflate',
        authorization: 'Bearer eyJhbGciOiJIUzI1NiIsInR5cCI6IkpXVCJ9.eyJ1c2VySWQiOiI2OTEyZjViNDViOGZlOGMwZWYzYTI5ZDIiLCJ1c2VybmFtZSI6ImFkbWludXNlciIsImVtYWlsIjoiYWRtaW5AdGVzdC5jb20iLCJyb2xlIjoiYWRtaW4iLCJpYXQiOjE3NjI4NTAyMjgsImV4cCI6MTc2MzQ1NTAyOH0.sXTMj5S045Anubcg3g9GC_jR_XljtBSlTfSjHIu3AjY',
        'content-type': 'multipart/form-data; boundary=--------------------------8b6669fe9e1118ec6114ef78',
        'content-length': '6292261',
        connection: 'close'
      },
      [Symbol(kHeadersCount)]: 12,
      [Symbol(kTrailers)]: null,
      [Symbol(kTrailersCount)]: 0
    }

      at DiskStorage.log [as getDestination] (src/helpers/multer.helper.ts:30:17)

  console.log
    Directory ensured: ./uploads/products/productImage

      at DiskStorage.log [as getDestination] (src/helpers/multer.helper.ts:31:17)

  console.log
    Processing file: {
      originalname: 'large-file.png',
      mimetype: 'image/png',
      fieldname: 'productImage'
    }

      at DiskStorage.log [as getFilename] (src/helpers/multer.helper.ts:48:15)

  console.log
    req: <ref *2> IncomingMessage {
      _events: {
        close: undefined,
        error: undefined,
        data: [Function: ondata],
        end: [Function: bound onceWrapper] { listener: [Function: onend] },
        readable: undefined
      },
      _readableState: ReadableState {
        highWaterMark: 16384,
        buffer: [],
        bufferIndex: 0,
        length: 0,
        pipes: [ [Multipart] ],
        awaitDrainWriters: null,
        [Symbol(kState)]: 194521356
      },
      _maxListeners: undefined,
      socket: <ref *1> Socket {
        connecting: false,
        _hadError: false,
        _parent: null,
        _host: null,
        _closeAfterHandlingError: false,
        _events: {
          close: [Array],
          error: [Array],
          prefinish: undefined,
          finish: undefined,
          drain: [Function: bound socketOnDrain],
          data: [Function: bound socketOnData],
          end: [Array],
          readable: undefined,
          timeout: [Function: socketOnTimeout],
          resume: [Function: onSocketResume],
          pause: [Function: onSocketPause]
        },
        _readableState: ReadableState {
          highWaterMark: 16384,
          buffer: [],
          bufferIndex: 0,
          length: 0,
          pipes: [],
          awaitDrainWriters: null,
          [Symbol(kState)]: 194062596
        },
        _writableState: WritableState {
          highWaterMark: 16384,
          length: 0,
          corked: 0,
          onwrite: [Function: bound onwrite],
          writelen: 0,
          bufferedIndex: 0,
          pendingcb: 0,
          [Symbol(kState)]: 17564420,
          [Symbol(kBufferedValue)]: null
        },
        allowHalfOpen: true,
        _maxListeners: undefined,
        _eventsCount: 8,
        _sockname: null,
        _pendingData: null,
        _pendingEncoding: '',
        server: Server {
          maxHeaderSize: undefined,
          insecureHTTPParser: undefined,
          requestTimeout: 300000,
          headersTimeout: 60000,
          keepAliveTimeout: 5000,
          connectionsCheckingInterval: 30000,
          requireHostHeader: true,
          joinDuplicateHeaders: undefined,
          rejectNonStandardBodyWrites: false,
          _events: [Object: null prototype],
          _eventsCount: 3,
          _maxListeners: undefined,
          _connections: 1,
          _handle: [TCP],
          _usingWorkers: false,
          _workers: [],
          _unref: false,
          _listeningId: 2,
          allowHalfOpen: true,
          pauseOnConnect: false,
          noDelay: true,
          keepAlive: false,
          keepAliveInitialDelay: 0,
          highWaterMark: 16384,
          httpAllowHalfOpen: false,
          timeout: 0,
          maxHeadersCount: null,
          maxRequestsPerSocket: 0,
          _connectionKey: '6::::0',
          [Symbol(IncomingMessage)]: [Function: IncomingMessage],
          [Symbol(ServerResponse)]: [Function: ServerResponse],
          [Symbol(shapeMode)]: false,
          [Symbol(kCapture)]: false,
          [Symbol(async_id_symbol)]: 1127,
          [Symbol(kUniqueHeaders)]: null,
          [Symbol(http.server.connections)]: ConnectionsList {},
          [Symbol(http.server.connectionsCheckingInterval)]: Timeout {
            _idleTimeout: 30000,
            _idlePrev: [TimersList],
            _idleNext: [Timeout],
            _idleStart: 7264,
            _onTimeout: [Function: bound checkConnections],
            _timerArgs: undefined,
            _repeat: 30000,
            _destroyed: false,
            [Symbol(refed)]: false,
            [Symbol(kHasPrimitive)]: false,
            [Symbol(asyncId)]: 1136,
            [Symbol(triggerId)]: 1128
          }
        },
        _server: Server {
          maxHeaderSize: undefined,
          insecureHTTPParser: undefined,
          requestTimeout: 300000,
          headersTimeout: 60000,
          keepAliveTimeout: 5000,
          connectionsCheckingInterval: 30000,
          requireHostHeader: true,
          joinDuplicateHeaders: undefined,
          rejectNonStandardBodyWrites: false,
          _events: [Object: null prototype],
          _eventsCount: 3,
          _maxListeners: undefined,
          _connections: 1,
          _handle: [TCP],
          _usingWorkers: false,
          _workers: [],
          _unref: false,
          _listeningId: 2,
          allowHalfOpen: true,
          pauseOnConnect: false,
          noDelay: true,
          keepAlive: false,
          keepAliveInitialDelay: 0,
          highWaterMark: 16384,
          httpAllowHalfOpen: false,
          timeout: 0,
          maxHeadersCount: null,
          maxRequestsPerSocket: 0,
          _connectionKey: '6::::0',
          [Symbol(IncomingMessage)]: [Function: IncomingMessage],
          [Symbol(ServerResponse)]: [Function: ServerResponse],
          [Symbol(shapeMode)]: false,
          [Symbol(kCapture)]: false,
          [Symbol(async_id_symbol)]: 1127,
          [Symbol(kUniqueHeaders)]: null,
          [Symbol(http.server.connections)]: ConnectionsList {},
          [Symbol(http.server.connectionsCheckingInterval)]: Timeout {
            _idleTimeout: 30000,
            _idlePrev: [TimersList],
            _idleNext: [Timeout],
            _idleStart: 7264,
            _onTimeout: [Function: bound checkConnections],
            _timerArgs: undefined,
            _repeat: 30000,
            _destroyed: false,
            [Symbol(refed)]: false,
            [Symbol(kHasPrimitive)]: false,
            [Symbol(asyncId)]: 1136,
            [Symbol(triggerId)]: 1128
          }
        },
        parser: HTTPParser {
          '0': null,
          '1': [Function: parserOnHeaders],
          '2': [Function: parserOnHeadersComplete],
          '3': [Function: parserOnBody],
          '4': [Function: parserOnMessageComplete],
          '5': [Function: bound onParserExecute],
          '6': [Function: bound onParserTimeout],
          _headers: [],
          _url: '',
          socket: [Circular *1],
          incoming: [Circular *2],
          outgoing: null,
          maxHeaderPairs: 2000,
          _consumed: true,
          onIncoming: [Function: bound parserOnIncoming],
          joinDuplicateHeaders: null,
          [Symbol(resource_symbol)]: [HTTPServerAsyncResource]
        },
        on: [Function: socketListenerWrap],
        addListener: [Function: socketListenerWrap],
        prependListener: [Function: socketListenerWrap],
        setEncoding: [Function: socketSetEncoding],
        _paused: false,
        _httpMessage: ServerResponse {
          _events: [Object: null prototype],
          _eventsCount: 2,
          _maxListeners: undefined,
          outputData: [],
          outputSize: 0,
          writable: true,
          destroyed: false,
          _last: false,
          chunkedEncoding: false,
          shouldKeepAlive: false,
          maxRequestsOnConnectionReached: false,
          _defaultKeepAlive: true,
          useChunkedEncodingByDefault: true,
          sendDate: true,
          _removedConnection: false,
          _removedContLen: false,
          _removedTE: false,
          strictContentLength: false,
          _contentLength: null,
          _hasBody: true,
          _trailer: '',
          finished: false,
          _headerSent: false,
          _closed: false,
          socket: [Circular *1],
          _header: null,
          _keepAliveTimeout: 5000,
          _onPendingData: [Function: bound updateOutgoingData],
          req: [Circular *2],
          _sent100: false,
          _expect_continue: false,
          _maxRequestsPerSocket: 0,
          locals: [Object: null prototype] {},
          _startAt: undefined,
          _startTime: undefined,
          writeHead: [Function: writeHead],
          __onFinished: [Function],
          flush: [Function: flush],
          write: [Function: write],
          end: [Function: end],
          on: [Function: on],
          [Symbol(shapeMode)]: false,
          [Symbol(kCapture)]: false,
          [Symbol(kBytesWritten)]: 0,
          [Symbol(kNeedDrain)]: false,
          [Symbol(corked)]: 0,
          [Symbol(kOutHeaders)]: [Object: null prototype],
          [Symbol(errored)]: null,
          [Symbol(kHighWaterMark)]: 16384,
          [Symbol(kRejectNonStandardBodyWrites)]: false,
          [Symbol(kUniqueHeaders)]: null
        },
        _peername: { address: '::ffff:127.0.0.1', family: 'IPv6', port: 50357 },
        [Symbol(async_id_symbol)]: 1147,
        [Symbol(kHandle)]: TCP {
          reading: false,
          onconnection: null,
          _consumed: true,
          [Symbol(owner_symbol)]: [Circular *1]
        },
        [Symbol(lastWriteQueueSize)]: 0,
        [Symbol(timeout)]: null,
        [Symbol(kBuffer)]: null,
        [Symbol(kBufferCb)]: null,
        [Symbol(kBufferGen)]: null,
        [Symbol(shapeMode)]: true,
        [Symbol(kCapture)]: false,
        [Symbol(kSetNoDelay)]: true,
        [Symbol(kSetKeepAlive)]: false,
        [Symbol(kSetKeepAliveInitialDelay)]: 0,
        [Symbol(kBytesRead)]: 0,
        [Symbol(kBytesWritten)]: 0
      },
      httpVersionMajor: 1,
      httpVersionMinor: 1,
      httpVersion: '1.1',
      complete: false,
      rawHeaders: [
        'Host',
        '127.0.0.1:50355',
        'Accept-Encoding',
        'gzip, deflate',
        'Authorization',
        'Bearer eyJhbGciOiJIUzI1NiIsInR5cCI6IkpXVCJ9.eyJ1c2VySWQiOiI2OTEyZjViNDViOGZlOGMwZWYzYTI5ZDIiLCJ1c2VybmFtZSI6ImFkbWludXNlciIsImVtYWlsIjoiYWRtaW5AdGVzdC5jb20iLCJyb2xlIjoiYWRtaW4iLCJpYXQiOjE3NjI4NTAyMjgsImV4cCI6MTc2MzQ1NTAyOH0.sXTMj5S045Anubcg3g9GC_jR_XljtBSlTfSjHIu3AjY',
        'content-type',
        'multipart/form-data; boundary=--------------------------8b6669fe9e1118ec6114ef78',
        'Content-Length',
        '6292261',
        'Connection',
        'close'
      ],
      rawTrailers: [],
      joinDuplicateHeaders: null,
      aborted: false,
      upgrade: false,
      url: '/',
      method: 'POST',
      statusCode: null,
      statusMessage: null,
      client: <ref *1> Socket {
        connecting: false,
        _hadError: false,
        _parent: null,
        _host: null,
        _closeAfterHandlingError: false,
        _events: {
          close: [Array],
          error: [Array],
          prefinish: undefined,
          finish: undefined,
          drain: [Function: bound socketOnDrain],
          data: [Function: bound socketOnData],
          end: [Array],
          readable: undefined,
          timeout: [Function: socketOnTimeout],
          resume: [Function: onSocketResume],
          pause: [Function: onSocketPause]
        },
        _readableState: ReadableState {
          highWaterMark: 16384,
          buffer: [],
          bufferIndex: 0,
          length: 0,
          pipes: [],
          awaitDrainWriters: null,
          [Symbol(kState)]: 194062596
        },
        _writableState: WritableState {
          highWaterMark: 16384,
          length: 0,
          corked: 0,
          onwrite: [Function: bound onwrite],
          writelen: 0,
          bufferedIndex: 0,
          pendingcb: 0,
          [Symbol(kState)]: 17564420,
          [Symbol(kBufferedValue)]: null
        },
        allowHalfOpen: true,
        _maxListeners: undefined,
        _eventsCount: 8,
        _sockname: null,
        _pendingData: null,
        _pendingEncoding: '',
        server: Server {
          maxHeaderSize: undefined,
          insecureHTTPParser: undefined,
          requestTimeout: 300000,
          headersTimeout: 60000,
          keepAliveTimeout: 5000,
          connectionsCheckingInterval: 30000,
          requireHostHeader: true,
          joinDuplicateHeaders: undefined,
          rejectNonStandardBodyWrites: false,
          _events: [Object: null prototype],
          _eventsCount: 3,
          _maxListeners: undefined,
          _connections: 1,
          _handle: [TCP],
          _usingWorkers: false,
          _workers: [],
          _unref: false,
          _listeningId: 2,
          allowHalfOpen: true,
          pauseOnConnect: false,
          noDelay: true,
          keepAlive: false,
          keepAliveInitialDelay: 0,
          highWaterMark: 16384,
          httpAllowHalfOpen: false,
          timeout: 0,
          maxHeadersCount: null,
          maxRequestsPerSocket: 0,
          _connectionKey: '6::::0',
          [Symbol(IncomingMessage)]: [Function: IncomingMessage],
          [Symbol(ServerResponse)]: [Function: ServerResponse],
          [Symbol(shapeMode)]: false,
          [Symbol(kCapture)]: false,
          [Symbol(async_id_symbol)]: 1127,
          [Symbol(kUniqueHeaders)]: null,
          [Symbol(http.server.connections)]: ConnectionsList {},
          [Symbol(http.server.connectionsCheckingInterval)]: Timeout {
            _idleTimeout: 30000,
            _idlePrev: [TimersList],
            _idleNext: [Timeout],
            _idleStart: 7264,
            _onTimeout: [Function: bound checkConnections],
            _timerArgs: undefined,
            _repeat: 30000,
            _destroyed: false,
            [Symbol(refed)]: false,
            [Symbol(kHasPrimitive)]: false,
            [Symbol(asyncId)]: 1136,
            [Symbol(triggerId)]: 1128
          }
        },
        _server: Server {
          maxHeaderSize: undefined,
          insecureHTTPParser: undefined,
          requestTimeout: 300000,
          headersTimeout: 60000,
          keepAliveTimeout: 5000,
          connectionsCheckingInterval: 30000,
          requireHostHeader: true,
          joinDuplicateHeaders: undefined,
          rejectNonStandardBodyWrites: false,
          _events: [Object: null prototype],
          _eventsCount: 3,
          _maxListeners: undefined,
          _connections: 1,
          _handle: [TCP],
          _usingWorkers: false,
          _workers: [],
          _unref: false,
          _listeningId: 2,
          allowHalfOpen: true,
          pauseOnConnect: false,
          noDelay: true,
          keepAlive: false,
          keepAliveInitialDelay: 0,
          highWaterMark: 16384,
          httpAllowHalfOpen: false,
          timeout: 0,
          maxHeadersCount: null,
          maxRequestsPerSocket: 0,
          _connectionKey: '6::::0',
          [Symbol(IncomingMessage)]: [Function: IncomingMessage],
          [Symbol(ServerResponse)]: [Function: ServerResponse],
          [Symbol(shapeMode)]: false,
          [Symbol(kCapture)]: false,
          [Symbol(async_id_symbol)]: 1127,
          [Symbol(kUniqueHeaders)]: null,
          [Symbol(http.server.connections)]: ConnectionsList {},
          [Symbol(http.server.connectionsCheckingInterval)]: Timeout {
            _idleTimeout: 30000,
            _idlePrev: [TimersList],
            _idleNext: [Timeout],
            _idleStart: 7264,
            _onTimeout: [Function: bound checkConnections],
            _timerArgs: undefined,
            _repeat: 30000,
            _destroyed: false,
            [Symbol(refed)]: false,
            [Symbol(kHasPrimitive)]: false,
            [Symbol(asyncId)]: 1136,
            [Symbol(triggerId)]: 1128
          }
        },
        parser: HTTPParser {
          '0': null,
          '1': [Function: parserOnHeaders],
          '2': [Function: parserOnHeadersComplete],
          '3': [Function: parserOnBody],
          '4': [Function: parserOnMessageComplete],
          '5': [Function: bound onParserExecute],
          '6': [Function: bound onParserTimeout],
          _headers: [],
          _url: '',
          socket: [Circular *1],
          incoming: [Circular *2],
          outgoing: null,
          maxHeaderPairs: 2000,
          _consumed: true,
          onIncoming: [Function: bound parserOnIncoming],
          joinDuplicateHeaders: null,
          [Symbol(resource_symbol)]: [HTTPServerAsyncResource]
        },
        on: [Function: socketListenerWrap],
        addListener: [Function: socketListenerWrap],
        prependListener: [Function: socketListenerWrap],
        setEncoding: [Function: socketSetEncoding],
        _paused: false,
        _httpMessage: ServerResponse {
          _events: [Object: null prototype],
          _eventsCount: 2,
          _maxListeners: undefined,
          outputData: [],
          outputSize: 0,
          writable: true,
          destroyed: false,
          _last: false,
          chunkedEncoding: false,
          shouldKeepAlive: false,
          maxRequestsOnConnectionReached: false,
          _defaultKeepAlive: true,
          useChunkedEncodingByDefault: true,
          sendDate: true,
          _removedConnection: false,
          _removedContLen: false,
          _removedTE: false,
          strictContentLength: false,
          _contentLength: null,
          _hasBody: true,
          _trailer: '',
          finished: false,
          _headerSent: false,
          _closed: false,
          socket: [Circular *1],
          _header: null,
          _keepAliveTimeout: 5000,
          _onPendingData: [Function: bound updateOutgoingData],
          req: [Circular *2],
          _sent100: false,
          _expect_continue: false,
          _maxRequestsPerSocket: 0,
          locals: [Object: null prototype] {},
          _startAt: undefined,
          _startTime: undefined,
          writeHead: [Function: writeHead],
          __onFinished: [Function],
          flush: [Function: flush],
          write: [Function: write],
          end: [Function: end],
          on: [Function: on],
          [Symbol(shapeMode)]: false,
          [Symbol(kCapture)]: false,
          [Symbol(kBytesWritten)]: 0,
          [Symbol(kNeedDrain)]: false,
          [Symbol(corked)]: 0,
          [Symbol(kOutHeaders)]: [Object: null prototype],
          [Symbol(errored)]: null,
          [Symbol(kHighWaterMark)]: 16384,
          [Symbol(kRejectNonStandardBodyWrites)]: false,
          [Symbol(kUniqueHeaders)]: null
        },
        _peername: { address: '::ffff:127.0.0.1', family: 'IPv6', port: 50357 },
        [Symbol(async_id_symbol)]: 1147,
        [Symbol(kHandle)]: TCP {
          reading: false,
          onconnection: null,
          _consumed: true,
          [Symbol(owner_symbol)]: [Circular *1]
        },
        [Symbol(lastWriteQueueSize)]: 0,
        [Symbol(timeout)]: null,
        [Symbol(kBuffer)]: null,
        [Symbol(kBufferCb)]: null,
        [Symbol(kBufferGen)]: null,
        [Symbol(shapeMode)]: true,
        [Symbol(kCapture)]: false,
        [Symbol(kSetNoDelay)]: true,
        [Symbol(kSetKeepAlive)]: false,
        [Symbol(kSetKeepAliveInitialDelay)]: 0,
        [Symbol(kBytesRead)]: 0,
        [Symbol(kBytesWritten)]: 0
      },
      _consuming: true,
      _dumped: false,
      next: [Function: next],
      baseUrl: '/api/v1/products',
      originalUrl: '/api/v1/products',
      _parsedUrl: Url {
        protocol: null,
        slashes: null,
        auth: null,
        host: null,
        port: null,
        hostname: null,
        hash: null,
        search: null,
        query: null,
        pathname: '/',
        path: '/',
        href: '/',
        _raw: '/'
      },
      params: {},
      query: {},
      res: <ref *3> ServerResponse {
        _events: [Object: null prototype] {
          finish: [Array],
          end: [Function: onevent]
        },
        _eventsCount: 2,
        _maxListeners: undefined,
        outputData: [],
        outputSize: 0,
        writable: true,
        destroyed: false,
        _last: false,
        chunkedEncoding: false,
        shouldKeepAlive: false,
        maxRequestsOnConnectionReached: false,
        _defaultKeepAlive: true,
        useChunkedEncodingByDefault: true,
        sendDate: true,
        _removedConnection: false,
        _removedContLen: false,
        _removedTE: false,
        strictContentLength: false,
        _contentLength: null,
        _hasBody: true,
        _trailer: '',
        finished: false,
        _headerSent: false,
        _closed: false,
        socket: <ref *1> Socket {
          connecting: false,
          _hadError: false,
          _parent: null,
          _host: null,
          _closeAfterHandlingError: false,
          _events: [Object],
          _readableState: [ReadableState],
          _writableState: [WritableState],
          allowHalfOpen: true,
          _maxListeners: undefined,
          _eventsCount: 8,
          _sockname: null,
          _pendingData: null,
          _pendingEncoding: '',
          server: [Server],
          _server: [Server],
          parser: [HTTPParser],
          on: [Function: socketListenerWrap],
          addListener: [Function: socketListenerWrap],
          prependListener: [Function: socketListenerWrap],
          setEncoding: [Function: socketSetEncoding],
          _paused: false,
          _httpMessage: [Circular *3],
          _peername: [Object],
          [Symbol(async_id_symbol)]: 1147,
          [Symbol(kHandle)]: [TCP],
          [Symbol(lastWriteQueueSize)]: 0,
          [Symbol(timeout)]: null,
          [Symbol(kBuffer)]: null,
          [Symbol(kBufferCb)]: null,
          [Symbol(kBufferGen)]: null,
          [Symbol(shapeMode)]: true,
          [Symbol(kCapture)]: false,
          [Symbol(kSetNoDelay)]: true,
          [Symbol(kSetKeepAlive)]: false,
          [Symbol(kSetKeepAliveInitialDelay)]: 0,
          [Symbol(kBytesRead)]: 0,
          [Symbol(kBytesWritten)]: 0
        },
        _header: null,
        _keepAliveTimeout: 5000,
        _onPendingData: [Function: bound updateOutgoingData],
        req: [Circular *2],
        _sent100: false,
        _expect_continue: false,
        _maxRequestsPerSocket: 0,
        locals: [Object: null prototype] {},
        _startAt: undefined,
        _startTime: undefined,
        writeHead: [Function: writeHead],
        __onFinished: [Function: listener] { queue: [Array] },
        flush: [Function: flush],
        write: [Function: write],
        end: [Function: end],
        on: [Function: on],
        [Symbol(shapeMode)]: false,
        [Symbol(kCapture)]: false,
        [Symbol(kBytesWritten)]: 0,
        [Symbol(kNeedDrain)]: false,
        [Symbol(corked)]: 0,
        [Symbol(kOutHeaders)]: [Object: null prototype] {
          'content-security-policy': [Array],
          'cross-origin-opener-policy': [Array],
          'cross-origin-resource-policy': [Array],
          'origin-agent-cluster': [Array],
          'referrer-policy': [Array],
          'strict-transport-security': [Array],
          'x-content-type-options': [Array],
          'x-dns-prefetch-control': [Array],
          'x-download-options': [Array],
          'x-frame-options': [Array],
          'x-permitted-cross-domain-policies': [Array],
          'x-xss-protection': [Array],
          'access-control-allow-origin': [Array],
          'access-control-allow-credentials': [Array]
        },
        [Symbol(errored)]: null,
        [Symbol(kHighWaterMark)]: 16384,
        [Symbol(kRejectNonStandardBodyWrites)]: false,
        [Symbol(kUniqueHeaders)]: null
      },
      _startAt: [ 70140, 598817200 ],
      _startTime: 2025-11-11T08:37:09.058Z,
      _remoteAddress: '::ffff:127.0.0.1',
      body: [Object: null prototype] {
        name: 'Product with Large Image',
        description: 'This should fail',
        price: '99.99',
        stock: '10',
        category: 'Electronics'
      },
      route: Route {
        path: '/',
        stack: [ [Layer], [Layer], [Layer], [Layer], [Layer], [Layer] ],
        methods: { post: true }
      },
      user: {
        userId: '6912f5b45b8fe8c0ef3a29d2',
        username: 'adminuser',
        email: 'admin@test.com',
        role: 'admin'
      },
      _eventsCount: 2,
      [Symbol(shapeMode)]: true,
      [Symbol(kCapture)]: false,
      [Symbol(kHeaders)]: {
        host: '127.0.0.1:50355',
        'accept-encoding': 'gzip, deflate',
        authorization: 'Bearer eyJhbGciOiJIUzI1NiIsInR5cCI6IkpXVCJ9.eyJ1c2VySWQiOiI2OTEyZjViNDViOGZlOGMwZWYzYTI5ZDIiLCJ1c2VybmFtZSI6ImFkbWludXNlciIsImVtYWlsIjoiYWRtaW5AdGVzdC5jb20iLCJyb2xlIjoiYWRtaW4iLCJpYXQiOjE3NjI4NTAyMjgsImV4cCI6MTc2MzQ1NTAyOH0.sXTMj5S045Anubcg3g9GC_jR_XljtBSlTfSjHIu3AjY',
        'content-type': 'multipart/form-data; boundary=--------------------------8b6669fe9e1118ec6114ef78',
        'content-length': '6292261',
        connection: 'close'
      },
      [Symbol(kHeadersCount)]: 12,
      [Symbol(kTrailers)]: null,
      [Symbol(kTrailersCount)]: 0
    }

      at DiskStorage.log [as getFilename] (src/helpers/multer.helper.ts:49:15)

[0mPOST /api/v1/auth/register [33m400[0m 0.881 ms - 78[0m
  console.log
    Generated filename: 3c3fd6be-48b6-4692-a666-ea20a7489535.png

      at DiskStorage.log [as getFilename] (src/helpers/multer.helper.ts:52:15)

  console.error
    Multer error: MulterError {
      name: 'MulterError',
      message: 'File too large',
      code: 'LIMIT_FILE_SIZE',
      field: 'productImage',
      storageErrors: []
    }

    [0m [90m 209 |[39m           [36mif[39m (err) {
     [90m 210 |[39m             [36mconst[39m error [33m=[39m err [36mas[39m [33mError[39m[33m;[39m
    [31m[1m>[22m[39m[90m 211 |[39m             console[33m.[39merror([32m'Multer error:'[39m[33m,[39m error)[33m;[39m
     [90m     |[39m                     [31m[1m^[22m[39m
     [90m 212 |[39m             res[33m.[39mstatus([35m400[39m)[33m.[39mjson({ error[33m:[39m [36mtrue[39m[33m,[39m message[33m:[39m error[33m.[39mmessage })[33m;[39m
     [90m 213 |[39m             [36mreturn[39m[33m;[39m
     [90m 214 |[39m           }[0m

      at error (src/helpers/multer.helper.ts:211:21)
      at done (node_modules/multer/lib/make-middleware.js:47:7)
      at node_modules/multer/lib/make-middleware.js:67:11
      at node_modules/multer/lib/remove-uploaded-files.js:20:9

[0mPOST /api/v1/products [33m400[0m 75.469 ms - 41[0m
  console.log
    No file found in request for field: productImage

      at log (src/helpers/multer.helper.ts:115:13)

[0mPOST /api/v1/products [32m201[0m 8.625 ms - 356[0m
  console.log
    No file found in request for field: productImage

      at log (src/helpers/multer.helper.ts:115:13)

[0mPUT /api/v1/products/6912f5b55b8fe8c0ef3a29f9 [32m200[0m 24.523 ms - 355[0m
[0mPOST /api/v1/auth/register [32m201[0m 80.915 ms - 539[0m
  console.log
    No file found in request for field: productImage

      at log (src/helpers/multer.helper.ts:115:13)

[0mPOST /api/v1/products [32m201[0m 5.221 ms - 356[0m
[0mPOST /api/v1/auth/register [33m400[0m 3.668 ms - 76[0m
  console.log
    No file found in request for field: productImage

      at log (src/helpers/multer.helper.ts:115:13)

[0mPOST /api/v1/auth/register [33m400[0m 0.954 ms - 150[0m
[0mPUT /api/v1/products/6912f5b55b8fe8c0ef3a29fe [32m200[0m 9.252 ms - 356[0m
[0mPOST /api/v1/auth/register [33m400[0m 1.235 ms - 150[0m
  console.log
    No file found in request for field: productImage

      at log (src/helpers/multer.helper.ts:115:13)

[0mPOST /api/v1/products [32m201[0m 6.581 ms - 356[0m
[0mPOST /api/v1/auth/register [33m400[0m 1.158 ms - 81[0m
  console.log
    No file found in request for field: productImage

      at log (src/helpers/multer.helper.ts:115:13)

[0mPUT /api/v1/products/6912f5b55b8fe8c0ef3a2a05 [33m404[0m 5.417 ms - 61[0m
  console.log
    No file found in request for field: productImage

      at log (src/helpers/multer.helper.ts:115:13)

[0mPOST /api/v1/products [32m201[0m 5.026 ms - 356[0m
[0mPUT /api/v1/products/6912f5b55b8fe8c0ef3a2a08 [33m403[0m 1.632 ms - 81[0m
  console.log
    No file found in request for field: productImage

      at log (src/helpers/multer.helper.ts:115:13)

[0mPOST /api/v1/products [32m201[0m 5.246 ms - 356[0m
[0mPOST /api/v1/auth/login [32m200[0m 74.675 ms - 529[0m
[0mPUT /api/v1/products/6912f5b55b8fe8c0ef3a2a0b [33m401[0m 0.582 ms - 73[0m
  console.log
    No file found in request for field: productImage

      at log (src/helpers/multer.helper.ts:115:13)

[0mPOST /api/v1/products [32m201[0m 6.283 ms - 359[0m
  console.log
    No file found in request for field: productImage

      at log (src/helpers/multer.helper.ts:115:13)

[0mPOST /api/v1/products [32m201[0m 5.179 ms - 348[0m
  console.log
    No file found in request for field: productImage

      at log (src/helpers/multer.helper.ts:115:13)

[0mPOST /api/v1/products [32m201[0m 4.511 ms - 345[0m
[0mPOST /api/v1/auth/register [32m201[0m 76.962 ms - 534[0m
[0mGET /api/v1/products [32m200[0m 10.810 ms - 955[0m
  console.log
    No file found in request for field: productImage

      at log (src/helpers/multer.helper.ts:115:13)

[0mPOST /api/v1/products [32m201[0m 4.994 ms - 359[0m
  console.log
    No file found in request for field: productImage

      at log (src/helpers/multer.helper.ts:115:13)

[0mPOST /api/v1/products [32m201[0m 5.339 ms - 348[0m
  console.log
    No file found in request for field: productImage

      at log (src/helpers/multer.helper.ts:115:13)

[0mPOST /api/v1/products [32m201[0m 5.934 ms - 345[0m
[0mGET /api/v1/products?page=1&limit=2 [32m200[0m 5.475 ms - 673[0m
[0mPOST /api/v1/auth/login [33m401[0m 6.249 ms - 69[0m
  console.log
    No file found in request for field: productImage

      at log (src/helpers/multer.helper.ts:115:13)

[0mPOST /api/v1/products [32m201[0m 4.455 ms - 359[0m
  console.log
    No file found in request for field: productImage

      at log (src/helpers/multer.helper.ts:115:13)

[0mPOST /api/v1/products [32m201[0m 5.150 ms - 348[0m
  console.log
    No file found in request for field: productImage

      at log (src/helpers/multer.helper.ts:115:13)

[0mPOST /api/v1/products [32m201[0m 4.822 ms - 345[0m
[0mGET /api/v1/products?search=laptop [32m200[0m 4.990 ms - 418[0m
[0mPOST /api/v1/auth/register [32m201[0m 80.867 ms - 541[0m
  console.log
    No file found in request for field: productImage

      at log (src/helpers/multer.helper.ts:115:13)

[0mPOST /api/v1/products [32m201[0m 5.087 ms - 359[0m
[0mPOST /api/v1/auth/register [33m400[0m 3.679 ms - 76[0m
  console.log
    No file found in request for field: productImage

      at log (src/helpers/multer.helper.ts:115:13)

[0mPOST /api/v1/auth/register [33m400[0m 0.840 ms - 254[0m
[0mPOST /api/v1/products [32m201[0m 8.261 ms - 348[0m
[0mPOST /api/v1/auth/register [33m400[0m 1.318 ms - 208[0m
  console.log
    No file found in request for field: productImage

      at log (src/helpers/multer.helper.ts:115:13)

[0mPOST /api/v1/products [32m201[0m 5.864 ms - 345[0m
[0mPOST /api/v1/auth/register [33m400[0m 0.986 ms - 208[0m
[0mGET /api/v1/products?search=Mou [32m200[0m 3.442 ms - 407[0m
[0mPOST /api/v1/auth/register [33m400[0m 0.843 ms - 208[0m
  console.log
    No file found in request for field: productImage

      at log (src/helpers/multer.helper.ts:115:13)

[0mPOST /api/v1/auth/register [33m400[0m 1.015 ms - 208[0m
[0mPOST /api/v1/products [32m201[0m 6.817 ms - 359[0m
[0mPOST /api/v1/auth/register [33m400[0m 0.840 ms - 81[0m
  console.log
    No file found in request for field: productImage

      at log (src/helpers/multer.helper.ts:115:13)

[0mPOST /api/v1/products [32m201[0m 4.756 ms - 348[0m
  console.log
    No file found in request for field: productImage

      at log (src/helpers/multer.helper.ts:115:13)

[0mPOST /api/v1/products [32m201[0m 5.490 ms - 345[0m
[0mGET /api/v1/products?search=NonExistentProduct [32m200[0m 2.931 ms - 138[0m
  console.log
    No file found in request for field: productImage

      at log (src/helpers/multer.helper.ts:115:13)

[0mPOST /api/v1/products [32m201[0m 5.244 ms - 359[0m
  console.log
    No file found in request for field: productImage

      at log (src/helpers/multer.helper.ts:115:13)

[0mPOST /api/v1/products [32m201[0m 4.619 ms - 348[0m
  console.log
    No file found in request for field: productImage

      at log (src/helpers/multer.helper.ts:115:13)

[0mPOST /api/v1/products [32m201[0m 5.379 ms - 345[0m
[0mGET /api/v1/products?page=1&limit=2 [32m200[0m 3.422 ms - 673[0m
  console.log
    No file found in request for field: productImage

      at log (src/helpers/multer.helper.ts:115:13)

[0mPOST /api/v1/products [32m201[0m 4.880 ms - 348[0m
[0mGET /api/v1/products/6912f5b55b8fe8c0ef3a2a44 [32m200[0m 2.743 ms - 347[0m
[0mPOST /api/v1/auth/login [33m401[0m 74.906 ms - 69[0m
  console.log
    No file found in request for field: productImage

      at log (src/helpers/multer.helper.ts:115:13)

[0mPOST /api/v1/products [32m201[0m 6.179 ms - 348[0m
[0mGET /api/v1/products/6912f5b55b8fe8c0ef3a2a48 [32m200[0m 2.215 ms - 347[0m
[0mPOST /api/v1/auth/register [32m201[0m 78.253 ms - 541[0m
  console.log
    No file found in request for field: productImage

      at log (src/helpers/multer.helper.ts:115:13)

[0mPOST /api/v1/products [32m201[0m 5.615 ms - 348[0m
[0mGET /api/v1/products/6912f5b55b8fe8c0ef3a2a4e [33m404[0m 4.309 ms - 62[0m
  console.log
    No file found in request for field: productImage

      at log (src/helpers/multer.helper.ts:115:13)

[0mPOST /api/v1/products [32m201[0m 4.775 ms - 348[0m
[0mGET /api/v1/products/invalid-id [33m400[0m 0.356 ms - 61[0m
  console.log
    No file found in request for field: productImage

      at log (src/helpers/multer.helper.ts:115:13)

[0mPOST /api/v1/products [32m201[0m 5.681 ms - 344[0m
[0mDELETE /api/v1/products/6912f5b55b8fe8c0ef3a2a54 [32m200[0m 5.129 ms - 71[0m
[0mGET /api/v1/products/6912f5b55b8fe8c0ef3a2a54 [33m404[0m 2.703 ms - 62[0m
  console.log
    No file found in request for field: productImage

      at log (src/helpers/multer.helper.ts:115:13)

[0mPOST /api/v1/products [32m201[0m 6.046 ms - 344[0m
[0mPOST /api/v1/auth/login [33m401[0m 3.317 ms - 69[0m
[0mDELETE /api/v1/products/6912f5b55b8fe8c0ef3a2a5a [33m403[0m 1.889 ms - 81[0m
  console.log
    No file found in request for field: productImage

      at log (src/helpers/multer.helper.ts:115:13)

[0mPOST /api/v1/products [32m201[0m 4.954 ms - 344[0m
[0mPOST /api/v1/auth/register [32m201[0m 79.761 ms - 541[0m
[0mDELETE /api/v1/products/6912f5b55b8fe8c0ef3a2a5d [33m401[0m 0.559 ms - 73[0m
  console.log
    No file found in request for field: productImage

      at log (src/helpers/multer.helper.ts:115:13)

[0mPOST /api/v1/products [32m201[0m 5.651 ms - 344[0m
[0mDELETE /api/v1/products/6912f5b55b8fe8c0ef3a2a62 [33m404[0m 4.536 ms - 61[0m
  console.log
    No file found in request for field: productImage

      at log (src/helpers/multer.helper.ts:115:13)

[0mPOST /api/v1/products [32m201[0m 5.096 ms - 344[0m
[0mDELETE /api/v1/products/invalid-id [33m404[0m 1.232 ms - 61[0m
  console.log
    No file found in request for field: productImage

      at log (src/helpers/multer.helper.ts:115:13)

[0mPOST /api/v1/products [32m201[0m 5.062 ms - 340[0m
  console.log
    No file found in request for field: productImage

      at log (src/helpers/multer.helper.ts:115:13)

[0mPOST /api/v1/products [33m400[0m 3.076 ms - 165[0m
[0mPOST /api/v1/auth/login [33m401[0m 75.718 ms - 69[0m
[0mPOST /api/v1/auth/register [32m201[0m 76.208 ms - 541[0m
[0mPOST /api/v1/auth/login [33m400[0m 1.889 ms - 103[0m
[0mPOST /api/v1/auth/register [32m201[0m 113.672 ms - 541[0m
[0mPOST /api/v1/auth/login [33m400[0m 1.561 ms - 78[0m
[0mPOST /api/v1/auth/register [32m201[0m 75.799 ms - 543[0m
[0mPOST /api/v1/auth/register [33m400[0m 1.217 ms - 324[0m
[0mPOST /api/v1/auth/login [33m400[0m 1.305 ms - 81[0m
npm : PASS tests/products/pr
oduct.test.ts (7.645 s)
At line:1 char:1
+ npm test -- --verbose 
2>&1 | Out-File -FilePath 
test-results.txt
+ ~~~~~~~~~~~~~~~~~~~~~~~~~~
    + CategoryInfo          
    : NotSpecified: (PASS   
  tests/prod...st.ts (7.6   
 45 s):String) [], Remot    
eException
    + FullyQualifiedErrorId 
    : NativeCommandError
 
  Product Management Tests
    POST /api/v1/products - 
Create Product (User Story 
3)
      Success Cases
        ΓêÜ should create a 
new product with valid data 
and admin token (201) (76 
ms)
        ΓêÜ should 
auto-assign userId from 
authenticated admin (18 ms)
      Authorization Tests 
(401/403)
        ΓêÜ should reject 
request without 
authentication token (401) 
(9 ms)
        ΓêÜ should reject 
request from regular user 
(403) (10 ms)
      Validation Tests (400 
Bad Request)
        ΓêÜ should reject 
product with missing name 
(16 ms)
        ΓêÜ should reject 
product with negative price 
(9 ms)
        ΓêÜ should reject 
product with negative stock 
(11 ms)
      File Upload Tests
        ΓêÜ should create 
product with image upload 
(multipart/form-data) (55 
ms)
        ΓêÜ should create 
product without image 
(image is optional) (19 ms)
        ΓêÜ should reject 
file larger than 5MB (92 ms)
    PUT 
/api/v1/products/:id - 
Update Product (User Story 
4)
      Success Cases
        ΓêÜ should update 
product with valid data 
(200) (48 ms)
        ΓêÜ should support 
partial updates (24 ms)
      Error Cases
        ΓêÜ should return 
404 for non-existent 
product (26 ms)
        ΓêÜ should reject 
request from regular user 
(403) (17 ms)
        ΓêÜ should reject 
request without 
authentication (401) (17 ms)
    GET /api/v1/products - 
Get Products List (User 
Stories 5 & 6)
      Success Cases - 
Public Access
        ΓêÜ should return 
all products without 
authentication (200) (43 ms)
        ΓêÜ should return 
paginated results (39 ms)
        ΓêÜ should search 
products by name 
(case-insensitive) (37 ms)
        ΓêÜ should search 
products with partial match 
(37 ms)
        ΓêÜ should return 
empty array for 
non-matching search (36 ms)
      Pagination Details
        ΓêÜ should include 
correct pagination metadata 
(32 ms)
    GET 
/api/v1/products/:id - Get 
Product Details (User Story 
7)
      Success Cases
        ΓêÜ should return 
product details without 
authentication (200) (15 ms)
        ΓêÜ should return 
complete product 
information (17 ms)
      Error Cases
        ΓêÜ should return 
404 for non-existent 
product (18 ms)
        ΓêÜ should return 
400 for invalid product ID 
format (13 ms)
    DELETE 
/api/v1/products/:id - 
Delete Product (User Story 
8)
      Success Cases
        ΓêÜ should delete 
product with admin token 
(200) (25 ms)
      Authorization Tests
        ΓêÜ should reject 
request from regular user 
(403) (17 ms)
        ΓêÜ should reject 
request without 
authentication (401) (15 ms)
      Error Cases
        ΓêÜ should return 
404 for non-existent 
product (18 ms)
        ΓêÜ should return 
404 for invalid product ID 
format (15 ms)
    Response Format 
Consistency
      ΓêÜ should have 
consistent success response 
format (11 ms)
      ΓêÜ should have 
consistent error response 
format (12 ms)

[0mPOST /api/v1/auth/login [33m400[0m 0.773 ms - 101[0m
FAIL 
tests/orders/order.test.ts 
(7.715 s)
  Order Management Tests
    POST /api/v1/orders - 
Place Order (User Story 9)
      Success Cases
        ├ù should place 
order with single product 
(201) (17 ms)
        ├ù should place 
order with multiple 
products (201) (10 ms)
        ├ù should calculate 
total price on backend (8 
ms)
        ├ù should update 
product stock after order 
placement (4 ms)
        ├ù should associate 
order with authenticated 
user (3 ms)
        ├ù should allow 
order without description 
(12 ms)
      Stock Validation (400 
Bad Request)
        ├ù should reject 
order if insufficient stock 
(4 ms)
        ├ù should not 
update stock if order fails 
(8 ms)
      Product Validation 
(400/404)
        ├ù should reject 
order with non-existent 
product (404) (4 ms)
        ├ù should reject 
order with invalid product 
ID (4 ms)
      Request Validation 
(400 Bad Request)
        ├ù should reject 
order without products 
array (7 ms)
        ├ù should reject 
order with empty products 
array (3 ms)
        ├ù should reject 
order with missing 
productId (4 ms)
        ├ù should reject 
order with missing quantity 
(2 ms)
        ├ù should reject 
order with quantity less 
than 1 (2 ms)
        ├ù should reject 
order with negative 
quantity (7 ms)
      Authentication (401)
        ├ù should reject 
order without 
authentication (2 ms)
        ├ù should reject 
order with invalid token (2 
ms)
    GET /api/v1/orders - 
Get Order History (User 
Story 10)
      Success Cases
        ├ù should return 
user order history (200) (3 
ms)
        ├ù should only 
return orders for 
authenticated user (2 ms)
        ├ù should return 
orders sorted by creation 
date (newest first) (3 ms)
        ├ù should include 
order details in response 
(4 ms)
      Pagination
        ├ù should support 
pagination with page and 
limit (2 ms)
        ├ù should return 
correct pagination metadata 
(3 ms)
        ├ù should default 
to page 1 and limit 10 (2 
ms)
      Authentication (401)
        ├ù should reject 
request without 
authentication (2 ms)
        ├ù should reject 
request with invalid token 
(3 ms)
      Empty Order History
        ├ù should return 
empty array if user has no 
orders (3 ms)
    GET /api/v1/orders/:id 
- Get Single Order Details
      Success Cases
        ├ù should return 
order details (200) (3 ms)
        ├ù should include 
complete order information 
(2 ms)
      Security - User 
Isolation
        ├ù should not allow 
user to access another user 
order (404) (2 ms)
      Error Cases
        ├ù should return 
404 for non-existent order 
(2 ms)
        ├ù should return 
400 for invalid order ID (3 
ms)
      Authentication (401)
        ├ù should reject 
request without 
authentication (3 ms)
    Response Format 
Consistency
      ├ù should have 
consistent success response 
format for place order (2 
ms)
      ├ù should have 
consistent error response 
format (2 ms)
      ├ù should have 
consistent paginated 
response format (2 ms)

  ΓùÅ Order Management 
Tests ΓÇ║ POST 
/api/v1/orders - Place 
Order (User Story 9) ΓÇ║ 
Success Cases ΓÇ║ should 
place order with single 
product (201)

    TypeError: Cannot read 
properties of undefined 
(reading '_id')

    [0m [90m 67 |[39m    
     category[33m:[39m [3
2m'electronics'[39m[33m,[
39m
     [90m 68 |[39m       
})[33m;[39m
    
[31m[1m>[22m[39m[90m 
69 |[39m     productId1 
[33m=[39m product1Response
[33m.[39mbody[33m.[39mda
ta[33m.[39m_id[33m;[39m
     [90m    |[39m        
                            
         
[31m[1m^[22m[39m
     [90m 70 |[39m
     [90m 71 |[39m     
[36mconst[39m 
product2Response 
[33m=[39m [36mawait[39m 
request(app)
     [90m 72 |[39m       
[33m.[39mpost([32m'/api/pr
oducts'[39m)[0m

      at Object.<anonymous> 
(tests/orders/order.test.ts:
69:45)

  ΓùÅ Order Management 
Tests ΓÇ║ POST 
/api/v1/orders - Place 
Order (User Story 9) ΓÇ║ 
Success Cases ΓÇ║ should 
place order with multiple 
products (201)

    TypeError: Cannot read 
properties of undefined 
(reading '_id')

    [0m [90m 67 |[39m    
     category[33m:[39m [3
2m'electronics'[39m[33m,[
39m
     [90m 68 |[39m       
})[33m;[39m
    
[31m[1m>[22m[39m[90m 
69 |[39m     productId1 
[33m=[39m product1Response
[33m.[39mbody[33m.[39mda
ta[33m.[39m_id[33m;[39m
     [90m    |[39m        
                            
         
[31m[1m^[22m[39m
     [90m 70 |[39m
     [90m 71 |[39m     
[36mconst[39m 
product2Response 
[33m=[39m [36mawait[39m 
request(app)
     [90m 72 |[39m       
[33m.[39mpost([32m'/api/pr
oducts'[39m)[0m

      at Object.<anonymous> 
(tests/orders/order.test.ts:
69:45)

  ΓùÅ Order Management 
Tests ΓÇ║ POST 
/api/v1/orders - Place 
Order (User Story 9) ΓÇ║ 
Success Cases ΓÇ║ should 
calculate total price on 
backend

    TypeError: Cannot read 
properties of undefined 
(reading '_id')

    [0m [90m 67 |[39m    
     category[33m:[39m [3
2m'electronics'[39m[33m,[
39m
     [90m 68 |[39m       
})[33m;[39m
    
[31m[1m>[22m[39m[90m 
69 |[39m     productId1 
[33m=[39m product1Response
[33m.[39mbody[33m.[39mda
ta[33m.[39m_id[33m;[39m
     [90m    |[39m        
                            
         
[31m[1m^[22m[39m
     [90m 70 |[39m
     [90m 71 |[39m     
[36mconst[39m 
product2Response 
[33m=[39m [36mawait[39m 
request(app)
     [90m 72 |[39m       
[33m.[39mpost([32m'/api/pr
oducts'[39m)[0m

      at Object.<anonymous> 
(tests/orders/order.test.ts:
69:45)

  ΓùÅ Order Management 
Tests ΓÇ║ POST 
/api/v1/orders - Place 
Order (User Story 9) ΓÇ║ 
Success Cases ΓÇ║ should 
update product stock after 
order placement

    TypeError: Cannot read 
properties of undefined 
(reading '_id')

    [0m [90m 67 |[39m    
     category[33m:[39m [3
2m'electronics'[39m[33m,[
39m
     [90m 68 |[39m       
})[33m;[39m
    
[31m[1m>[22m[39m[90m 
69 |[39m     productId1 
[33m=[39m product1Response
[33m.[39mbody[33m.[39mda
ta[33m.[39m_id[33m;[39m
     [90m    |[39m        
                            
         
[31m[1m^[22m[39m
     [90m 70 |[39m
     [90m 71 |[39m     
[36mconst[39m 
product2Response 
[33m=[39m [36mawait[39m 
request(app)
     [90m 72 |[39m       
[33m.[39mpost([32m'/api/pr
oducts'[39m)[0m

      at Object.<anonymous> 
(tests/orders/order.test.ts:
69:45)

  ΓùÅ Order Management 
Tests ΓÇ║ POST 
/api/v1/orders - Place 
Order (User Story 9) ΓÇ║ 
Success Cases ΓÇ║ should 
associate order with 
authenticated user

    TypeError: Cannot read 
properties of undefined 
(reading '_id')

    [0m [90m 67 |[39m    
     category[33m:[39m [3
2m'electronics'[39m[33m,[
39m
     [90m 68 |[39m       
})[33m;[39m
    
[31m[1m>[22m[39m[90m 
69 |[39m     productId1 
[33m=[39m product1Response
[33m.[39mbody[33m.[39mda
ta[33m.[39m_id[33m;[39m
     [90m    |[39m        
                            
         
[31m[1m^[22m[39m
     [90m 70 |[39m
     [90m 71 |[39m     
[36mconst[39m 
product2Response 
[33m=[39m [36mawait[39m 
request(app)
     [90m 72 |[39m       
[33m.[39mpost([32m'/api/pr
oducts'[39m)[0m

      at Object.<anonymous> 
(tests/orders/order.test.ts:
69:45)

  ΓùÅ Order Management 
Tests ΓÇ║ POST 
/api/v1/orders - Place 
Order (User Story 9) ΓÇ║ 
Success Cases ΓÇ║ should 
allow order without 
description

    TypeError: Cannot read 
properties of undefined 
(reading '_id')

    [0m [90m 67 |[39m    
     category[33m:[39m [3
2m'electronics'[39m[33m,[
39m
     [90m 68 |[39m       
})[33m;[39m
    
[31m[1m>[22m[39m[90m 
69 |[39m     productId1 
[33m=[39m product1Response
[33m.[39mbody[33m.[39mda
ta[33m.[39m_id[33m;[39m
     [90m    |[39m        
                            
         
[31m[1m^[22m[39m
     [90m 70 |[39m
     [90m 71 |[39m     
[36mconst[39m 
product2Response 
[33m=[39m [36mawait[39m 
request(app)
     [90m 72 |[39m       
[33m.[39mpost([32m'/api/pr
oducts'[39m)[0m

      at Object.<anonymous> 
(tests/orders/order.test.ts:
69:45)

  ΓùÅ Order Management 
Tests ΓÇ║ POST 
/api/v1/orders - Place 
Order (User Story 9) ΓÇ║ 
Stock Validation (400 Bad 
Request) ΓÇ║ should reject 
order if insufficient stock

    TypeError: Cannot read 
properties of undefined 
(reading '_id')

    [0m [90m 67 |[39m    
     category[33m:[39m [3
2m'electronics'[39m[33m,[
39m
     [90m 68 |[39m       
})[33m;[39m
    
[31m[1m>[22m[39m[90m 
69 |[39m     productId1 
[33m=[39m product1Response
[33m.[39mbody[33m.[39mda
ta[33m.[39m_id[33m;[39m
     [90m    |[39m        
                            
         
[31m[1m^[22m[39m
     [90m 70 |[39m
     [90m 71 |[39m     
[36mconst[39m 
product2Response 
[33m=[39m [36mawait[39m 
request(app)
     [90m 72 |[39m       
[33m.[39mpost([32m'/api/pr
oducts'[39m)[0m

      at Object.<anonymous> 
(tests/orders/order.test.ts:
69:45)

  ΓùÅ Order Management 
Tests ΓÇ║ POST 
/api/v1/orders - Place 
Order (User Story 9) ΓÇ║ 
Stock Validation (400 Bad 
Request) ΓÇ║ should not 
update stock if order fails

    TypeError: Cannot read 
properties of undefined 
(reading '_id')

    [0m [90m 67 |[39m    
     category[33m:[39m [3
2m'electronics'[39m[33m,[
39m
     [90m 68 |[39m       
})[33m;[39m
    
[31m[1m>[22m[39m[90m 
69 |[39m     productId1 
[33m=[39m product1Response
[33m.[39mbody[33m.[39mda
ta[33m.[39m_id[33m;[39m
     [90m    |[39m        
                            
         
[31m[1m^[22m[39m
     [90m 70 |[39m
     [90m 71 |[39m     
[36mconst[39m 
product2Response 
[33m=[39m [36mawait[39m 
request(app)
     [90m 72 |[39m       
[33m.[39mpost([32m'/api/pr
oducts'[39m)[0m

      at Object.<anonymous> 
(tests/orders/order.test.ts:
69:45)

  ΓùÅ Order Management 
Tests ΓÇ║ POST 
/api/v1/orders - Place 
Order (User Story 9) ΓÇ║ 
Product Validation 
(400/404) ΓÇ║ should reject 
order with non-existent 
product (404)

    TypeError: Cannot read 
properties of undefined 
(reading '_id')

    [0m [90m 67 |[39m    
     category[33m:[39m [3
2m'electronics'[39m[33m,[
39m
     [90m 68 |[39m       
})[33m;[39m
    
[31m[1m>[22m[39m[90m 
69 |[39m     productId1 
[33m=[39m product1Response
[33m.[39mbody[33m.[39mda
ta[33m.[39m_id[33m;[39m
     [90m    |[39m        
                            
         
[31m[1m^[22m[39m
     [90m 70 |[39m
     [90m 71 |[39m     
[36mconst[39m 
product2Response 
[33m=[39m [36mawait[39m 
request(app)
     [90m 72 |[39m       
[33m.[39mpost([32m'/api/pr
oducts'[39m)[0m

      at Object.<anonymous> 
(tests/orders/order.test.ts:
69:45)

  ΓùÅ Order Management 
Tests ΓÇ║ POST 
/api/v1/orders - Place 
Order (User Story 9) ΓÇ║ 
Product Validation 
(400/404) ΓÇ║ should reject 
order with invalid product 
ID

    TypeError: Cannot read 
properties of undefined 
(reading '_id')

    [0m [90m 67 |[39m    
     category[33m:[39m [3
2m'electronics'[39m[33m,[
39m
     [90m 68 |[39m       
})[33m;[39m
    
[31m[1m>[22m[39m[90m 
69 |[39m     productId1 
[33m=[39m product1Response
[33m.[39mbody[33m.[39mda
ta[33m.[39m_id[33m;[39m
     [90m    |[39m        
                            
         
[31m[1m^[22m[39m
     [90m 70 |[39m
     [90m 71 |[39m     
[36mconst[39m 
product2Response 
[33m=[39m [36mawait[39m 
request(app)
     [90m 72 |[39m       
[33m.[39mpost([32m'/api/pr
oducts'[39m)[0m

      at Object.<anonymous> 
(tests/orders/order.test.ts:
69:45)

  ΓùÅ Order Management 
Tests ΓÇ║ POST 
/api/v1/orders - Place 
Order (User Story 9) ΓÇ║ 
Request Validation (400 Bad 
Request) ΓÇ║ should reject 
order without products array

    TypeError: Cannot read 
properties of undefined 
(reading '_id')

    [0m [90m 67 |[39m    
     category[33m:[39m [3
2m'electronics'[39m[33m,[
39m
     [90m 68 |[39m       
})[33m;[39m
    
[31m[1m>[22m[39m[90m 
69 |[39m     productId1 
[33m=[39m product1Response
[33m.[39mbody[33m.[39mda
ta[33m.[39m_id[33m;[39m
     [90m    |[39m        
                            
         
[31m[1m^[22m[39m
     [90m 70 |[39m
     [90m 71 |[39m     
[36mconst[39m 
product2Response 
[33m=[39m [36mawait[39m 
request(app)
     [90m 72 |[39m       
[33m.[39mpost([32m'/api/pr
oducts'[39m)[0m

      at Object.<anonymous> 
(tests/orders/order.test.ts:
69:45)

  ΓùÅ Order Management 
Tests ΓÇ║ POST 
/api/v1/orders - Place 
Order (User Story 9) ΓÇ║ 
Request Validation (400 Bad 
Request) ΓÇ║ should reject 
order with empty products 
array

    TypeError: Cannot read 
properties of undefined 
(reading '_id')

    [0m [90m 67 |[39m    
     category[33m:[39m [3
2m'electronics'[39m[33m,[
39m
     [90m 68 |[39m       
})[33m;[39m
    
[31m[1m>[22m[39m[90m 
69 |[39m     productId1 
[33m=[39m product1Response
[33m.[39mbody[33m.[39mda
ta[33m.[39m_id[33m;[39m
     [90m    |[39m        
                            
         
[31m[1m^[22m[39m
     [90m 70 |[39m
     [90m 71 |[39m     
[36mconst[39m 
product2Response 
[33m=[39m [36mawait[39m 
request(app)
     [90m 72 |[39m       
[33m.[39mpost([32m'/api/pr
oducts'[39m)[0m

      at Object.<anonymous> 
(tests/orders/order.test.ts:
69:45)

  ΓùÅ Order Management 
Tests ΓÇ║ POST 
/api/v1/orders - Place 
Order (User Story 9) ΓÇ║ 
Request Validation (400 Bad 
Request) ΓÇ║ should reject 
order with missing productId

    TypeError: Cannot read 
properties of undefined 
(reading '_id')

    [0m [90m 67 |[39m    
     category[33m:[39m [3
2m'electronics'[39m[33m,[
39m
     [90m 68 |[39m       
})[33m;[39m
    
[31m[1m>[22m[39m[90m 
69 |[39m     productId1 
[33m=[39m product1Response
[33m.[39mbody[33m.[39mda
ta[33m.[39m_id[33m;[39m
     [90m    |[39m        
                            
         
[31m[1m^[22m[39m
     [90m 70 |[39m
     [90m 71 |[39m     
[36mconst[39m 
product2Response 
[33m=[39m [36mawait[39m 
request(app)
     [90m 72 |[39m       
[33m.[39mpost([32m'/api/pr
oducts'[39m)[0m

      at Object.<anonymous> 
(tests/orders/order.test.ts:
69:45)

  ΓùÅ Order Management 
Tests ΓÇ║ POST 
/api/v1/orders - Place 
Order (User Story 9) ΓÇ║ 
Request Validation (400 Bad 
Request) ΓÇ║ should reject 
order with missing quantity

    TypeError: Cannot read 
properties of undefined 
(reading '_id')

    [0m [90m 67 |[39m    
     category[33m:[39m [3
2m'electronics'[39m[33m,[
39m
     [90m 68 |[39m       
})[33m;[39m
    
[31m[1m>[22m[39m[90m 
69 |[39m     productId1 
[33m=[39m product1Response
[33m.[39mbody[33m.[39mda
ta[33m.[39m_id[33m;[39m
     [90m    |[39m        
                            
         
[31m[1m^[22m[39m
     [90m 70 |[39m
     [90m 71 |[39m     
[36mconst[39m 
product2Response 
[33m=[39m [36mawait[39m 
request(app)
     [90m 72 |[39m       
[33m.[39mpost([32m'/api/pr
oducts'[39m)[0m

      at Object.<anonymous> 
(tests/orders/order.test.ts:
69:45)

  ΓùÅ Order Management 
Tests ΓÇ║ POST 
/api/v1/orders - Place 
Order (User Story 9) ΓÇ║ 
Request Validation (400 Bad 
Request) ΓÇ║ should reject 
order with quantity less 
than 1

    TypeError: Cannot read 
properties of undefined 
(reading '_id')

    [0m [90m 67 |[39m    
     category[33m:[39m [3
2m'electronics'[39m[33m,[
39m
     [90m 68 |[39m       
})[33m;[39m
    
[31m[1m>[22m[39m[90m 
69 |[39m     productId1 
[33m=[39m product1Response
[33m.[39mbody[33m.[39mda
ta[33m.[39m_id[33m;[39m
     [90m    |[39m        
                            
         
[31m[1m^[22m[39m
     [90m 70 |[39m
     [90m 71 |[39m     
[36mconst[39m 
product2Response 
[33m=[39m [36mawait[39m 
request(app)
     [90m 72 |[39m       
[33m.[39mpost([32m'/api/pr
oducts'[39m)[0m

      at Object.<anonymous> 
(tests/orders/order.test.ts:
69:45)

  ΓùÅ Order Management 
Tests ΓÇ║ POST 
/api/v1/orders - Place 
Order (User Story 9) ΓÇ║ 
Request Validation (400 Bad 
Request) ΓÇ║ should reject 
order with negative quantity

    TypeError: Cannot read 
properties of undefined 
(reading '_id')

    [0m [90m 67 |[39m    
     category[33m:[39m [3
2m'electronics'[39m[33m,[
39m
     [90m 68 |[39m       
})[33m;[39m
    
[31m[1m>[22m[39m[90m 
69 |[39m     productId1 
[33m=[39m product1Response
[33m.[39mbody[33m.[39mda
ta[33m.[39m_id[33m;[39m
     [90m    |[39m        
                            
         
[31m[1m^[22m[39m
     [90m 70 |[39m
     [90m 71 |[39m     
[36mconst[39m 
product2Response 
[33m=[39m [36mawait[39m 
request(app)
     [90m 72 |[39m       
[33m.[39mpost([32m'/api/pr
oducts'[39m)[0m

      at Object.<anonymous> 
(tests/orders/order.test.ts:
69:45)

  ΓùÅ Order Management 
Tests ΓÇ║ POST 
/api/v1/orders - Place 
Order (User Story 9) ΓÇ║ 
Authentication (401) ΓÇ║ 
should reject order without 
authentication

    TypeError: Cannot read 
properties of undefined 
(reading '_id')

    [0m [90m 67 |[39m    
     category[33m:[39m [3
2m'electronics'[39m[33m,[
39m
     [90m 68 |[39m       
})[33m;[39m
    
[31m[1m>[22m[39m[90m 
69 |[39m     productId1 
[33m=[39m product1Response
[33m.[39mbody[33m.[39mda
ta[33m.[39m_id[33m;[39m
     [90m    |[39m        
                            
         
[31m[1m^[22m[39m
     [90m 70 |[39m
     [90m 71 |[39m     
[36mconst[39m 
product2Response 
[33m=[39m [36mawait[39m 
request(app)
     [90m 72 |[39m       
[33m.[39mpost([32m'/api/pr
oducts'[39m)[0m

      at Object.<anonymous> 
(tests/orders/order.test.ts:
69:45)

  ΓùÅ Order Management 
Tests ΓÇ║ POST 
/api/v1/orders - Place 
Order (User Story 9) ΓÇ║ 
Authentication (401) ΓÇ║ 
should reject order with 
invalid token

    TypeError: Cannot read 
properties of undefined 
(reading '_id')

    [0m [90m 67 |[39m    
     category[33m:[39m [3
2m'electronics'[39m[33m,[
39m
     [90m 68 |[39m       
})[33m;[39m
    
[31m[1m>[22m[39m[90m 
69 |[39m     productId1 
[33m=[39m product1Response
[33m.[39mbody[33m.[39mda
ta[33m.[39m_id[33m;[39m
     [90m    |[39m        
                            
         
[31m[1m^[22m[39m
     [90m 70 |[39m
     [90m 71 |[39m     
[36mconst[39m 
product2Response 
[33m=[39m [36mawait[39m 
request(app)
     [90m 72 |[39m       
[33m.[39mpost([32m'/api/pr
oducts'[39m)[0m

      at Object.<anonymous> 
(tests/orders/order.test.ts:
69:45)

  ΓùÅ Order Management 
Tests ΓÇ║ GET 
/api/v1/orders - Get Order 
History (User Story 10) ΓÇ║ 
Success Cases ΓÇ║ should 
return user order history 
(200)

    TypeError: Cannot read 
properties of undefined 
(reading '_id')

    [0m [90m 67 |[39m    
     category[33m:[39m [3
2m'electronics'[39m[33m,[
39m
     [90m 68 |[39m       
})[33m;[39m
    
[31m[1m>[22m[39m[90m 
69 |[39m     productId1 
[33m=[39m product1Response
[33m.[39mbody[33m.[39mda
ta[33m.[39m_id[33m;[39m
     [90m    |[39m        
                            
         
[31m[1m^[22m[39m
     [90m 70 |[39m
     [90m 71 |[39m     
[36mconst[39m 
product2Response 
[33m=[39m [36mawait[39m 
request(app)
     [90m 72 |[39m       
[33m.[39mpost([32m'/api/pr
oducts'[39m)[0m

      at Object.<anonymous> 
(tests/orders/order.test.ts:
69:45)

  ΓùÅ Order Management 
Tests ΓÇ║ GET 
/api/v1/orders - Get Order 
History (User Story 10) ΓÇ║ 
Success Cases ΓÇ║ should 
only return orders for 
authenticated user

    TypeError: Cannot read 
properties of undefined 
(reading '_id')

    [0m [90m 67 |[39m    
     category[33m:[39m [3
2m'electronics'[39m[33m,[
39m
     [90m 68 |[39m       
})[33m;[39m
    
[31m[1m>[22m[39m[90m 
69 |[39m     productId1 
[33m=[39m product1Response
[33m.[39mbody[33m.[39mda
ta[33m.[39m_id[33m;[39m
     [90m    |[39m        
                            
         
[31m[1m^[22m[39m
     [90m 70 |[39m
     [90m 71 |[39m     
[36mconst[39m 
product2Response 
[33m=[39m [36mawait[39m 
request(app)
     [90m 72 |[39m       
[33m.[39mpost([32m'/api/pr
oducts'[39m)[0m

      at Object.<anonymous> 
(tests/orders/order.test.ts:
69:45)

  ΓùÅ Order Management 
Tests ΓÇ║ GET 
/api/v1/orders - Get Order 
History (User Story 10) ΓÇ║ 
Success Cases ΓÇ║ should 
return orders sorted by 
creation date (newest first)

    TypeError: Cannot read 
properties of undefined 
(reading '_id')

    [0m [90m 67 |[39m    
     category[33m:[39m [3
2m'electronics'[39m[33m,[
39m
     [90m 68 |[39m       
})[33m;[39m
    
[31m[1m>[22m[39m[90m 
69 |[39m     productId1 
[33m=[39m product1Response
[33m.[39mbody[33m.[39mda
ta[33m.[39m_id[33m;[39m
     [90m    |[39m        
                            
         
[31m[1m^[22m[39m
     [90m 70 |[39m
     [90m 71 |[39m     
[36mconst[39m 
product2Response 
[33m=[39m [36mawait[39m 
request(app)
     [90m 72 |[39m       
[33m.[39mpost([32m'/api/pr
oducts'[39m)[0m

      at Object.<anonymous> 
(tests/orders/order.test.ts:
69:45)

  ΓùÅ Order Management 
Tests ΓÇ║ GET 
/api/v1/orders - Get Order 
History (User Story 10) ΓÇ║ 
Success Cases ΓÇ║ should 
include order details in 
response

    TypeError: Cannot read 
properties of undefined 
(reading '_id')

    [0m [90m 67 |[39m    
     category[33m:[39m [3
2m'electronics'[39m[33m,[
39m
     [90m 68 |[39m       
})[33m;[39m
    
[31m[1m>[22m[39m[90m 
69 |[39m     productId1 
[33m=[39m product1Response
[33m.[39mbody[33m.[39mda
ta[33m.[39m_id[33m;[39m
     [90m    |[39m        
                            
         
[31m[1m^[22m[39m
     [90m 70 |[39m
     [90m 71 |[39m     
[36mconst[39m 
product2Response 
[33m=[39m [36mawait[39m 
request(app)
     [90m 72 |[39m       
[33m.[39mpost([32m'/api/pr
oducts'[39m)[0m

      at Object.<anonymous> 
(tests/orders/order.test.ts:
69:45)

  ΓùÅ Order Management 
Tests ΓÇ║ GET 
/api/v1/orders - Get Order 
History (User Story 10) ΓÇ║ 
Pagination ΓÇ║ should 
support pagination with 
page and limit

    TypeError: Cannot read 
properties of undefined 
(reading '_id')

    [0m [90m 67 |[39m    
     category[33m:[39m [3
2m'electronics'[39m[33m,[
39m
     [90m 68 |[39m       
})[33m;[39m
    
[31m[1m>[22m[39m[90m 
69 |[39m     productId1 
[33m=[39m product1Response
[33m.[39mbody[33m.[39mda
ta[33m.[39m_id[33m;[39m
     [90m    |[39m        
                            
         
[31m[1m^[22m[39m
     [90m 70 |[39m
     [90m 71 |[39m     
[36mconst[39m 
product2Response 
[33m=[39m [36mawait[39m 
request(app)
     [90m 72 |[39m       
[33m.[39mpost([32m'/api/pr
oducts'[39m)[0m

      at Object.<anonymous> 
(tests/orders/order.test.ts:
69:45)

  ΓùÅ Order Management 
Tests ΓÇ║ GET 
/api/v1/orders - Get Order 
History (User Story 10) ΓÇ║ 
Pagination ΓÇ║ should 
return correct pagination 
metadata

    TypeError: Cannot read 
properties of undefined 
(reading '_id')

    [0m [90m 67 |[39m    
     category[33m:[39m [3
2m'electronics'[39m[33m,[
39m
     [90m 68 |[39m       
})[33m;[39m
    
[31m[1m>[22m[39m[90m 
69 |[39m     productId1 
[33m=[39m product1Response
[33m.[39mbody[33m.[39mda
ta[33m.[39m_id[33m;[39m
     [90m    |[39m        
                            
         
[31m[1m^[22m[39m
     [90m 70 |[39m
     [90m 71 |[39m     
[36mconst[39m 
product2Response 
[33m=[39m [36mawait[39m 
request(app)
     [90m 72 |[39m       
[33m.[39mpost([32m'/api/pr
oducts'[39m)[0m

      at Object.<anonymous> 
(tests/orders/order.test.ts:
69:45)

  ΓùÅ Order Management 
Tests ΓÇ║ GET 
/api/v1/orders - Get Order 
History (User Story 10) ΓÇ║ 
Pagination ΓÇ║ should 
default to page 1 and limit 
10

    TypeError: Cannot read 
properties of undefined 
(reading '_id')

    [0m [90m 67 |[39m    
     category[33m:[39m [3
2m'electronics'[39m[33m,[
39m
     [90m 68 |[39m       
})[33m;[39m
    
[31m[1m>[22m[39m[90m 
69 |[39m     productId1 
[33m=[39m product1Response
[33m.[39mbody[33m.[39mda
ta[33m.[39m_id[33m;[39m
     [90m    |[39m        
                            
         
[31m[1m^[22m[39m
     [90m 70 |[39m
     [90m 71 |[39m     
[36mconst[39m 
product2Response 
[33m=[39m [36mawait[39m 
request(app)
     [90m 72 |[39m       
[33m.[39mpost([32m'/api/pr
oducts'[39m)[0m

      at Object.<anonymous> 
(tests/orders/order.test.ts:
69:45)

  ΓùÅ Order Management 
Tests ΓÇ║ GET 
/api/v1/orders - Get Order 
History (User Story 10) ΓÇ║ 
Authentication (401) ΓÇ║ 
should reject request 
without authentication

    TypeError: Cannot read 
properties of undefined 
(reading '_id')

    [0m [90m 67 |[39m    
     category[33m:[39m [3
2m'electronics'[39m[33m,[
39m
     [90m 68 |[39m       
})[33m;[39m
    
[31m[1m>[22m[39m[90m 
69 |[39m     productId1 
[33m=[39m product1Response
[33m.[39mbody[33m.[39mda
ta[33m.[39m_id[33m;[39m
     [90m    |[39m        
                            
         
[31m[1m^[22m[39m
     [90m 70 |[39m
     [90m 71 |[39m     
[36mconst[39m 
product2Response 
[33m=[39m [36mawait[39m 
request(app)
     [90m 72 |[39m       
[33m.[39mpost([32m'/api/pr
oducts'[39m)[0m

      at Object.<anonymous> 
(tests/orders/order.test.ts:
69:45)

  ΓùÅ Order Management 
Tests ΓÇ║ GET 
/api/v1/orders - Get Order 
History (User Story 10) ΓÇ║ 
Authentication (401) ΓÇ║ 
should reject request with 
invalid token

    TypeError: Cannot read 
properties of undefined 
(reading '_id')

    [0m [90m 67 |[39m    
     category[33m:[39m [3
2m'electronics'[39m[33m,[
39m
     [90m 68 |[39m       
})[33m;[39m
    
[31m[1m>[22m[39m[90m 
69 |[39m     productId1 
[33m=[39m product1Response
[33m.[39mbody[33m.[39mda
ta[33m.[39m_id[33m;[39m
     [90m    |[39m        
                            
         
[31m[1m^[22m[39m
     [90m 70 |[39m
     [90m 71 |[39m     
[36mconst[39m 
product2Response 
[33m=[39m [36mawait[39m 
request(app)
     [90m 72 |[39m       
[33m.[39mpost([32m'/api/pr
oducts'[39m)[0m

      at Object.<anonymous> 
(tests/orders/order.test.ts:
69:45)

  ΓùÅ Order Management 
Tests ΓÇ║ GET 
/api/v1/orders - Get Order 
History (User Story 10) ΓÇ║ 
Empty Order History ΓÇ║ 
should return empty array 
if user has no orders

    TypeError: Cannot read 
properties of undefined 
(reading '_id')

    [0m [90m 67 |[39m    
     category[33m:[39m [3
2m'electronics'[39m[33m,[
39m
     [90m 68 |[39m       
})[33m;[39m
    
[31m[1m>[22m[39m[90m 
69 |[39m     productId1 
[33m=[39m product1Response
[33m.[39mbody[33m.[39mda
ta[33m.[39m_id[33m;[39m
     [90m    |[39m        
                            
         
[31m[1m^[22m[39m
     [90m 70 |[39m
     [90m 71 |[39m     
[36mconst[39m 
product2Response 
[33m=[39m [36mawait[39m 
request(app)
     [90m 72 |[39m       
[33m.[39mpost([32m'/api/pr
oducts'[39m)[0m

      at Object.<anonymous> 
(tests/orders/order.test.ts:
69:45)

  ΓùÅ Order Management 
Tests ΓÇ║ GET 
/api/v1/orders/:id - Get 
Single Order Details ΓÇ║ 
Success Cases ΓÇ║ should 
return order details (200)

    TypeError: Cannot read 
properties of undefined 
(reading '_id')

    [0m [90m 67 |[39m    
     category[33m:[39m [3
2m'electronics'[39m[33m,[
39m
     [90m 68 |[39m       
})[33m;[39m
    
[31m[1m>[22m[39m[90m 
69 |[39m     productId1 
[33m=[39m product1Response
[33m.[39mbody[33m.[39mda
ta[33m.[39m_id[33m;[39m
     [90m    |[39m        
                            
         
[31m[1m^[22m[39m
     [90m 70 |[39m
     [90m 71 |[39m     
[36mconst[39m 
product2Response 
[33m=[39m [36mawait[39m 
request(app)
     [90m 72 |[39m       
[33m.[39mpost([32m'/api/pr
oducts'[39m)[0m

      at Object.<anonymous> 
(tests/orders/order.test.ts:
69:45)

  ΓùÅ Order Management 
Tests ΓÇ║ GET 
/api/v1/orders/:id - Get 
Single Order Details ΓÇ║ 
Success Cases ΓÇ║ should 
include complete order 
information

    TypeError: Cannot read 
properties of undefined 
(reading '_id')

    [0m [90m 67 |[39m    
     category[33m:[39m [3
2m'electronics'[39m[33m,[
39m
     [90m 68 |[39m       
})[33m;[39m
    
[31m[1m>[22m[39m[90m 
69 |[39m     productId1 
[33m=[39m product1Response
[33m.[39mbody[33m.[39mda
ta[33m.[39m_id[33m;[39m
     [90m    |[39m        
                            
         
[31m[1m^[22m[39m
     [90m 70 |[39m
     [90m 71 |[39m     
[36mconst[39m 
product2Response 
[33m=[39m [36mawait[39m 
request(app)
     [90m 72 |[39m       
[33m.[39mpost([32m'/api/pr
oducts'[39m)[0m

      at Object.<anonymous> 
(tests/orders/order.test.ts:
69:45)

  ΓùÅ Order Management 
Tests ΓÇ║ GET 
/api/v1/orders/:id - Get 
Single Order Details ΓÇ║ 
Security - User Isolation 
ΓÇ║ should not allow user 
to access another user 
order (404)

    TypeError: Cannot read 
properties of undefined 
(reading '_id')

    [0m [90m 67 |[39m    
     category[33m:[39m [3
2m'electronics'[39m[33m,[
39m
     [90m 68 |[39m       
})[33m;[39m
    
[31m[1m>[22m[39m[90m 
69 |[39m     productId1 
[33m=[39m product1Response
[33m.[39mbody[33m.[39mda
ta[33m.[39m_id[33m;[39m
     [90m    |[39m        
                            
         
[31m[1m^[22m[39m
     [90m 70 |[39m
     [90m 71 |[39m     
[36mconst[39m 
product2Response 
[33m=[39m [36mawait[39m 
request(app)
     [90m 72 |[39m       
[33m.[39mpost([32m'/api/pr
oducts'[39m)[0m

      at Object.<anonymous> 
(tests/orders/order.test.ts:
69:45)

  ΓùÅ Order Management 
Tests ΓÇ║ GET 
/api/v1/orders/:id - Get 
Single Order Details ΓÇ║ 
Error Cases ΓÇ║ should 
return 404 for non-existent 
order

    TypeError: Cannot read 
properties of undefined 
(reading '_id')

    [0m [90m 67 |[39m    
     category[33m:[39m [3
2m'electronics'[39m[33m,[
39m
     [90m 68 |[39m       
})[33m;[39m
    
[31m[1m>[22m[39m[90m 
69 |[39m     productId1 
[33m=[39m product1Response
[33m.[39mbody[33m.[39mda
ta[33m.[39m_id[33m;[39m
     [90m    |[39m        
                            
         
[31m[1m^[22m[39m
     [90m 70 |[39m
     [90m 71 |[39m     
[36mconst[39m 
product2Response 
[33m=[39m [36mawait[39m 
request(app)
     [90m 72 |[39m       
[33m.[39mpost([32m'/api/pr
oducts'[39m)[0m

      at Object.<anonymous> 
(tests/orders/order.test.ts:
69:45)

  ΓùÅ Order Management 
Tests ΓÇ║ GET 
/api/v1/orders/:id - Get 
Single Order Details ΓÇ║ 
Error Cases ΓÇ║ should 
return 400 for invalid 
order ID

    TypeError: Cannot read 
properties of undefined 
(reading '_id')

    [0m [90m 67 |[39m    
     category[33m:[39m [3
2m'electronics'[39m[33m,[
39m
     [90m 68 |[39m       
})[33m;[39m
    
[31m[1m>[22m[39m[90m 
69 |[39m     productId1 
[33m=[39m product1Response
[33m.[39mbody[33m.[39mda
ta[33m.[39m_id[33m;[39m
     [90m    |[39m        
                            
         
[31m[1m^[22m[39m
     [90m 70 |[39m
     [90m 71 |[39m     
[36mconst[39m 
product2Response 
[33m=[39m [36mawait[39m 
request(app)
     [90m 72 |[39m       
[33m.[39mpost([32m'/api/pr
oducts'[39m)[0m

      at Object.<anonymous> 
(tests/orders/order.test.ts:
69:45)

  ΓùÅ Order Management 
Tests ΓÇ║ GET 
/api/v1/orders/:id - Get 
Single Order Details ΓÇ║ 
Authentication (401) ΓÇ║ 
should reject request 
without authentication

    TypeError: Cannot read 
properties of undefined 
(reading '_id')

    [0m [90m 67 |[39m    
     category[33m:[39m [3
2m'electronics'[39m[33m,[
39m
     [90m 68 |[39m       
})[33m;[39m
    
[31m[1m>[22m[39m[90m 
69 |[39m     productId1 
[33m=[39m product1Response
[33m.[39mbody[33m.[39mda
ta[33m.[39m_id[33m;[39m
     [90m    |[39m        
                            
         
[31m[1m^[22m[39m
     [90m 70 |[39m
     [90m 71 |[39m     
[36mconst[39m 
product2Response 
[33m=[39m [36mawait[39m 
request(app)
     [90m 72 |[39m       
[33m.[39mpost([32m'/api/pr
oducts'[39m)[0m

      at Object.<anonymous> 
(tests/orders/order.test.ts:
69:45)

  ΓùÅ Order Management 
Tests ΓÇ║ Response Format 
Consistency ΓÇ║ should have 
consistent success response 
format for place order

    TypeError: Cannot read 
properties of undefined 
(reading '_id')

    [0m [90m 67 |[39m    
     category[33m:[39m [3
2m'electronics'[39m[33m,[
39m
     [90m 68 |[39m       
})[33m;[39m
    
[31m[1m>[22m[39m[90m 
69 |[39m     productId1 
[33m=[39m product1Response
[33m.[39mbody[33m.[39mda
ta[33m.[39m_id[33m;[39m
     [90m    |[39m        
                            
         
[31m[1m^[22m[39m
     [90m 70 |[39m
     [90m 71 |[39m     
[36mconst[39m 
product2Response 
[33m=[39m [36mawait[39m 
request(app)
     [90m 72 |[39m       
[33m.[39mpost([32m'/api/pr
oducts'[39m)[0m

      at Object.<anonymous> 
(tests/orders/order.test.ts:
69:45)

  ΓùÅ Order Management 
Tests ΓÇ║ Response Format 
Consistency ΓÇ║ should have 
consistent error response 
format

    TypeError: Cannot read 
properties of undefined 
(reading '_id')

    [0m [90m 67 |[39m    
     category[33m:[39m [3
2m'electronics'[39m[33m,[
39m
     [90m 68 |[39m       
})[33m;[39m
    
[31m[1m>[22m[39m[90m 
69 |[39m     productId1 
[33m=[39m product1Response
[33m.[39mbody[33m.[39mda
ta[33m.[39m_id[33m;[39m
     [90m    |[39m        
                            
         
[31m[1m^[22m[39m
     [90m 70 |[39m
     [90m 71 |[39m     
[36mconst[39m 
product2Response 
[33m=[39m [36mawait[39m 
request(app)
     [90m 72 |[39m       
[33m.[39mpost([32m'/api/pr
oducts'[39m)[0m

      at Object.<anonymous> 
(tests/orders/order.test.ts:
69:45)

  ΓùÅ Order Management 
Tests ΓÇ║ Response Format 
Consistency ΓÇ║ should have 
consistent paginated 
response format

    TypeError: Cannot read 
properties of undefined 
(reading '_id')

    [0m [90m 67 |[39m    
     category[33m:[39m [3
2m'electronics'[39m[33m,[
39m
     [90m 68 |[39m       
})[33m;[39m
    
[31m[1m>[22m[39m[90m 
69 |[39m     productId1 
[33m=[39m product1Response
[33m.[39mbody[33m.[39mda
ta[33m.[39m_id[33m;[39m
     [90m    |[39m        
                            
         
[31m[1m^[22m[39m
     [90m 70 |[39m
     [90m 71 |[39m     
[36mconst[39m 
product2Response 
[33m=[39m [36mawait[39m 
request(app)
     [90m 72 |[39m       
[33m.[39mpost([32m'/api/pr
oducts'[39m)[0m

      at Object.<anonymous> 
(tests/orders/order.test.ts:
69:45)

[0mPOST /api/v1/auth/login [33m400[0m 0.899 ms - 103[0m
PASS 
tests/auth/register.test.ts 
(7.838 s)
  POST 
/api/v1/auth/register - 
User Registration (User 
Story 1)
    Success Cases
      ΓêÜ should register a 
new user with valid 
credentials and return 201 
(229 ms)
      ΓêÜ should register 
user with explicit 
role=admin (115 ms)
      ΓêÜ should default 
role to "user" when role is 
not provided (112 ms)
      ΓêÜ should hash the 
password (not stored as 
plaintext) (102 ms)
    Email Validation (400 
Bad Request)
      ΓêÜ should reject 
invalid email format (13 ms)
      ΓêÜ should reject 
email without domain (7 ms)
      ΓêÜ should reject 
missing email (10 ms)
      ΓêÜ should reject 
duplicate email (400) (98 
ms)
    Username Validation 
(400 Bad Request)
      ΓêÜ should reject 
username with special 
characters (9 ms)
      ΓêÜ should reject 
username with spaces (8 ms)
      ΓêÜ should reject 
missing username (8 ms)
      ΓêÜ should accept 
valid alphanumeric username 
(83 ms)
      ΓêÜ should reject 
duplicate username (400) 
(95 ms)
    Password Validation 
(400 Bad Request)
      ΓêÜ should reject 
password shorter than 8 
characters (6 ms)
      ΓêÜ should reject 
password without uppercase 
letter (9 ms)
      ΓêÜ should reject 
password without lowercase 
letter (6 ms)
      ΓêÜ should reject 
password without number (7 
ms)
      ΓêÜ should reject 
password without special 
character (6 ms)
      ΓêÜ should reject 
missing password (6 ms)
      ΓêÜ should accept 
password meeting all 
requirements (370 ms)
    Response Format
      ΓêÜ should never 
return password in response 
(82 ms)
      ΓêÜ should return 
errors array for validation 
failures (8 ms)

[0mPOST /api/v1/auth/login [32m200[0m 75.899 ms - 529[0m
[0mPOST /api/v1/auth/login [33m401[0m 3.923 ms - 69[0m
[0mPOST /api/v1/auth/login [33m400[0m 1.341 ms - 145[0m
[0mPOST /api/v1/auth/login [32m200[0m 83.441 ms - 529[0m
[0mPOST /api/v1/auth/login [33m401[0m 82.096 ms - 69[0m
[0mPOST /api/v1/auth/login [33m401[0m 75.740 ms - 69[0m
[0mPOST /api/v1/auth/login [33m401[0m 87.588 ms - 69[0m
[0mPOST /api/v1/auth/login [33m401[0m 74.809 ms - 69[0m
[0mPOST /api/v1/auth/login [33m401[0m 76.970 ms - 69[0m
[0mPOST /api/v1/auth/login [32m200[0m 77.519 ms - 529[0m
[0mPOST /api/v1/auth/login [32m200[0m 83.442 ms - 529[0m
[0mPOST /api/v1/auth/login [32m200[0m 80.337 ms - 529[0m
[0mPOST /api/v1/auth/login [32m200[0m 74.584 ms - 529[0m
PASS 
tests/auth/login.test.ts 
(9.422 s)
  POST /api/v1/auth/login - 
User Login (User Story 2)
    Success Cases
      ΓêÜ should login with 
valid credentials and 
return 200 with JWT token 
(338 ms)
      ΓêÜ should login and 
JWT payload should contain 
userId, username, and role 
(169 ms)
      ΓêÜ should login 
admin user successfully 
(233 ms)
    Authentication Errors 
(401 Unauthorized)
      ΓêÜ should return 401 
for non-existent user (86 
ms)
      ΓêÜ should return 401 
for incorrect password (157 
ms)
      ΓêÜ should not reveal 
whether email exists 
(security) (163 ms)
    Input Validation (400 
Bad Request)
      ΓêÜ should reject 
login with invalid email 
format (122 ms)
      ΓêÜ should reject 
login without email (84 ms)
      ΓêÜ should reject 
login without password (86 
ms)
      ΓêÜ should reject 
login with empty body (81 
ms)
      ΓêÜ should reject 
email without @ symbol (79 
ms)
    Response Format
      ΓêÜ should never 
return password in login 
response (153 ms)
      ΓêÜ should have 
consistent error response 
structure (87 ms)
      ΓêÜ should return 
errors array for validation 
failures (91 ms)
    Password Hashing and 
Comparison
      ΓêÜ should correctly 
validate hashed password 
(173 ms)
      ΓêÜ should reject 
password with slight 
variation (498 ms)
    Email Case Sensitivity
      ΓêÜ should login with 
email regardless of case 
(407 ms)

----------------------------|---------|----------|---------|---------|----------------------------------------------------------------------------
File                        | % Stmts | % Branch | % Funcs | % Lines | Uncovered Line #s                                                          
----------------------------|---------|----------|---------|---------|----------------------------------------------------------------------------
All files                   |    51.6 |    24.37 |   45.81 |   50.66 |                                                                            
 src                        |   91.42 |       50 |      60 |   91.42 |                                                                            
  app.ts                    |   91.42 |       50 |      60 |   91.42 | 82,106-108                                                                 
 src/bootstrap              |   30.55 |        0 |    6.66 |   27.69 |                                                                            
  database.ts               |       0 |        0 |       0 |       0 | 1-46                                                                       
  dbSeeder.ts               |       0 |      100 |       0 |       0 | 6-24                                                                       
  redis.ts                  |   39.13 |        0 |   16.66 |   26.31 | 13-35,48-55                                                                
  routes.ts                 |   86.66 |      100 |       0 |   86.66 | 17,33                                                                      
 src/config                 |     100 |      100 |     100 |     100 |                                                                            
  index.ts                  |     100 |      100 |     100 |     100 |                                                                            
 src/controllers            |   40.69 |     18.3 |      50 |   40.69 |                                                                            
  BaseController.ts         |   40.67 |    33.33 |      30 |   40.67 | 49,64,89-189                                                               
  order.controller.ts       |   14.73 |        0 |   16.66 |   14.73 | 40-247                                                                     
  product.controller.ts     |   57.69 |    21.73 |     100 |   57.69 | 44-54,65,70-72,83-85,89-91,97-104,111,129,135,140,153,164,177,188          
  user.controller.ts        |   84.61 |      100 |     100 |   84.61 | 45-46,66-67                                                                
 src/helpers                |    59.4 |    32.14 |      50 |   59.59 |                                                                            
  asyncHandler.ts           |     100 |      100 |     100 |     100 |                                                                            
  index.ts                  |     100 |      100 |     100 |     100 |                                                                            
  multer.helper.ts          |   55.91 |    32.14 |   45.45 |   56.52 | 12,34-35,77-78,126-138,153-167,228-267                                     
 src/helpers/messages       |   66.66 |        0 |       0 |      60 |                                                                            
  error-messages.ts         |      80 |        0 |       0 |      75 | 67                                                                         
  messages.ts               |       0 |      100 |     100 |       0 | 4-5                                                                        
  success-messages.ts       |      80 |        0 |       0 |      75 | 46                                                                         
 src/helpers/responses      |   75.86 |    32.07 |   58.62 |   71.42 |                                                                            
  error-response.ts         |   69.44 |    27.02 |      45 |   63.33 | 31,38,59,87,99-112,139,157-175                                             
  responses.ts              |       0 |      100 |     100 |       0 | 4-5                                                                        
  success-response.ts       |      95 |    43.75 |   88.88 |   94.11 | 108                                                                        
 src/middlewares            |   46.15 |    18.75 |      35 |   42.14 |                                                                            
  auth.middleware.ts        |   59.32 |    28.57 |      80 |   56.36 | 19,26,37,43-44,64-65,79,103-136                                            
  cache.middleware.ts       |      30 |    11.11 |      20 |   23.63 | 14-29,40-41,52-83,93-109,117,124,131-141                                   
  rateLimiter.middleware.ts |   63.63 |      100 |      20 |   63.63 | 25,49,73,97                                                                
 src/models                 |    65.3 |        0 |      20 |   66.66 |                                                                            
  order.model.ts            |      50 |        0 |       0 |   52.17 | 92-99,119,126-139                                                          
  product.model.ts          |   85.71 |      100 |      50 |   85.71 | 81-82                                                                      
  user.model.ts             |   72.72 |      100 |      50 |   72.72 | 61-63                                                                      
 src/repositories           |   45.67 |    32.81 |   55.17 |   45.67 |                                                                            
  BaseRepository.ts         |   45.04 |    40.47 |   53.84 |   45.04 | 56,76-77,94-97,102,122-123,174-175,202-203,218,233,247-248,263,273,286-463 
  order.repository.ts       |   20.58 |        0 |      20 |   20.58 | 26-145                                                                     
  product.repository.ts     |   30.43 |        0 |      25 |   30.43 | 25-83                                                                      
  user.repository.ts        |    77.5 |    57.14 |     100 |    77.5 | 29-30,52-53,90-91,106-107,124                                              
 src/routes                 |     100 |      100 |     100 |     100 |                                                                            
  auth.routes.ts            |     100 |      100 |     100 |     100 |                                                                            
  order.routes.ts           |     100 |      100 |     100 |     100 |                                                                            
  product.routes.ts         |     100 |      100 |     100 |     100 |                                                                            
 src/services               |   41.13 |       25 |      50 |   41.13 |                                                                            
  BaseService.ts            |   66.66 |      100 |      50 |   66.66 | 21                                                                         
  order.service.ts          |   10.44 |        0 |   16.66 |   10.44 | 32-211                                                                     
  product.service.ts        |   49.05 |    42.85 |   57.14 |   49.05 | 34,39-40,61,66-120,140,145-160                                             
  user.service.ts           |   85.71 |       80 |     100 |   85.71 | 39,57-58,99-100                                                            
 src/validators             |     100 |      100 |     100 |     100 |                                                                            
  middleware.ts             |     100 |      100 |     100 |     100 |                                                                            
 src/validators/schemas     |     100 |      100 |     100 |     100 |                                                                            
  auth.validator.ts         |     100 |      100 |     100 |     100 |                                                                            
  order.validator.ts        |     100 |      100 |     100 |     100 |                                                                            
  product.validator.ts      |     100 |      100 |     100 |     100 |                                                                            
----------------------------|---------|----------|---------|---------|----------------------------------------------------------------------------
Test Suites: 1 failed, 3 
passed, 4 total
Tests:       37 failed, 71 
passed, 108 total
Snapshots:   0 total
Time:        13.669 s
Ran all test suites.
